--------- beginning of main
09-12 11:04:48.674 14474 14474 I 82.zerohourgame: Late-enabling -Xcheck:jni
09-12 11:04:48.684 14474 14474 I 82.zerohourgame: Using CollectorTypeCMC GC.
09-12 11:04:48.684 14474 14474 W 82.zerohourgame: Unexpected CPU variant for x86: x86_64.
09-12 11:04:48.684 14474 14474 W 82.zerohourgame: Known variants: atom, sandybridge, silvermont, goldmont, goldmont-plus, goldmont-without-sha-xsaves, tremont, kabylake, default
09-12 11:04:48.693 14474 14474 D nativeloader: Load libframework-connectivity-tiramisu-jni.so using APEX ns com_android_tethering for caller /apex/com.android.tethering/javalib/framework-connectivity-t.jar: ok
09-12 11:04:48.714 14474 14474 W ziparchive: Unable to open '/data/app/~~DZgPaqhaF-vWdfOYPsOF3A==/com.jungih4982.zerohourgame-MxyEAOKXhaNhJTHojQ2a4g==/base.dm': No such file or directory
09-12 11:04:48.714 14474 14474 W ziparchive: Unable to open '/data/app/~~DZgPaqhaF-vWdfOYPsOF3A==/com.jungih4982.zerohourgame-MxyEAOKXhaNhJTHojQ2a4g==/base.dm': No such file or directory
09-12 11:04:48.855 14474 14474 D nativeloader: Configuring clns-7 for other apk /data/app/~~DZgPaqhaF-vWdfOYPsOF3A==/com.jungih4982.zerohourgame-MxyEAOKXhaNhJTHojQ2a4g==/base.apk. target_sdk_version=36, uses_libraries=, library_path=/data/app/~~DZgPaqhaF-vWdfOYPsOF3A==/com.jungih4982.zerohourgame-MxyEAOKXhaNhJTHojQ2a4g==/lib/x86_64:/data/app/~~DZgPaqhaF-vWdfOYPsOF3A==/com.jungih4982.zerohourgame-MxyEAOKXhaNhJTHojQ2a4g==/base.apk!/lib/x86_64, permitted_path=/data:/mnt/expand:/data/user/0/com.jungih4982.zerohourgame
09-12 11:04:48.867 14474 14474 V GraphicsEnvironment: Currently set values for:
09-12 11:04:48.867 14474 14474 V GraphicsEnvironment:   angle_gl_driver_selection_pkgs=[]
09-12 11:04:48.867 14474 14474 V GraphicsEnvironment:   angle_gl_driver_selection_values=[]
09-12 11:04:48.867 14474 14474 V GraphicsEnvironment: Global.Settings values are invalid: number of packages: 0, number of values: 0
09-12 11:04:48.867 14474 14474 V GraphicsEnvironment: Neither updatable production driver nor prerelease driver is supported.
09-12 11:04:49.065 14474 14474 W SoLoader: Initializing SoLoader: 0
09-12 11:04:49.067 14474 14474 W SoLoader: Recording new base apk path: /data/app/~~DZgPaqhaF-vWdfOYPsOF3A==/com.jungih4982.zerohourgame-MxyEAOKXhaNhJTHojQ2a4g==/base.apk
09-12 11:04:49.067 14474 14474 W SoLoader: Previously recorded 0 base apk paths.
09-12 11:04:49.069 14474 14474 I SoLoader: Preparing SO source: DirectorySoSource[root = /vendor/lib64 flags = 2]
09-12 11:04:49.069 14474 14474 I SoLoader: Preparing SO source: DirectorySoSource[root = /system/lib64 flags = 2]
09-12 11:04:49.069 14474 14474 I SoLoader: Preparing SO source: DirectApkSoSource[root = [/data/app/~~DZgPaqhaF-vWdfOYPsOF3A==/com.jungih4982.zerohourgame-MxyEAOKXhaNhJTHojQ2a4g==/base.apk!/lib/x86_64]]
09-12 11:04:49.105 14474 14474 I SoLoader: Preparing SO source: ApplicationSoSource[DirectorySoSource[root = /data/app/~~DZgPaqhaF-vWdfOYPsOF3A==/com.jungih4982.zerohourgame-MxyEAOKXhaNhJTHojQ2a4g==/lib/x86_64 flags = 0]]
09-12 11:04:49.105 14474 14474 I SoLoader: init finish: 4 SO sources prepared
09-12 11:04:49.108 14474 14474 W SoLoader: SoLoader initialized: 8
09-12 11:04:49.129 14474 14474 D nativeloader: Load /data/app/~~DZgPaqhaF-vWdfOYPsOF3A==/com.jungih4982.zerohourgame-MxyEAOKXhaNhJTHojQ2a4g==/base.apk!/lib/x86_64/libc++_shared.so using ns clns-7 from class loader (caller=/data/app/~~DZgPaqhaF-vWdfOYPsOF3A==/com.jungih4982.zerohourgame-MxyEAOKXhaNhJTHojQ2a4g==/base.apk): ok
09-12 11:04:49.132 14474 14474 D nativeloader: Load /data/app/~~DZgPaqhaF-vWdfOYPsOF3A==/com.jungih4982.zerohourgame-MxyEAOKXhaNhJTHojQ2a4g==/base.apk!/lib/x86_64/libjsi.so using ns clns-7 from class loader (caller=/data/app/~~DZgPaqhaF-vWdfOYPsOF3A==/com.jungih4982.zerohourgame-MxyEAOKXhaNhJTHojQ2a4g==/base.apk): ok
09-12 11:04:49.135 14474 14474 D nativeloader: Load /data/app/~~DZgPaqhaF-vWdfOYPsOF3A==/com.jungih4982.zerohourgame-MxyEAOKXhaNhJTHojQ2a4g==/base.apk!/lib/x86_64/libfbjni.so using ns clns-7 from class loader (caller=/data/app/~~DZgPaqhaF-vWdfOYPsOF3A==/com.jungih4982.zerohourgame-MxyEAOKXhaNhJTHojQ2a4g==/base.apk): ok
09-12 11:04:49.139 14474 14474 D nativeloader: Load /data/app/~~DZgPaqhaF-vWdfOYPsOF3A==/com.jungih4982.zerohourgame-MxyEAOKXhaNhJTHojQ2a4g==/base.apk!/lib/x86_64/libreactnative.so using ns clns-7 from class loader (caller=/data/app/~~DZgPaqhaF-vWdfOYPsOF3A==/com.jungih4982.zerohourgame-MxyEAOKXhaNhJTHojQ2a4g==/base.apk): ok
09-12 11:04:49.139 14474 14474 D jni_lib_merge: Entering merged library JNI_OnLoad.
09-12 11:04:49.139 14474 14474 D jni_lib_merge: Preparing 12 pre-merged libs (including stub)
09-12 11:04:49.139 14474 14474 D jni_lib_merge: Preparing to register libfabricjni_so.  onload_func: 0x7919c64ba550
09-12 11:04:49.139 14474 14474 D jni_lib_merge: Preparing to register libreact_devsupportjni_so.  onload_func: 0x7919c66a7c30
09-12 11:04:49.139 14474 14474 D jni_lib_merge: Preparing to register libreact_featureflagsjni_so.  onload_func: 0x7919c66b5780
09-12 11:04:49.139 14474 14474 D jni_lib_merge: Preparing to register libreact_newarchdefaults_so.  onload_func: 0x7919c671a1f0
09-12 11:04:49.139 14474 14474 D jni_lib_merge: Preparing to register libreactnativeblob_so.  onload_func: 0x7919c6902400
09-12 11:04:49.139 14474 14474 D jni_lib_merge: Preparing to register libreactnativejni_so.  onload_func: 0x7919c694ccb0
09-12 11:04:49.139 14474 14474 D jni_lib_merge: Preparing to register libreactnativejni_common_so.  onload_func: 0x7919c695cab0
09-12 11:04:49.139 14474 14474 D jni_lib_merge: Preparing to register librninstance_so.  onload_func: 0x7919c69a2920
09-12 11:04:49.139 14474 14474 D jni_lib_merge: Preparing to register libturbomodulejsijni_so.  onload_func: 0x7919c6ac16a0
09-12 11:04:49.139 14474 14474 D jni_lib_merge: Preparing to register libuimanagerjni_so.  onload_func: 0x7919c6ad9920
09-12 11:04:49.139 14474 14474 D jni_lib_merge: Preparing to register libyoga_so.  onload_func: 0x7919c6ae88b0
09-12 11:04:49.139 14474 14474 D jni_lib_merge: About to register 11 actual methods.
09-12 11:04:49.146 14474 14474 D nativeloader: Load /data/app/~~DZgPaqhaF-vWdfOYPsOF3A==/com.jungih4982.zerohourgame-MxyEAOKXhaNhJTHojQ2a4g==/base.apk!/lib/x86_64/libreact_codegen_rnsvg.so using ns clns-7 from class loader (caller=/data/app/~~DZgPaqhaF-vWdfOYPsOF3A==/com.jungih4982.zerohourgame-MxyEAOKXhaNhJTHojQ2a4g==/base.apk): ok
09-12 11:04:49.146 14474 14474 D jni_lib_merge: Entering merged library JNI_OnLoad.
09-12 11:04:49.146 14474 14474 D jni_lib_merge: Preparing 12 pre-merged libs (including stub)
09-12 11:04:49.146 14474 14474 D jni_lib_merge: Preparing to register libfabricjni_so.  onload_func: 0x7919c64ba550
09-12 11:04:49.146 14474 14474 D jni_lib_merge: Preparing to register libreact_devsupportjni_so.  onload_func: 0x7919c66a7c30
09-12 11:04:49.146 14474 14474 D jni_lib_merge: Preparing to register libreact_featureflagsjni_so.  onload_func: 0x7919c66b5780
09-12 11:04:49.146 14474 14474 D jni_lib_merge: Preparing to register libreact_newarchdefaults_so.  onload_func: 0x7919c671a1f0
09-12 11:04:49.147 14474 14474 D jni_lib_merge: Preparing to register libreactnativeblob_so.  onload_func: 0x7919c6902400
09-12 11:04:49.147 14474 14474 D jni_lib_merge: Preparing to register libreactnativejni_so.  onload_func: 0x7919c694ccb0
09-12 11:04:49.147 14474 14474 D jni_lib_merge: Preparing to register libreactnativejni_common_so.  onload_func: 0x7919c695cab0
09-12 11:04:49.147 14474 14474 D jni_lib_merge: Preparing to register librninstance_so.  onload_func: 0x7919c69a2920
09-12 11:04:49.147 14474 14474 D jni_lib_merge: Preparing to register libturbomodulejsijni_so.  onload_func: 0x7919c6ac16a0
09-12 11:04:49.147 14474 14474 D jni_lib_merge: Preparing to register libuimanagerjni_so.  onload_func: 0x7919c6ad9920
09-12 11:04:49.147 14474 14474 D jni_lib_merge: Preparing to register libyoga_so.  onload_func: 0x7919c6ae88b0
09-12 11:04:49.147 14474 14474 D jni_lib_merge: About to register 11 actual methods.
09-12 11:04:49.149 14474 14474 D nativeloader: Load /data/app/~~DZgPaqhaF-vWdfOYPsOF3A==/com.jungih4982.zerohourgame-MxyEAOKXhaNhJTHojQ2a4g==/base.apk!/lib/x86_64/libreact_codegen_safeareacontext.so using ns clns-7 from class loader (caller=/data/app/~~DZgPaqhaF-vWdfOYPsOF3A==/com.jungih4982.zerohourgame-MxyEAOKXhaNhJTHojQ2a4g==/base.apk): ok
09-12 11:04:49.150 14474 14474 D nativeloader: Load /data/app/~~DZgPaqhaF-vWdfOYPsOF3A==/com.jungih4982.zerohourgame-MxyEAOKXhaNhJTHojQ2a4g==/base.apk!/lib/x86_64/libappmodules.so using ns clns-7 from class loader (caller=/data/app/~~DZgPaqhaF-vWdfOYPsOF3A==/com.jungih4982.zerohourgame-MxyEAOKXhaNhJTHojQ2a4g==/base.apk): ok
09-12 11:04:49.244 14474 14474 D AppCompatDelegate: Checking for metadata for AppLocalesMetadataHolderService : Service not found
09-12 11:04:49.426 14474 14474 W unknown:BridgelessReact: ReactHost{0}.startSurface(surfaceId = 0): Schedule
09-12 11:04:49.426 14474 14474 W unknown:BridgelessReact: ReactHost{0}.attachSurface(surfaceId = 0)
09-12 11:04:49.427 14474 14498 W unknown:BridgelessReact: ReactHost{0}.getOrCreateReactInstanceTask()
09-12 11:04:49.427 14474 14498 W unknown:BridgelessReact: ReactHost{0}.getOrCreateReactInstanceTask(): Start
09-12 11:04:49.427 14474 14498 W unknown:BridgelessReact: ReactHost{0}.getJSBundleLoader()
09-12 11:04:49.427 14474 14498 W unknown:BridgelessReact: ReactHost{0}.isMetroRunning()
09-12 11:04:49.447 14474 14500 D TrafficStats: tagSocket(96) with statsTag=0xffffffff, statsUid=-1
09-12 11:04:49.448 14474 14499 D TrafficStats: tagSocket(98) with statsTag=0xffffffff, statsUid=-1
09-12 11:04:49.454 14474 14474 W 82.zerohourgame: Accessing hidden method Landroid/view/ViewGroup;->makeOptionalFitsSystemWindows()V (unsupported, reflection, allowed)
09-12 11:04:49.461 14474 14474 W unknown:BridgelessReact: ReactHost{0}.onHostResume(activity)
09-12 11:04:49.461 14474 14474 W unknown:ReactNative: Packager connection already open, nooping.
09-12 11:04:49.468 14474 14474 W HWUI    : Unknown dataspace 0
09-12 11:04:49.495 14474 14490 I EGL_emulation: Opening libGLESv1_CM_emulation.so
09-12 11:04:49.495 14474 14490 I EGL_emulation: Opening libGLESv2_emulation.so
09-12 11:04:49.511 14474 14490 W HWUI    : Failed to choose config with EGL_SWAP_BEHAVIOR_PRESERVED, retrying without...
09-12 11:04:49.512 14474 14490 W HWUI    : Failed to initialize 101010-2 format, error = EGL_SUCCESS
09-12 11:04:49.575 14474 14490 I Gralloc4: mapper 4.x is not supported
09-12 11:04:49.645 14474 14474 W unknown:BridgelessReact: ReactHost{0}.raiseSoftException(onWindowFocusChange(hasFocus = "true")): Tried to access onWindowFocusChange while context is not ready
09-12 11:04:49.647 14474 14474 E unknown:ReactHost: Unhandled SoftException
09-12 11:04:49.647 14474 14474 E unknown:ReactHost: com.facebook.react.bridge.ReactNoCrashSoftException: raiseSoftException(onWindowFocusChange(hasFocus = "true")): Tried to access onWindowFocusChange while context is not ready
09-12 11:04:49.647 14474 14474 E unknown:ReactHost: 	at com.facebook.react.runtime.ReactHostImpl.raiseSoftException(ReactHostImpl.kt:787)
09-12 11:04:49.647 14474 14474 E unknown:ReactHost: 	at com.facebook.react.runtime.ReactHostImpl.raiseSoftException$default(ReactHostImpl.kt:779)
09-12 11:04:49.647 14474 14474 E unknown:ReactHost: 	at com.facebook.react.runtime.ReactHostImpl.onWindowFocusChange(ReactHostImpl.kt:589)
09-12 11:04:49.647 14474 14474 E unknown:ReactHost: 	at com.facebook.react.ReactDelegate.onWindowFocusChanged(ReactDelegate.kt:217)
09-12 11:04:49.647 14474 14474 E unknown:ReactHost: 	at com.facebook.react.ReactActivityDelegate.onWindowFocusChanged(ReactActivityDelegate.java:236)
09-12 11:04:49.647 14474 14474 E unknown:ReactHost: 	at expo.modules.ReactActivityDelegateWrapper$onWindowFocusChanged$1.invokeSuspend(ReactActivityDelegateWrapper.kt:353)
09-12 11:04:49.647 14474 14474 E unknown:ReactHost: 	at expo.modules.ReactActivityDelegateWrapper$onWindowFocusChanged$1.invoke(Unknown Source:8)
09-12 11:04:49.647 14474 14474 E unknown:ReactHost: 	at expo.modules.ReactActivityDelegateWrapper$onWindowFocusChanged$1.invoke(Unknown Source:4)
09-12 11:04:49.647 14474 14474 E unknown:ReactHost: 	at expo.modules.ReactActivityDelegateWrapper$launchLifecycleScopeWithLock$1.invokeSuspend(ReactActivityDelegateWrapper.kt:485)
09-12 11:04:49.647 14474 14474 E unknown:ReactHost: 	at kotlin.coroutines.jvm.internal.BaseContinuationImpl.resumeWith(ContinuationImpl.kt:33)
09-12 11:04:49.647 14474 14474 E unknown:ReactHost: 	at kotlinx.coroutines.internal.DispatchedContinuationKt.resumeCancellableWith(DispatchedContinuation.kt:367)
09-12 11:04:49.647 14474 14474 E unknown:ReactHost: 	at kotlinx.coroutines.intrinsics.CancellableKt.startCoroutineCancellable(Cancellable.kt:30)
09-12 11:04:49.647 14474 14474 E unknown:ReactHost: 	at kotlinx.coroutines.intrinsics.CancellableKt.startCoroutineCancellable$default(Cancellable.kt:25)
09-12 11:04:49.647 14474 14474 E unknown:ReactHost: 	at kotlinx.coroutines.CoroutineStart.invoke(CoroutineStart.kt:110)
09-12 11:04:49.647 14474 14474 E unknown:ReactHost: 	at kotlinx.coroutines.AbstractCoroutine.start(AbstractCoroutine.kt:126)
09-12 11:04:49.647 14474 14474 E unknown:ReactHost: 	at kotlinx.coroutines.BuildersKt__Builders_commonKt.launch(Builders.common.kt:56)
09-12 11:04:49.647 14474 14474 E unknown:ReactHost: 	at kotlinx.coroutines.BuildersKt.launch(Unknown Source:1)
09-12 11:04:49.647 14474 14474 E unknown:ReactHost: 	at kotlinx.coroutines.BuildersKt__Builders_commonKt.launch$default(Builders.common.kt:47)
09-12 11:04:49.647 14474 14474 E unknown:ReactHost: 	at kotlinx.coroutines.BuildersKt.launch$default(Unknown Source:1)
09-12 11:04:49.647 14474 14474 E unknown:ReactHost: 	at expo.modules.ReactActivityDelegateWrapper.launchLifecycleScopeWithLock(ReactActivityDelegateWrapper.kt:483)
09-12 11:04:49.647 14474 14474 E unknown:ReactHost: 	at expo.modules.ReactActivityDelegateWrapper.launchLifecycleScopeWithLock$default(ReactActivityDelegateWrapper.kt:479)
09-12 11:04:49.647 14474 14474 E unknown:ReactHost: 	at expo.modules.ReactActivityDelegateWrapper.onWindowFocusChanged(ReactActivityDelegateWrapper.kt:351)
09-12 11:04:49.647 14474 14474 E unknown:ReactHost: 	at com.facebook.react.ReactActivity.onWindowFocusChanged(ReactActivity.java:158)
09-12 11:04:49.647 14474 14474 E unknown:ReactHost: 	at com.jungih4982.zerohourgame.MainActivity.onWindowFocusChanged(MainActivity.kt:26)
09-12 11:04:49.647 14474 14474 E unknown:ReactHost: 	at androidx.appcompat.view.WindowCallbackWrapper.onWindowFocusChanged(WindowCallbackWrapper.java:124)
09-12 11:04:49.647 14474 14474 E unknown:ReactHost: 	at com.android.internal.policy.DecorView.onWindowFocusChanged(DecorView.java:1772)
09-12 11:04:49.647 14474 14474 E unknown:ReactHost: 	at android.view.View.dispatchWindowFocusChanged(View.java:16743)
09-12 11:04:49.647 14474 14474 E unknown:ReactHost: 	at android.view.ViewGroup.dispatchWindowFocusChanged(ViewGroup.java:1505)
09-12 11:04:49.647 14474 14474 E unknown:ReactHost: 	at android.view.ViewRootImpl.dispatchFocusEvent(ViewRootImpl.java:4697)
09-12 11:04:49.647 14474 14474 E unknown:ReactHost: 	at android.view.ViewRootImpl.handleWindowFocusChanged(ViewRootImpl.java:4601)
09-12 11:04:49.647 14474 14474 E unknown:ReactHost: 	at android.view.ViewRootImpl.-$$Nest$mhandleWindowFocusChanged(Unknown Source:0)
09-12 11:04:49.647 14474 14474 E unknown:ReactHost: 	at android.view.ViewRootImpl$ViewRootHandler.handleMessageImpl(ViewRootImpl.java:6773)
09-12 11:04:49.647 14474 14474 E unknown:ReactHost: 	at android.view.ViewRootImpl$ViewRootHandler.handleMessage(ViewRootImpl.java:6683)
09-12 11:04:49.647 14474 14474 E unknown:ReactHost: 	at android.os.Handler.dispatchMessage(Handler.java:107)
09-12 11:04:49.647 14474 14474 E unknown:ReactHost: 	at android.os.Looper.loopOnce(Looper.java:232)
09-12 11:04:49.647 14474 14474 E unknown:ReactHost: 	at android.os.Looper.loop(Looper.java:317)
09-12 11:04:49.647 14474 14474 E unknown:ReactHost: 	at android.app.ActivityThread.main(ActivityThread.java:8705)
09-12 11:04:49.647 14474 14474 E unknown:ReactHost: 	at java.lang.reflect.Method.invoke(Native Method)
09-12 11:04:49.647 14474 14474 E unknown:ReactHost: 	at com.android.internal.os.RuntimeInit$MethodAndArgsCaller.run(RuntimeInit.java:580)
09-12 11:04:49.647 14474 14474 E unknown:ReactHost: 	at com.android.internal.os.ZygoteInit.main(ZygoteInit.java:886)
09-12 11:04:49.717 14474 14479 I 82.zerohourgame: Compiler allocated 5174KB to compile void android.view.ViewRootImpl.performTraversals()
09-12 11:04:50.119 14474 14500 W unknown:BridgelessReact: ReactHost{0}.isMetroRunning(): Async result = true
09-12 11:04:50.119 14474 14498 W unknown:BridgelessReact: ReactHost{0}.loadJSBundleFromMetro()
09-12 11:04:50.134 14474 14479 I 82.zerohourgame: Compiler allocated 4219KB to compile void android.widget.TextView.<init>(android.content.Context, android.util.AttributeSet, int, int)
09-12 11:04:51.162 14474 14510 W InteractionJankMonitor: Initializing without READ_DEVICE_CONFIG permission. enabled=false, interval=1, missedFrameThreshold=3, frameTimeThreshold=64, package=com.jungih4982.zerohourgame
09-12 11:04:51.380 14474 14500 W unknown:BridgelessReact: ReactHost{0}.loadJSBundleFromMetro(): Creating BundleLoader
09-12 11:04:51.382 14474 14498 W unknown:BridgelessReact: ReactHost{0}.getOrCreateReactContext(): Creating BridgelessReactContext
09-12 11:04:51.382 14474 14474 W WindowOnBackDispatcher: sendCancelIfRunning: isInProgress=false callback=android.view.ViewRootImpl$$ExternalSyntheticLambda11@27cd258
09-12 11:04:51.386 14474 14498 W unknown:BridgelessReact: ReactHost{0}.getOrCreateReactInstanceTask(): Creating ReactInstance
09-12 11:04:51.408 14474 14516 D TrafficStats: tagSocket(128) with statsTag=0xffffffff, statsUid=-1
09-12 11:04:51.414 14474 14498 D nativeloader: Load /data/app/~~DZgPaqhaF-vWdfOYPsOF3A==/com.jungih4982.zerohourgame-MxyEAOKXhaNhJTHojQ2a4g==/base.apk!/lib/x86_64/libhermes.so using ns clns-7 from class loader (caller=/data/app/~~DZgPaqhaF-vWdfOYPsOF3A==/com.jungih4982.zerohourgame-MxyEAOKXhaNhJTHojQ2a4g==/base.apk): ok
09-12 11:04:51.414 14474 14498 D nativeloader: Load /data/app/~~DZgPaqhaF-vWdfOYPsOF3A==/com.jungih4982.zerohourgame-MxyEAOKXhaNhJTHojQ2a4g==/base.apk!/lib/x86_64/libhermestooling.so using ns clns-7 from class loader (caller=/data/app/~~DZgPaqhaF-vWdfOYPsOF3A==/com.jungih4982.zerohourgame-MxyEAOKXhaNhJTHojQ2a4g==/base.apk): ok
09-12 11:04:51.415 14474 14498 D jni_lib_merge: Entering merged library JNI_OnLoad.
09-12 11:04:51.415 14474 14498 D jni_lib_merge: Preparing 4 pre-merged libs (including stub)
09-12 11:04:51.415 14474 14498 D jni_lib_merge: Preparing to register libhermes_executor_so.  onload_func: 0x7919be96ace0
09-12 11:04:51.415 14474 14498 D jni_lib_merge: Preparing to register libhermesinstancejni_so.  onload_func: 0x7919be99d700
09-12 11:04:51.415 14474 14498 D jni_lib_merge: Preparing to register libjsijniprofiler_so.  onload_func: 0x7919be99f470
09-12 11:04:51.415 14474 14498 D jni_lib_merge: About to register 3 actual methods.
09-12 11:04:51.448 14474 14498 D nativeloader: Load /data/app/~~DZgPaqhaF-vWdfOYPsOF3A==/com.jungih4982.zerohourgame-MxyEAOKXhaNhJTHojQ2a4g==/base.apk!/lib/x86_64/libexpo-av.so using ns clns-7 from class loader (caller=/data/app/~~DZgPaqhaF-vWdfOYPsOF3A==/com.jungih4982.zerohourgame-MxyEAOKXhaNhJTHojQ2a4g==/base.apk!classes20.dex): ok
09-12 11:04:51.568 14474 14498 I ExpoModulesCore: ✅ AppContext was initialized
09-12 11:04:51.601 14474 14498 W unknown:BridgelessReact: ReactHost{0}.getOrCreateReactInstanceTask(): Loading JS Bundle
09-12 11:04:51.602 14474 14498 W unknown:BridgelessReact: ReactHost{0}.getOrCreateReactInstanceTask(): Calling DevSupportManagerBase.onNewReactContextCreated(reactContext)
09-12 11:04:51.605 14474 14474 W unknown:ReactNative: Packager connection already open, nooping.
09-12 11:04:51.605 14474 14498 W unknown:BridgelessReact: ReactHost{0}.startSurface(surfaceId = 0): Execute
09-12 11:04:51.605 14474 14474 W unknown:BridgelessReact: ReactContext.onHostResume()
09-12 11:04:51.612 14474 14474 W unknown:BridgelessReact: ReactHost{0}.getOrCreateReactInstanceTask(): Executing ReactInstanceEventListeners
09-12 11:04:51.760 14474 14515 I WebViewFactory: Loading com.google.android.webview version 124.0.6367.219 (code 636771938)
--------- beginning of system
09-12 11:04:51.763 14474 14515 V ResourcesManager: The following library key has been added: ResourcesKey{ mHash=c57bd077 mResDir=null mSplitDirs=[] mOverlayDirs=[/product/overlay/EmulationPixel8/EmulationPixel8Overlay.apk,/product/overlay/NavigationBarModeGestural/NavigationBarModeGesturalOverlay.apk] mLibDirs=[/data/app/~~CLZO-G6gq5NhvEpPyc1Mdw==/com.google.android.webview-VoKY_O7jYdWUoemQkAGMnw==/WebViewGoogle.apk,/data/app/~~V6XiQ3m1nzVX0dwxXHOybA==/com.google.android.trichromelibrary_636771938-oUHBS8RFTIt03l_UB-vM3w==/TrichromeLibrary.apk,/system_ext/framework/androidx.window.extensions.jar] mDisplayId=0 mOverrideConfig=v35 mCompatInfo={420dpi always-compat} mLoaders=[]}
09-12 11:04:51.765 14474 14515 W ziparchive: Unable to open '/data/app/~~V6XiQ3m1nzVX0dwxXHOybA==/com.google.android.trichromelibrary_636771938-oUHBS8RFTIt03l_UB-vM3w==/TrichromeLibrary.dm': No such file or directory
09-12 11:04:51.766 14474 14515 W ziparchive: Unable to open '/data/app/~~V6XiQ3m1nzVX0dwxXHOybA==/com.google.android.trichromelibrary_636771938-oUHBS8RFTIt03l_UB-vM3w==/TrichromeLibrary.dm': No such file or directory
09-12 11:04:51.766 14474 14515 W 82.zerohourgame: Entry not found
09-12 11:04:51.767 14474 14515 D nativeloader: Configuring clns-8 for other apk /data/app/~~V6XiQ3m1nzVX0dwxXHOybA==/com.google.android.trichromelibrary_636771938-oUHBS8RFTIt03l_UB-vM3w==/TrichromeLibrary.apk. target_sdk_version=34, uses_libraries=ALL, library_path=/data/app/~~CLZO-G6gq5NhvEpPyc1Mdw==/com.google.android.webview-VoKY_O7jYdWUoemQkAGMnw==/lib/x86_64:/data/app/~~CLZO-G6gq5NhvEpPyc1Mdw==/com.google.android.webview-VoKY_O7jYdWUoemQkAGMnw==/WebViewGoogle.apk!/lib/x86_64:/data/app/~~V6XiQ3m1nzVX0dwxXHOybA==/com.google.android.trichromelibrary_636771938-oUHBS8RFTIt03l_UB-vM3w==/TrichromeLibrary.apk!/lib/x86_64, permitted_path=/data:/mnt/expand
09-12 11:04:51.769 14474 14515 D ApplicationLoaders: Returning zygote-cached class loader: /system_ext/framework/androidx.window.extensions.jar
09-12 11:04:51.771 14474 14515 D nativeloader: Configuring clns-9 for other apk /data/app/~~CLZO-G6gq5NhvEpPyc1Mdw==/com.google.android.webview-VoKY_O7jYdWUoemQkAGMnw==/WebViewGoogle.apk. target_sdk_version=34, uses_libraries=, library_path=/data/app/~~CLZO-G6gq5NhvEpPyc1Mdw==/com.google.android.webview-VoKY_O7jYdWUoemQkAGMnw==/lib/x86_64:/data/app/~~CLZO-G6gq5NhvEpPyc1Mdw==/com.google.android.webview-VoKY_O7jYdWUoemQkAGMnw==/WebViewGoogle.apk!/lib/x86_64:/data/app/~~V6XiQ3m1nzVX0dwxXHOybA==/com.google.android.trichromelibrary_636771938-oUHBS8RFTIt03l_UB-vM3w==/TrichromeLibrary.apk!/lib/x86_64, permitted_path=/data:/mnt/expand
09-12 11:04:51.785 14474 14515 I cr_WVCFactoryProvider: Loaded version=124.0.6367.219 minSdkVersion=29 isBundle=false multiprocess=true packageId=2
09-12 11:04:51.791 14474 14515 D nativeloader: Load /data/app/~~V6XiQ3m1nzVX0dwxXHOybA==/com.google.android.trichromelibrary_636771938-oUHBS8RFTIt03l_UB-vM3w==/TrichromeLibrary.apk!/lib/x86_64/libmonochrome_64.so using ns clns-9 from class loader (caller=/data/app/~~CLZO-G6gq5NhvEpPyc1Mdw==/com.google.android.webview-VoKY_O7jYdWUoemQkAGMnw==/WebViewGoogle.apk): ok
09-12 11:04:51.793 14474 14515 D nativeloader: Load /system/lib64/libwebviewchromium_plat_support.so using ns clns-9 from class loader (caller=/data/app/~~CLZO-G6gq5NhvEpPyc1Mdw==/com.google.android.webview-VoKY_O7jYdWUoemQkAGMnw==/WebViewGoogle.apk): ok
09-12 11:04:51.795 14474 14525 E chromium: [0912/110451.795658:ERROR:variations_seed_loader.cc(37)] Seed missing signature.
09-12 11:04:51.795 14474 14525 I chromium: [0912/110451.795842:INFO:variations_seed_loader.cc(66)] Failed to open file for reading.: No such file or directory (2)
09-12 11:04:51.797 14474 14514 D nativeloader: Load /data/app/~~DZgPaqhaF-vWdfOYPsOF3A==/com.jungih4982.zerohourgame-MxyEAOKXhaNhJTHojQ2a4g==/base.apk!/lib/x86_64/libexpo-modules-core.so using ns clns-7 from class loader (caller=/data/app/~~DZgPaqhaF-vWdfOYPsOF3A==/com.jungih4982.zerohourgame-MxyEAOKXhaNhJTHojQ2a4g==/base.apk): ok
09-12 11:04:51.804 14474 14515 I cr_LibraryLoader: Successfully loaded native library
09-12 11:04:51.804 14474 14515 I cr_CachingUmaRecorder: Flushed 6 samples from 6 histograms, 0 samples were dropped.
09-12 11:04:51.808 14474 14514 W unknown:ViewManagerPropertyUpdater: Could not find generated setter for class com.th3rdwave.safeareacontext.SafeAreaProviderManager
09-12 11:04:51.810 14474 14529 D TrafficStats: tagSocket(143) with statsTag=0xffffffff, statsUid=-1
09-12 11:04:51.812 14474 14514 W unknown:ViewManagerPropertyUpdater: Could not find generated setter for class com.facebook.react.uimanager.LayoutShadowNode
09-12 11:04:51.813 14474 14514 W unknown:ViewManagerPropertyUpdater: Could not find generated setter for class com.th3rdwave.safeareacontext.SafeAreaViewManager
09-12 11:04:51.814 14474 14514 W unknown:ViewManagerPropertyUpdater: Could not find generated setter for class com.th3rdwave.safeareacontext.SafeAreaViewShadowNode
09-12 11:04:51.815 14474 14514 W unknown:ViewManagerPropertyUpdater: Could not find generated setter for class expo.modules.kotlin.views.GroupViewManagerWrapper
09-12 11:04:51.831 14474 14514 W unknown:ViewManagerPropertyUpdater: Could not find generated setter for class com.horcrux.svg.RenderableViewManager$DefsViewManager
09-12 11:04:51.831 14474 14514 W unknown:ViewManagerPropertyUpdater: Could not find generated setter for class com.horcrux.svg.VirtualViewManager$RenderableShadowNode
09-12 11:04:51.834 14474 14514 W unknown:ViewManagerPropertyUpdater: Could not find generated setter for class com.facebook.react.views.debuggingoverlay.DebuggingOverlayManager
09-12 11:04:51.835 14474 14514 W unknown:ViewManagerPropertyUpdater: Could not find generated setter for class com.horcrux.svg.RenderableViewManager$FeMergeManager
09-12 11:04:51.837 14474 14514 W unknown:ViewManagerPropertyUpdater: Could not find generated setter for class com.facebook.react.views.safeareaview.ReactSafeAreaViewManager
09-12 11:04:51.837 14474 14514 W unknown:ViewManagerPropertyUpdater: Could not find generated setter for class com.facebook.react.views.safeareaview.ReactSafeAreaViewShadowNode
09-12 11:04:51.839 14474 14514 W unknown:ViewManagerPropertyUpdater: Could not find generated setter for class com.horcrux.svg.RenderableViewManager$LinearGradientManager
09-12 11:04:51.841 14474 14514 W unknown:ViewManagerPropertyUpdater: Could not find generated setter for class com.horcrux.svg.RenderableViewManager$FeGaussianBlurManager
09-12 11:04:51.843 14474 14514 W unknown:ViewManagerPropertyUpdater: Could not find generated setter for class com.facebook.react.views.progressbar.ReactProgressBarViewManager
09-12 11:04:51.843 14474 14514 W unknown:ViewManagerPropertyUpdater: Could not find generated setter for class com.facebook.react.views.progressbar.ProgressBarShadowNode
09-12 11:04:51.848 14474 14514 W unknown:ViewManagerPropertyUpdater: Could not find generated setter for class com.facebook.react.views.scroll.ReactHorizontalScrollViewManager
09-12 11:04:51.851 14474 14514 W unknown:ViewManagerPropertyUpdater: Could not find generated setter for class com.facebook.react.views.text.ReactTextViewManager
09-12 11:04:51.851 14474 14514 W unknown:ViewManagerPropertyUpdater: Could not find generated setter for class com.facebook.react.views.text.ReactTextShadowNode
09-12 11:04:51.853 14474 14514 W unknown:ViewManagerPropertyUpdater: Could not find generated setter for class com.horcrux.svg.RenderableViewManager$FeColorMatrixManager
09-12 11:04:51.855 14474 14514 W unknown:ViewManagerPropertyUpdater: Could not find generated setter for class com.facebook.react.views.scroll.ReactHorizontalScrollContainerViewManager
09-12 11:04:51.857 14474 14514 W unknown:ViewManagerPropertyUpdater: Could not find generated setter for class com.horcrux.svg.RenderableViewManager$ClipPathViewManager
09-12 11:04:51.860 14474 14514 W unknown:ViewManagerPropertyUpdater: Could not find generated setter for class com.horcrux.svg.RenderableViewManager$SymbolManager
09-12 11:04:51.862 14474 14514 W unknown:ViewManagerPropertyUpdater: Could not find generated setter for class com.horcrux.svg.RenderableViewManager$PatternManager
09-12 11:04:51.864 14474 14514 W unknown:ViewManagerPropertyUpdater: Could not find generated setter for class com.horcrux.svg.RenderableViewManager$FeBlendManager
09-12 11:04:51.866 14474 14514 W unknown:ViewManagerPropertyUpdater: Could not find generated setter for class com.facebook.react.views.view.ReactViewManager
09-12 11:04:51.870 14474 14514 W unknown:ViewManagerPropertyUpdater: Could not find generated setter for class com.horcrux.svg.SvgViewManager
09-12 11:04:51.872 14474 14514 W unknown:ViewManagerPropertyUpdater: Could not find generated setter for class com.facebook.react.views.switchview.ReactSwitchManager
09-12 11:04:51.872 14474 14514 W unknown:ViewManagerPropertyUpdater: Could not find generated setter for class com.facebook.react.views.switchview.ReactSwitchShadowNode
09-12 11:04:51.874 14474 14514 W unknown:ViewManagerPropertyUpdater: Could not find generated setter for class com.horcrux.svg.RenderableViewManager$UseViewManager
09-12 11:04:51.877 14474 14514 W unknown:ViewManagerPropertyUpdater: Could not find generated setter for class com.horcrux.svg.RenderableViewManager$CircleViewManager
09-12 11:04:51.879 14474 14514 W unknown:ViewManagerPropertyUpdater: Could not find generated setter for class com.horcrux.svg.RenderableViewManager$TSpanViewManager
09-12 11:04:51.881 14474 14514 W unknown:ViewManagerPropertyUpdater: Could not find generated setter for class com.horcrux.svg.RenderableViewManager$FilterManager
09-12 11:04:51.884 14474 14514 W unknown:ViewManagerPropertyUpdater: Could not find generated setter for class com.horcrux.svg.RenderableViewManager$MarkerManager
09-12 11:04:51.887 14474 14514 W unknown:ViewManagerPropertyUpdater: Could not find generated setter for class com.facebook.react.views.modal.ReactModalHostManager
09-12 11:04:51.890 14474 14514 W unknown:ViewManagerPropertyUpdater: Could not find generated setter for class com.horcrux.svg.RenderableViewManager$ForeignObjectManager
09-12 11:04:51.892 14474 14514 W unknown:ViewManagerPropertyUpdater: Could not find generated setter for class com.horcrux.svg.RenderableViewManager$EllipseViewManager
09-12 11:04:51.894 14474 14514 W unknown:ViewManagerPropertyUpdater: Could not find generated setter for class com.horcrux.svg.RenderableViewManager$LineViewManager
09-12 11:04:51.896 14474 14514 W unknown:ViewManagerPropertyUpdater: Could not find generated setter for class com.facebook.react.views.text.frescosupport.FrescoBasedReactTextInlineImageViewManager
09-12 11:04:51.896 14474 14514 W unknown:ViewManagerPropertyUpdater: Could not find generated setter for class com.facebook.react.views.text.frescosupport.FrescoBasedReactTextInlineImageShadowNode
09-12 11:04:51.897 14474 14514 W unknown:ViewManagerPropertyUpdater: Could not find generated setter for class com.horcrux.svg.RenderableViewManager$FeFloodManager
09-12 11:04:51.899 14474 14514 W unknown:ViewManagerPropertyUpdater: Could not find generated setter for class com.horcrux.svg.RenderableViewManager$GroupViewManager
09-12 11:04:51.901 14474 14514 W unknown:ViewManagerPropertyUpdater: Could not find generated setter for class com.horcrux.svg.RenderableViewManager$TextViewManager
09-12 11:04:51.903 14474 14514 W unknown:ViewManagerPropertyUpdater: Could not find generated setter for class com.horcrux.svg.RenderableViewManager$ImageViewManager
09-12 11:04:51.906 14474 14514 W unknown:ViewManagerPropertyUpdater: Could not find generated setter for class com.horcrux.svg.RenderableViewManager$FeCompositeManager
09-12 11:04:51.909 14474 14514 W unknown:ViewManagerPropertyUpdater: Could not find generated setter for class com.facebook.react.views.image.ReactImageManager
09-12 11:04:51.911 14474 14514 W unknown:ViewManagerPropertyUpdater: Could not find generated setter for class com.horcrux.svg.RenderableViewManager$RadialGradientManager
09-12 11:04:51.913 14474 14514 W unknown:ViewManagerPropertyUpdater: Could not find generated setter for class com.horcrux.svg.RenderableViewManager$MaskManager
09-12 11:04:51.915 14474 14514 W unknown:ViewManagerPropertyUpdater: Could not find generated setter for class com.facebook.react.views.unimplementedview.ReactUnimplementedViewManager
09-12 11:04:51.917 14474 14514 W unknown:ViewManagerPropertyUpdater: Could not find generated setter for class com.horcrux.svg.RenderableViewManager$RectViewManager
09-12 11:04:51.920 14474 14514 W unknown:ViewManagerPropertyUpdater: Could not find generated setter for class com.horcrux.svg.RenderableViewManager$TextPathViewManager
09-12 11:04:51.923 14474 14514 W unknown:ViewManagerPropertyUpdater: Could not find generated setter for class com.facebook.react.views.scroll.ReactScrollViewManager
09-12 11:04:51.925 14474 14514 W unknown:ViewManagerPropertyUpdater: Could not find generated setter for class com.horcrux.svg.RenderableViewManager$FeOffsetManager
09-12 11:04:51.928 14474 14514 W unknown:ViewManagerPropertyUpdater: Could not find generated setter for class com.horcrux.svg.RenderableViewManager$PathViewManager
09-12 11:04:51.931 14474 14514 W unknown:ViewManagerPropertyUpdater: Could not find generated setter for class com.facebook.react.views.drawer.ReactDrawerLayoutManager
09-12 11:04:51.932 14474 14514 W unknown:ViewManagerPropertyUpdater: Could not find generated setter for class com.facebook.react.views.text.ReactVirtualTextViewManager
09-12 11:04:51.932 14474 14514 W unknown:ViewManagerPropertyUpdater: Could not find generated setter for class com.facebook.react.views.text.ReactVirtualTextShadowNode
09-12 11:04:51.935 14474 14514 W unknown:ViewManagerPropertyUpdater: Could not find generated setter for class com.facebook.react.views.swiperefresh.SwipeRefreshLayoutManager
09-12 11:04:51.936 14474 14514 W unknown:ViewManagerPropertyUpdater: Could not find generated setter for class com.facebook.react.views.text.ReactRawTextManager
09-12 11:04:51.936 14474 14514 W unknown:ViewManagerPropertyUpdater: Could not find generated setter for class com.facebook.react.views.text.ReactRawTextShadowNode
09-12 11:04:51.940 14474 14514 W unknown:ViewManagerPropertyUpdater: Could not find generated setter for class com.facebook.react.views.textinput.ReactTextInputManager
09-12 11:04:51.941 14474 14514 W unknown:ViewManagerPropertyUpdater: Could not find generated setter for class com.facebook.react.views.textinput.ReactTextInputShadowNode
09-12 11:04:51.965 14474 14514 E AVManager: Cannot install JSI bindings for AV module because JS context is not available
09-12 11:04:51.966 14474 14514 W BridgelessReactContext: [WARNING] Bridgeless doesn't support CatalystInstance. Accessing an API that's not part of the new architecture is not encouraged usage.
09-12 11:04:51.977 14474 14514 I ExpoModulesCore: ✅ JSI interop was installed
09-12 11:04:51.979 14474 14514 I ExpoModulesCore: ✅ Constants were exported
09-12 11:04:52.002 14474 14530 D TrafficStats: tagSocket(144) with statsTag=0xffffffff, statsUid=-1
09-12 11:04:52.406 14474 14514 I ReactNativeJS: Running "main" with {"rootTag":1,"initialProps":{},"fabric":true}
09-12 11:04:52.445 14474 14532 D TrafficStats: tagSocket(147) with statsTag=0xffffffff, statsUid=-1
09-12 11:04:52.507 14474 14474 W unknown:ViewManagerPropertyUpdater: Could not find generated setter for class com.facebook.react.uimanager.RootViewManager
09-12 11:04:52.652 14474 14482 W 82.zerohourgame: ApkAssets: Deleting an ApkAssets object '<empty> and /data/app/~~CLZO-G6gq5NhvEpPyc1Mdw==/com.google.android.webview-VoKY_O7jYdWUoemQkAGMnw==/WebViewGoogle.apk' with 2 weak references
09-12 11:04:52.658 14474 14515 W unknown:ReactNative: StatusBarModule: Ignored status bar change, current activity is edge-to-edge.
09-12 11:04:52.658 14474 14515 W unknown:ReactNative: StatusBarModule: Ignored status bar change, current activity is edge-to-edge.
09-12 11:04:52.691 14474 14474 W 82.zerohourgame: Accessing hidden field Landroid/widget/ScrollView;->mScroller:Landroid/widget/OverScroller; (unsupported, reflection, allowed)
09-12 11:04:52.717 14474 14515 W unknown:ReactNative: StatusBarModule: Ignored status bar change, current activity is edge-to-edge.
09-12 11:04:52.736 14474 14515 W unknown:ReactNative: StatusBarModule: Ignored status bar change, current activity is edge-to-edge.
09-12 11:04:52.764 14474 14535 D nativeloader: Load /data/app/~~DZgPaqhaF-vWdfOYPsOF3A==/com.jungih4982.zerohourgame-MxyEAOKXhaNhJTHojQ2a4g==/base.apk!/lib/x86_64/libimagepipeline.so using ns clns-7 from class loader (caller=/data/app/~~DZgPaqhaF-vWdfOYPsOF3A==/com.jungih4982.zerohourgame-MxyEAOKXhaNhJTHojQ2a4g==/base.apk): ok
09-12 11:04:53.401 14474 14515 W unknown:ReactNative: StatusBarModule: Ignored status bar change, current activity is edge-to-edge.
09-12 11:04:53.526 14474 14490 D EGL_emulation: app_time_stats: avg=75.06ms min=0.87ms max=2901.41ms count=44
09-12 11:04:54.528 14474 14490 D EGL_emulation: app_time_stats: avg=1.14ms min=0.91ms max=2.04ms count=60
09-12 11:04:55.003 14474 14539 D ProfileInstaller: Installing profile for com.jungih4982.zerohourgame
09-12 11:04:55.543 14474 14490 D EGL_emulation: app_time_stats: avg=1.08ms min=0.90ms max=1.55ms count=61
09-12 11:04:56.560 14474 14490 D EGL_emulation: app_time_stats: avg=1.16ms min=0.90ms max=1.72ms count=61
09-12 11:04:57.578 14474 14490 D EGL_emulation: app_time_stats: avg=1.16ms min=0.88ms max=1.68ms count=61
09-12 11:04:58.593 14474 14490 D EGL_emulation: app_time_stats: avg=1.26ms min=0.92ms max=3.07ms count=61
09-12 11:04:59.593 14474 14490 D EGL_emulation: app_time_stats: avg=1.18ms min=0.88ms max=1.69ms count=60
09-12 11:05:00.609 14474 14490 D EGL_emulation: app_time_stats: avg=1.14ms min=0.88ms max=1.69ms count=61
09-12 11:05:01.609 14474 14490 D EGL_emulation: app_time_stats: avg=1.08ms min=0.86ms max=1.67ms count=60
09-12 11:05:02.627 14474 14490 D EGL_emulation: app_time_stats: avg=15.25ms min=0.89ms max=19.16ms count=60
09-12 11:05:03.643 14474 14490 D EGL_emulation: app_time_stats: avg=16.20ms min=13.84ms max=18.87ms count=61
09-12 11:05:04.658 14474 14490 D EGL_emulation: app_time_stats: avg=16.15ms min=13.81ms max=18.82ms count=61
09-12 11:05:05.675 14474 14490 D EGL_emulation: app_time_stats: avg=16.10ms min=12.97ms max=19.88ms count=61
09-12 11:05:06.676 14474 14490 D EGL_emulation: app_time_stats: avg=16.17ms min=13.93ms max=18.54ms count=60
09-12 11:05:07.692 14474 14490 D EGL_emulation: app_time_stats: avg=16.07ms min=13.06ms max=19.29ms count=61
09-12 11:05:08.692 14474 14490 D EGL_emulation: app_time_stats: avg=16.18ms min=13.27ms max=18.34ms count=60
09-12 11:05:09.710 14474 14490 D EGL_emulation: app_time_stats: avg=16.23ms min=13.80ms max=18.99ms count=61
09-12 11:05:10.726 14474 14490 D EGL_emulation: app_time_stats: avg=16.38ms min=14.20ms max=33.86ms count=60
09-12 11:05:11.726 14474 14490 D EGL_emulation: app_time_stats: avg=16.29ms min=13.39ms max=18.59ms count=60
09-12 11:05:12.741 14474 14490 D EGL_emulation: app_time_stats: avg=16.35ms min=14.08ms max=19.01ms count=61
09-12 11:05:13.759 14474 14490 D EGL_emulation: app_time_stats: avg=16.24ms min=13.96ms max=19.65ms count=61
09-12 11:05:14.774 14474 14490 D EGL_emulation: app_time_stats: avg=16.08ms min=11.01ms max=18.92ms count=61
09-12 11:05:15.775 14474 14490 D EGL_emulation: app_time_stats: avg=16.10ms min=13.89ms max=18.16ms count=60
09-12 11:05:16.776 14474 14490 D EGL_emulation: app_time_stats: avg=16.12ms min=13.44ms max=18.68ms count=60
09-12 11:05:17.791 14474 14490 D EGL_emulation: app_time_stats: avg=16.05ms min=14.00ms max=17.71ms count=61
09-12 11:05:18.792 14474 14490 D EGL_emulation: app_time_stats: avg=16.26ms min=12.92ms max=20.51ms count=60
09-12 11:05:19.808 14474 14490 D EGL_emulation: app_time_stats: avg=16.49ms min=14.14ms max=30.44ms count=60
09-12 11:05:20.809 14474 14490 D EGL_emulation: app_time_stats: avg=16.09ms min=13.37ms max=18.58ms count=60
09-12 11:05:21.825 14474 14490 D EGL_emulation: app_time_stats: avg=16.06ms min=13.91ms max=18.06ms count=61
09-12 11:05:22.826 14474 14490 D EGL_emulation: app_time_stats: avg=16.13ms min=13.91ms max=19.35ms count=60
09-12 11:05:23.842 14474 14490 D EGL_emulation: app_time_stats: avg=16.15ms min=13.68ms max=18.37ms count=61
09-12 11:05:24.858 14474 14490 D EGL_emulation: app_time_stats: avg=16.22ms min=14.59ms max=17.94ms count=61
09-12 11:05:25.859 14474 14490 D EGL_emulation: app_time_stats: avg=16.22ms min=14.07ms max=19.64ms count=60
09-12 11:05:26.876 14474 14490 D EGL_emulation: app_time_stats: avg=16.04ms min=14.23ms max=18.65ms count=61
09-12 11:05:27.876 14474 14490 D EGL_emulation: app_time_stats: avg=16.11ms min=14.35ms max=17.98ms count=60
09-12 11:05:28.891 14474 14490 D EGL_emulation: app_time_stats: avg=16.42ms min=12.61ms max=33.75ms count=60
09-12 11:05:29.892 14474 14490 D EGL_emulation: app_time_stats: avg=16.08ms min=14.55ms max=18.02ms count=60
09-12 11:05:30.909 14474 14490 D EGL_emulation: app_time_stats: avg=16.15ms min=14.19ms max=17.79ms count=61
09-12 11:05:31.925 14474 14490 D EGL_emulation: app_time_stats: avg=16.04ms min=13.27ms max=18.06ms count=61
09-12 11:05:32.941 14474 14490 D EGL_emulation: app_time_stats: avg=16.20ms min=14.09ms max=17.80ms count=61
09-12 11:05:33.942 14474 14490 D EGL_emulation: app_time_stats: avg=16.24ms min=14.55ms max=18.57ms count=60
09-12 11:05:34.958 14474 14490 D EGL_emulation: app_time_stats: avg=16.03ms min=14.37ms max=17.43ms count=61
09-12 11:05:35.959 14474 14490 D EGL_emulation: app_time_stats: avg=16.16ms min=14.14ms max=18.59ms count=60
09-12 11:05:36.975 14474 14490 D EGL_emulation: app_time_stats: avg=16.15ms min=14.80ms max=17.94ms count=61
09-12 11:05:37.975 14474 14490 D EGL_emulation: app_time_stats: avg=16.49ms min=14.68ms max=32.13ms count=59
09-12 11:05:38.991 14474 14490 D EGL_emulation: app_time_stats: avg=16.16ms min=13.21ms max=21.14ms count=61
09-12 11:05:40.007 14474 14490 D EGL_emulation: app_time_stats: avg=16.07ms min=14.05ms max=17.85ms count=61
09-12 11:05:41.008 14474 14490 D EGL_emulation: app_time_stats: avg=16.12ms min=13.44ms max=18.46ms count=60
09-12 11:05:42.025 14474 14490 D EGL_emulation: app_time_stats: avg=15.99ms min=14.04ms max=18.24ms count=61
09-12 11:05:43.042 14474 14490 D EGL_emulation: app_time_stats: avg=16.13ms min=13.95ms max=17.97ms count=61
09-12 11:05:44.057 14474 14490 D EGL_emulation: app_time_stats: avg=16.08ms min=14.33ms max=17.64ms count=61
09-12 11:05:45.057 14474 14490 D EGL_emulation: app_time_stats: avg=16.21ms min=14.24ms max=17.85ms count=60
09-12 11:05:46.058 14474 14490 D EGL_emulation: app_time_stats: avg=16.09ms min=14.27ms max=17.91ms count=60
09-12 11:05:47.058 14474 14490 D EGL_emulation: app_time_stats: avg=16.55ms min=13.94ms max=30.53ms count=59
09-12 11:05:48.058 14474 14490 D EGL_emulation: app_time_stats: avg=16.09ms min=14.13ms max=17.34ms count=60
09-12 11:05:49.074 14474 14490 D EGL_emulation: app_time_stats: avg=16.10ms min=8.52ms max=20.47ms count=61
09-12 11:05:50.076 14474 14490 D EGL_emulation: app_time_stats: avg=16.11ms min=13.90ms max=18.11ms count=60
09-12 11:05:51.092 14474 14490 D EGL_emulation: app_time_stats: avg=16.35ms min=14.01ms max=18.27ms count=61
09-12 11:05:52.108 14474 14490 D EGL_emulation: app_time_stats: avg=16.42ms min=14.50ms max=18.97ms count=61
09-12 11:05:53.108 14474 14490 D EGL_emulation: app_time_stats: avg=16.19ms min=14.64ms max=17.99ms count=60
09-12 11:05:54.126 14474 14490 D EGL_emulation: app_time_stats: avg=16.13ms min=14.37ms max=18.32ms count=61
09-12 11:05:55.141 14474 14490 D EGL_emulation: app_time_stats: avg=16.11ms min=14.27ms max=18.41ms count=61
09-12 11:05:56.157 14474 14490 D EGL_emulation: app_time_stats: avg=16.23ms min=13.52ms max=31.62ms count=60
09-12 11:05:57.159 14474 14490 D EGL_emulation: app_time_stats: avg=16.10ms min=13.92ms max=18.31ms count=60
09-12 11:05:58.159 14474 14490 D EGL_emulation: app_time_stats: avg=16.11ms min=14.18ms max=17.71ms count=60
09-12 11:05:59.175 14474 14490 D EGL_emulation: app_time_stats: avg=16.11ms min=14.02ms max=18.87ms count=61
09-12 11:06:00.175 14474 14490 D EGL_emulation: app_time_stats: avg=16.09ms min=13.90ms max=18.13ms count=60
09-12 11:06:01.175 14474 14490 D EGL_emulation: app_time_stats: avg=16.04ms min=13.79ms max=18.09ms count=60
09-12 11:06:02.206 14474 14490 D EGL_emulation: app_time_stats: avg=16.16ms min=14.01ms max=29.23ms count=61
09-12 11:06:03.209 14474 14490 D EGL_emulation: app_time_stats: avg=1.21ms min=0.89ms max=1.79ms count=61
09-12 11:06:04.210 14474 14490 D EGL_emulation: app_time_stats: avg=1.07ms min=0.88ms max=1.50ms count=60
09-12 11:06:05.225 14474 14490 D EGL_emulation: app_time_stats: avg=7.31ms min=0.94ms max=18.02ms count=60
09-12 11:06:06.241 14474 14490 D EGL_emulation: app_time_stats: avg=16.03ms min=14.67ms max=17.16ms count=61
09-12 11:06:07.258 14474 14490 D EGL_emulation: app_time_stats: avg=16.06ms min=13.48ms max=18.00ms count=61
09-12 11:06:08.259 14474 14490 D EGL_emulation: app_time_stats: avg=16.00ms min=14.14ms max=17.97ms count=60
09-12 11:06:09.275 14474 14490 D EGL_emulation: app_time_stats: avg=16.19ms min=14.27ms max=18.54ms count=61
09-12 11:06:10.291 14474 14490 D EGL_emulation: app_time_stats: avg=16.19ms min=14.44ms max=17.62ms count=61
09-12 11:06:11.310 14474 14490 D EGL_emulation: app_time_stats: avg=16.03ms min=13.78ms max=18.51ms count=61
09-12 11:06:12.324 14474 14490 D EGL_emulation: app_time_stats: avg=16.26ms min=14.52ms max=18.00ms count=61
09-12 11:06:13.325 14474 14490 D EGL_emulation: app_time_stats: avg=16.12ms min=14.22ms max=18.11ms count=60
09-12 11:06:14.341 14474 14490 D EGL_emulation: app_time_stats: avg=16.39ms min=10.69ms max=33.14ms count=60
09-12 11:06:15.357 14474 14490 D EGL_emulation: app_time_stats: avg=16.16ms min=13.44ms max=18.04ms count=61
09-12 11:06:16.359 14474 14490 D EGL_emulation: app_time_stats: avg=16.18ms min=13.35ms max=18.40ms count=60
09-12 11:06:17.375 14474 14490 D EGL_emulation: app_time_stats: avg=16.06ms min=13.77ms max=18.50ms count=61
09-12 11:06:18.376 14474 14490 D EGL_emulation: app_time_stats: avg=16.04ms min=13.87ms max=17.85ms count=60
09-12 11:06:19.376 14474 14490 D EGL_emulation: app_time_stats: avg=16.19ms min=14.45ms max=18.08ms count=60
09-12 11:06:20.391 14474 14490 D EGL_emulation: app_time_stats: avg=16.13ms min=13.70ms max=18.44ms count=61
09-12 11:06:21.407 14474 14490 D EGL_emulation: app_time_stats: avg=16.14ms min=13.61ms max=18.54ms count=61
09-12 11:06:22.408 14474 14490 D EGL_emulation: app_time_stats: avg=16.20ms min=13.94ms max=18.24ms count=60
09-12 11:06:23.424 14474 14490 D EGL_emulation: app_time_stats: avg=16.33ms min=13.41ms max=31.13ms count=60
09-12 11:06:24.441 14474 14490 D EGL_emulation: app_time_stats: avg=16.10ms min=13.35ms max=18.81ms count=61
09-12 11:06:25.442 14474 14490 D EGL_emulation: app_time_stats: avg=16.11ms min=13.61ms max=19.01ms count=60
09-12 11:06:26.457 14474 14490 D EGL_emulation: app_time_stats: avg=16.12ms min=14.06ms max=18.24ms count=61
09-12 11:06:27.457 14474 14490 D EGL_emulation: app_time_stats: avg=16.03ms min=14.13ms max=18.41ms count=60
09-12 11:06:28.459 14474 14490 D EGL_emulation: app_time_stats: avg=16.21ms min=13.67ms max=18.94ms count=60
09-12 11:06:29.475 14474 14490 D EGL_emulation: app_time_stats: avg=16.06ms min=14.15ms max=18.81ms count=61
09-12 11:06:30.475 14474 14490 D EGL_emulation: app_time_stats: avg=16.24ms min=13.99ms max=18.72ms count=60
09-12 11:06:31.492 14474 14490 D EGL_emulation: app_time_stats: avg=16.08ms min=13.62ms max=18.35ms count=61
09-12 11:06:32.508 14474 14490 D EGL_emulation: app_time_stats: avg=16.41ms min=13.76ms max=33.32ms count=60
09-12 11:06:33.508 14474 14490 D EGL_emulation: app_time_stats: avg=16.13ms min=14.11ms max=17.84ms count=60
09-12 11:06:34.508 14474 14490 D EGL_emulation: app_time_stats: avg=16.13ms min=14.01ms max=18.69ms count=60
09-12 11:06:35.524 14474 14490 D EGL_emulation: app_time_stats: avg=16.06ms min=14.10ms max=18.42ms count=61
09-12 11:06:36.526 14474 14490 D EGL_emulation: app_time_stats: avg=15.91ms min=14.05ms max=17.77ms count=60
09-12 11:06:37.543 14474 14490 D EGL_emulation: app_time_stats: avg=15.95ms min=13.84ms max=18.33ms count=61
09-12 11:06:38.557 14474 14490 D EGL_emulation: app_time_stats: avg=15.92ms min=13.86ms max=19.02ms count=61
09-12 11:06:39.558 14474 14490 D EGL_emulation: app_time_stats: avg=16.17ms min=14.33ms max=18.18ms count=60
09-12 11:06:40.558 14474 14490 D EGL_emulation: app_time_stats: avg=16.01ms min=13.81ms max=18.39ms count=60
09-12 11:06:41.559 14474 14490 D EGL_emulation: app_time_stats: avg=16.55ms min=13.89ms max=32.53ms count=59
09-12 11:06:42.575 14474 14490 D EGL_emulation: app_time_stats: avg=16.42ms min=14.84ms max=18.73ms count=61
09-12 11:06:43.575 14474 14490 D EGL_emulation: app_time_stats: avg=16.13ms min=14.06ms max=19.01ms count=60
09-12 11:06:44.577 14474 14490 D EGL_emulation: app_time_stats: avg=16.16ms min=13.24ms max=18.23ms count=60
09-12 11:06:45.591 14474 14490 D EGL_emulation: app_time_stats: avg=16.14ms min=13.71ms max=18.98ms count=61
09-12 11:06:46.592 14474 14490 D EGL_emulation: app_time_stats: avg=16.21ms min=13.32ms max=19.00ms count=60
09-12 11:06:47.593 14474 14490 D EGL_emulation: app_time_stats: avg=16.12ms min=13.42ms max=18.60ms count=60
09-12 11:06:48.607 14474 14490 D EGL_emulation: app_time_stats: avg=16.08ms min=10.69ms max=22.03ms count=61
09-12 11:06:49.609 14474 14490 D EGL_emulation: app_time_stats: avg=16.15ms min=13.49ms max=18.58ms count=60
09-12 11:06:50.609 14474 14490 D EGL_emulation: app_time_stats: avg=16.41ms min=13.80ms max=32.06ms count=59
09-12 11:06:51.623 14474 14490 D EGL_emulation: app_time_stats: avg=15.97ms min=13.65ms max=19.18ms count=61
09-12 11:06:52.624 14474 14490 D EGL_emulation: app_time_stats: avg=16.12ms min=13.68ms max=18.95ms count=60
09-12 11:06:53.642 14474 14490 D EGL_emulation: app_time_stats: avg=16.17ms min=13.15ms max=18.89ms count=61
09-12 11:06:54.658 14474 14490 D EGL_emulation: app_time_stats: avg=15.98ms min=13.67ms max=18.98ms count=61
09-12 11:06:55.659 14474 14490 D EGL_emulation: app_time_stats: avg=15.97ms min=13.55ms max=18.55ms count=60
09-12 11:06:56.659 14474 14490 D EGL_emulation: app_time_stats: avg=16.28ms min=12.10ms max=20.00ms count=60
09-12 11:06:57.674 14474 14490 D EGL_emulation: app_time_stats: avg=15.98ms min=13.64ms max=18.48ms count=61
09-12 11:06:58.676 14474 14490 D EGL_emulation: app_time_stats: avg=16.05ms min=13.51ms max=18.45ms count=60
09-12 11:06:59.692 14474 14490 D EGL_emulation: app_time_stats: avg=16.72ms min=14.08ms max=31.81ms count=60
09-12 11:07:00.708 14474 14490 D EGL_emulation: app_time_stats: avg=16.12ms min=13.83ms max=19.05ms count=61
09-12 11:07:01.724 14474 14490 D EGL_emulation: app_time_stats: avg=15.98ms min=13.32ms max=17.84ms count=61
09-12 11:07:02.724 14474 14490 D EGL_emulation: app_time_stats: avg=16.04ms min=12.27ms max=18.98ms count=60
09-12 11:07:03.726 14474 14490 D EGL_emulation: app_time_stats: avg=16.06ms min=13.60ms max=18.86ms count=60
09-12 11:07:04.742 14474 14490 D EGL_emulation: app_time_stats: avg=16.07ms min=13.75ms max=19.05ms count=61
09-12 11:07:05.742 14474 14490 D EGL_emulation: app_time_stats: avg=16.07ms min=13.61ms max=18.65ms count=60
09-12 11:07:06.758 14474 14490 D EGL_emulation: app_time_stats: avg=16.09ms min=13.39ms max=18.32ms count=61
09-12 11:07:07.775 14474 14490 D EGL_emulation: app_time_stats: avg=16.06ms min=13.88ms max=18.25ms count=61
09-12 11:07:08.775 14474 14490 D EGL_emulation: app_time_stats: avg=16.28ms min=13.43ms max=31.50ms count=59
09-12 11:07:09.775 14474 14490 D EGL_emulation: app_time_stats: avg=16.08ms min=12.68ms max=19.17ms count=60
09-12 11:07:10.791 14474 14490 D EGL_emulation: app_time_stats: avg=16.06ms min=13.57ms max=19.57ms count=61
09-12 11:07:11.791 14474 14490 D EGL_emulation: app_time_stats: avg=16.09ms min=13.93ms max=17.50ms count=60
09-12 11:07:12.791 14474 14490 D EGL_emulation: app_time_stats: avg=16.06ms min=13.42ms max=18.78ms count=60
09-12 11:07:13.792 14474 14490 D EGL_emulation: app_time_stats: avg=16.00ms min=12.91ms max=18.03ms count=60
09-12 11:07:14.809 14474 14490 D EGL_emulation: app_time_stats: avg=15.94ms min=10.53ms max=19.07ms count=61
09-12 11:07:15.809 14474 14490 D EGL_emulation: app_time_stats: avg=16.09ms min=14.05ms max=18.62ms count=60
09-12 11:07:16.824 14474 14490 D EGL_emulation: app_time_stats: avg=16.00ms min=13.11ms max=18.91ms count=61
09-12 11:07:17.824 14474 14490 D EGL_emulation: app_time_stats: avg=16.31ms min=13.32ms max=33.28ms count=59
09-12 11:07:18.841 14474 14490 D EGL_emulation: app_time_stats: avg=16.12ms min=11.82ms max=19.96ms count=61
09-12 11:07:19.859 14474 14490 D EGL_emulation: app_time_stats: avg=16.20ms min=14.29ms max=18.27ms count=61
09-12 11:07:20.875 14474 14490 D EGL_emulation: app_time_stats: avg=16.00ms min=13.38ms max=18.83ms count=61
09-12 11:07:21.875 14474 14490 D EGL_emulation: app_time_stats: avg=16.19ms min=14.21ms max=18.10ms count=60
09-12 11:07:22.892 14474 14490 D EGL_emulation: app_time_stats: avg=16.25ms min=13.78ms max=19.61ms count=61
09-12 11:07:23.908 14474 14490 D EGL_emulation: app_time_stats: avg=16.05ms min=13.98ms max=18.07ms count=61
09-12 11:07:24.909 14474 14490 D EGL_emulation: app_time_stats: avg=16.06ms min=13.91ms max=18.90ms count=60
09-12 11:07:25.924 14474 14490 D EGL_emulation: app_time_stats: avg=16.06ms min=12.88ms max=18.05ms count=61
09-12 11:07:26.925 14474 14490 D EGL_emulation: app_time_stats: avg=16.46ms min=14.56ms max=32.38ms count=59
09-12 11:07:27.926 14474 14490 D EGL_emulation: app_time_stats: avg=16.19ms min=14.32ms max=18.89ms count=60
09-12 11:07:28.943 14474 14490 D EGL_emulation: app_time_stats: avg=16.18ms min=12.37ms max=19.28ms count=61
09-12 11:07:29.943 14474 14490 D EGL_emulation: app_time_stats: avg=16.07ms min=13.66ms max=17.94ms count=60
09-12 11:07:30.958 14474 14490 D EGL_emulation: app_time_stats: avg=16.10ms min=14.23ms max=18.34ms count=61
09-12 11:07:31.975 14474 14490 D EGL_emulation: app_time_stats: avg=16.19ms min=14.49ms max=18.44ms count=61
09-12 11:07:32.992 14474 14490 D EGL_emulation: app_time_stats: avg=16.04ms min=14.31ms max=18.15ms count=61
09-12 11:07:33.992 14474 14490 D EGL_emulation: app_time_stats: avg=16.09ms min=14.23ms max=17.74ms count=60
09-12 11:07:35.008 14474 14490 D EGL_emulation: app_time_stats: avg=16.44ms min=13.49ms max=32.42ms count=60
09-12 11:07:36.009 14474 14490 D EGL_emulation: app_time_stats: avg=16.21ms min=13.96ms max=18.63ms count=60
09-12 11:07:37.024 14474 14490 D EGL_emulation: app_time_stats: avg=16.11ms min=13.79ms max=17.97ms count=61
09-12 11:07:38.025 14474 14490 D EGL_emulation: app_time_stats: avg=15.98ms min=14.00ms max=18.09ms count=60
09-12 11:07:39.042 14474 14490 D EGL_emulation: app_time_stats: avg=16.10ms min=14.05ms max=18.01ms count=61
09-12 11:07:40.058 14474 14490 D EGL_emulation: app_time_stats: avg=16.12ms min=13.77ms max=19.10ms count=61
09-12 11:07:41.058 14474 14490 D EGL_emulation: app_time_stats: avg=16.00ms min=13.76ms max=18.74ms count=60
09-12 11:07:42.058 14474 14490 D EGL_emulation: app_time_stats: avg=16.07ms min=13.10ms max=18.08ms count=60
09-12 11:07:43.076 14474 14490 D EGL_emulation: app_time_stats: avg=16.08ms min=13.69ms max=18.18ms count=61
09-12 11:07:44.091 14474 14490 D EGL_emulation: app_time_stats: avg=16.32ms min=14.41ms max=32.38ms count=60
09-12 11:07:45.092 14474 14490 D EGL_emulation: app_time_stats: avg=16.29ms min=12.47ms max=18.97ms count=60
09-12 11:07:46.107 14474 14490 D EGL_emulation: app_time_stats: avg=16.14ms min=13.35ms max=19.47ms count=61
09-12 11:07:47.107 14474 14490 D EGL_emulation: app_time_stats: avg=16.07ms min=13.42ms max=17.67ms count=60
09-12 11:07:48.125 14474 14490 D EGL_emulation: app_time_stats: avg=16.05ms min=13.48ms max=18.53ms count=61
09-12 11:07:49.125 14474 14490 D EGL_emulation: app_time_stats: avg=16.07ms min=13.44ms max=18.66ms count=60
09-12 11:07:50.144 14474 14490 D EGL_emulation: app_time_stats: avg=16.12ms min=13.79ms max=18.32ms count=61
09-12 11:07:51.158 14474 14490 D EGL_emulation: app_time_stats: avg=16.06ms min=13.64ms max=18.25ms count=61
09-12 11:07:52.174 14474 14490 D EGL_emulation: app_time_stats: avg=16.13ms min=14.20ms max=18.23ms count=61
09-12 11:07:53.176 14474 14490 D EGL_emulation: app_time_stats: avg=16.33ms min=13.81ms max=31.23ms count=59
09-12 11:07:54.177 14474 14490 D EGL_emulation: app_time_stats: avg=16.39ms min=14.35ms max=18.08ms count=60
09-12 11:07:55.191 14474 14490 D EGL_emulation: app_time_stats: avg=16.07ms min=13.54ms max=18.10ms count=61
09-12 11:07:56.191 14474 14490 D EGL_emulation: app_time_stats: avg=16.09ms min=14.69ms max=17.90ms count=60
09-12 11:07:57.192 14474 14490 D EGL_emulation: app_time_stats: avg=16.06ms min=14.59ms max=17.83ms count=60
09-12 11:07:58.194 14474 14490 D EGL_emulation: app_time_stats: avg=16.23ms min=14.22ms max=18.17ms count=60
09-12 11:07:59.207 14474 14490 D EGL_emulation: app_time_stats: avg=16.15ms min=10.82ms max=23.49ms count=61
09-12 11:08:00.208 14474 14490 D EGL_emulation: app_time_stats: avg=16.10ms min=14.29ms max=17.59ms count=60
09-12 11:08:01.209 14474 14490 D EGL_emulation: app_time_stats: avg=16.14ms min=14.30ms max=17.78ms count=60
09-12 11:08:02.224 14474 14490 D EGL_emulation: app_time_stats: avg=16.50ms min=14.02ms max=31.52ms count=60
09-12 11:08:03.225 14474 14490 D EGL_emulation: app_time_stats: avg=16.20ms min=14.28ms max=18.00ms count=60
09-12 11:08:04.242 14474 14490 D EGL_emulation: app_time_stats: avg=16.15ms min=14.73ms max=17.81ms count=61
09-12 11:08:05.258 14474 14490 D EGL_emulation: app_time_stats: avg=16.00ms min=14.79ms max=17.57ms count=61
09-12 11:08:06.258 14474 14490 D EGL_emulation: app_time_stats: avg=15.97ms min=14.02ms max=17.30ms count=60
09-12 11:08:07.274 14474 14490 D EGL_emulation: app_time_stats: avg=16.05ms min=14.11ms max=17.52ms count=61
09-12 11:08:08.274 14474 14490 D EGL_emulation: app_time_stats: avg=16.20ms min=14.90ms max=17.91ms count=60
09-12 11:08:09.274 14474 14490 D EGL_emulation: app_time_stats: avg=16.04ms min=14.62ms max=18.45ms count=60
09-12 11:08:10.275 14474 14490 D EGL_emulation: app_time_stats: avg=16.04ms min=13.42ms max=17.86ms count=60
09-12 11:08:11.275 14474 14490 D EGL_emulation: app_time_stats: avg=16.38ms min=14.42ms max=32.20ms count=59
09-12 11:08:12.293 14474 14490 D EGL_emulation: app_time_stats: avg=16.35ms min=12.67ms max=19.13ms count=61
09-12 11:08:13.308 14474 14490 D EGL_emulation: app_time_stats: avg=16.00ms min=12.77ms max=18.92ms count=61
09-12 11:08:14.324 14474 14490 D EGL_emulation: app_time_stats: avg=16.00ms min=14.44ms max=17.20ms count=61
09-12 11:08:15.324 14474 14490 D EGL_emulation: app_time_stats: avg=16.26ms min=13.09ms max=19.11ms count=60
09-12 11:08:16.325 14474 14490 D EGL_emulation: app_time_stats: avg=16.07ms min=13.37ms max=18.36ms count=60
09-12 11:08:17.341 14474 14490 D EGL_emulation: app_time_stats: avg=16.10ms min=13.66ms max=19.81ms count=61
09-12 11:08:18.342 14474 14490 D EGL_emulation: app_time_stats: avg=16.13ms min=13.23ms max=18.09ms count=60
09-12 11:08:19.357 14474 14490 D EGL_emulation: app_time_stats: avg=15.96ms min=13.32ms max=18.62ms count=61
09-12 11:08:20.359 14474 14490 D EGL_emulation: app_time_stats: avg=16.49ms min=13.77ms max=31.58ms count=59
09-12 11:08:21.374 14474 14490 D EGL_emulation: app_time_stats: avg=16.11ms min=13.15ms max=17.96ms count=61
09-12 11:08:22.374 14474 14490 D EGL_emulation: app_time_stats: avg=16.17ms min=13.61ms max=18.42ms count=60
09-12 11:08:23.375 14474 14490 D EGL_emulation: app_time_stats: avg=16.06ms min=13.37ms max=17.94ms count=60
09-12 11:08:24.392 14474 14490 D EGL_emulation: app_time_stats: avg=16.13ms min=13.43ms max=18.73ms count=61
09-12 11:08:25.409 14474 14490 D EGL_emulation: app_time_stats: avg=16.10ms min=13.55ms max=18.31ms count=61
09-12 11:08:26.410 14474 14490 D EGL_emulation: app_time_stats: avg=3.15ms min=0.86ms max=49.19ms count=54
09-12 11:08:27.426 14474 14490 D EGL_emulation: app_time_stats: avg=1.17ms min=0.88ms max=2.61ms count=61
09-12 11:08:28.427 14474 14490 D EGL_emulation: app_time_stats: avg=1.24ms min=0.90ms max=6.10ms count=60
09-12 11:08:29.442 14474 14490 D EGL_emulation: app_time_stats: avg=6.63ms min=0.87ms max=17.93ms count=60
09-12 11:08:30.443 14474 14490 D EGL_emulation: app_time_stats: avg=16.13ms min=14.13ms max=18.13ms count=60
09-12 11:08:31.460 14474 14490 D EGL_emulation: app_time_stats: avg=16.15ms min=13.83ms max=18.19ms count=61
09-12 11:08:32.475 14474 14490 D EGL_emulation: app_time_stats: avg=16.20ms min=13.82ms max=18.56ms count=61
09-12 11:08:33.475 14474 14490 D EGL_emulation: app_time_stats: avg=16.00ms min=13.92ms max=17.87ms count=60
09-12 11:08:34.491 14474 14490 D EGL_emulation: app_time_stats: avg=16.06ms min=14.41ms max=17.28ms count=61
09-12 11:08:35.508 14474 14490 D EGL_emulation: app_time_stats: avg=16.09ms min=14.05ms max=18.81ms count=61
09-12 11:08:36.524 14474 14490 D EGL_emulation: app_time_stats: avg=16.12ms min=13.52ms max=18.68ms count=61
09-12 11:08:37.543 14474 14490 D EGL_emulation: app_time_stats: avg=16.02ms min=13.53ms max=19.36ms count=61
09-12 11:08:38.558 14474 14490 D EGL_emulation: app_time_stats: avg=16.45ms min=12.86ms max=33.05ms count=60
09-12 11:08:39.575 14474 14490 D EGL_emulation: app_time_stats: avg=16.16ms min=12.35ms max=18.35ms count=61
09-12 11:08:40.575 14474 14490 D EGL_emulation: app_time_stats: avg=16.06ms min=13.95ms max=17.48ms count=60
09-12 11:08:41.576 14474 14490 D EGL_emulation: app_time_stats: avg=16.16ms min=14.37ms max=18.82ms count=60
09-12 11:08:42.592 14474 14490 D EGL_emulation: app_time_stats: avg=16.14ms min=13.72ms max=19.38ms count=61
09-12 11:08:43.594 14474 14490 D EGL_emulation: app_time_stats: avg=16.15ms min=13.35ms max=19.12ms count=60
09-12 11:08:44.610 14474 14490 D EGL_emulation: app_time_stats: avg=16.21ms min=13.73ms max=18.74ms count=61
09-12 11:08:45.625 14474 14490 D EGL_emulation: app_time_stats: avg=16.07ms min=13.83ms max=18.64ms count=61
09-12 11:08:46.641 14474 14490 D EGL_emulation: app_time_stats: avg=16.04ms min=13.13ms max=18.27ms count=61
09-12 11:08:47.642 14474 14490 D EGL_emulation: app_time_stats: avg=16.35ms min=13.00ms max=30.25ms count=59
09-12 11:08:48.659 14474 14490 D EGL_emulation: app_time_stats: avg=16.09ms min=12.06ms max=19.81ms count=61
09-12 11:08:49.661 14474 14490 D EGL_emulation: app_time_stats: avg=16.09ms min=14.35ms max=18.43ms count=60
09-12 11:08:50.675 14474 14490 D EGL_emulation: app_time_stats: avg=16.05ms min=13.36ms max=18.70ms count=61
09-12 11:08:51.691 14474 14490 D EGL_emulation: app_time_stats: avg=15.92ms min=13.62ms max=18.24ms count=61
09-12 11:08:52.693 14474 14490 D EGL_emulation: app_time_stats: avg=16.17ms min=13.95ms max=18.47ms count=60
09-12 11:08:53.214 14474 14515 W unknown:ReactNative: StatusBarModule: Ignored status bar change, current activity is edge-to-edge.
