--------- beginning of main
09-12 12:33:37.488 17780 17822 I ReactNativeJS: '[ZH_LAYOUT_QA]', '{"scene":"SCENE_CH4_T_03","width":411.42857142857144,"height":914.2857142857143,"fontScale":1,"insets":{"left":0,"bottom":0,"right":0,"top":50.28571319580078},"dialogueHeight":411.42857142857144,"sideDialogue":false,"time":53}'
09-12 12:34:28.117 17780 17822 I ReactNativeJS: '[ZH_LAYOUT_QA]', '{"scene":"SCENE_CH4_T_03","width":411.42857142857144,"height":914.2857142857143,"fontScale":1,"insets":{"left":0,"bottom":0,"right":0,"top":50.28571319580078},"dialogueHeight":512.0000000000001,"sideDialogue":false,"time":53}'
09-12 12:36:40.603 18720 18761 I ReactNativeJS: Running "main" with {"rootTag":1,"initialProps":{},"fabric":true}
09-12 12:36:40.918 18720 18761 I ReactNativeJS: '[ZH_LAYOUT_QA]', '{"scene":"SCENE_CH4_MILESTONE_A_END","width":411.42857142857144,"height":914.2857142857143,"fontScale":1,"insets":{"left":0,"bottom":0,"right":0,"top":50.28571319580078},"dialogueHeight":411.42857142857144,"sideDialogue":false,"time":0}'
09-12 12:36:55.873 18720 18761 I ReactNativeJS: '[ZH_LAYOUT_QA]', '{"scene":"SCENE_CH4_S_01","width":411.42857142857144,"height":914.2857142857143,"fontScale":1,"insets":{"left":0,"bottom":0,"right":0,"top":50.28571319580078},"dialogueHeight":411.42857142857144,"sideDialogue":false,"time":157}'
09-12 12:38:16.751 18720 18761 I ReactNativeJS: '[ZH_LAYOUT_QA]', '{"scene":"SCENE_CH4_S_01","width":411.42857142857144,"height":914.2857142857143,"fontScale":1,"insets":{"left":0,"bottom":0,"right":0,"top":50.28571319580078},"dialogueHeight":512.0000000000001,"sideDialogue":false,"time":157}'
09-12 12:38:32.480 18720 18761 I ReactNativeJS: '[ZH_LAYOUT_QA]', '{"scene":"SCENE_ACT0_DRIVE","width":411.42857142857144,"height":914.2857142857143,"fontScale":1,"insets":{"left":0,"bottom":0,"right":0,"top":50.28571319580078},"dialogueHeight":411.42857142857144,"sideDialogue":false,"time":0}'
09-12 12:38:55.472 18720 18761 I ReactNativeJS: '[ZH_LAYOUT_QA]', '{"scene":"SCENE_ACT0_WATCH_CALL","width":411.42857142857144,"height":914.2857142857143,"fontScale":1,"insets":{"left":0,"bottom":0,"right":0,"top":50.28571319580078},"dialogueHeight":411.42857142857144,"sideDialogue":false,"time":4}'
09-12 12:39:15.423 18720 18761 I ReactNativeJS: '[ZH_LAYOUT_QA]', '{"scene":"SCENE_ACT0_MESSAGES","width":411.42857142857144,"height":914.2857142857143,"fontScale":1,"insets":{"left":0,"bottom":0,"right":0,"top":50.28571319580078},"dialogueHeight":411.42857142857144,"sideDialogue":false,"time":36}'
09-12 12:39:32.021 18720 18761 I ReactNativeJS: '[ZH_LAYOUT_QA]', '{"scene":"SCENE_ACT0_LAST_CALL","width":411.42857142857144,"height":914.2857142857143,"fontScale":1,"insets":{"left":0,"bottom":0,"right":0,"top":50.28571319580078},"dialogueHeight":411.42857142857144,"sideDialogue":false,"time":44}'
09-12 12:39:50.649 18720 18761 I ReactNativeJS: '[ZH_LAYOUT_QA]', '{"scene":"SCENE_ACT0_ARRIVAL","width":411.42857142857144,"height":914.2857142857143,"fontScale":1,"insets":{"left":0,"bottom":0,"right":0,"top":50.28571319580078},"dialogueHeight":411.42857142857144,"sideDialogue":false,"time":52}'
09-12 12:40:09.124 18720 18761 I ReactNativeJS: '[ZH_LAYOUT_QA]', '{"scene":"SCENE_ACT1_YUJIN_FIRST","width":411.42857142857144,"height":914.2857142857143,"fontScale":1,"insets":{"left":0,"bottom":0,"right":0,"top":50.28571319580078},"dialogueHeight":411.42857142857144,"sideDialogue":false,"time":55}'
09-12 12:40:27.337 18720 18761 I ReactNativeJS: '[ZH_LAYOUT_QA]', '{"scene":"SCENE_ACT1_YUJIN_SEARCH","width":411.42857142857144,"height":914.2857142857143,"fontScale":1,"insets":{"left":0,"bottom":0,"right":0,"top":50.28571319580078},"dialogueHeight":411.42857142857144,"sideDialogue":false,"time":59}'
09-12 12:40:45.935 18720 18761 I ReactNativeJS: '[ZH_LAYOUT_QA]', '{"scene":"SCENE_ACT1_YUJIN_DENIAL","width":411.42857142857144,"height":914.2857142857143,"fontScale":1,"insets":{"left":0,"bottom":0,"right":0,"top":50.28571319580078},"dialogueHeight":411.42857142857144,"sideDialogue":false,"time":63}'
09-12 12:41:01.726 18720 18761 I ReactNativeJS: '[ZH_LAYOUT_QA]', '{"scene":"SCENE_ACT1_YUJIN_WARNING","width":411.42857142857144,"height":914.2857142857143,"fontScale":1,"insets":{"left":0,"bottom":0,"right":0,"top":50.28571319580078},"dialogueHeight":411.42857142857144,"sideDialogue":false,"time":66}'
09-12 12:41:16.617 18720 18761 I ReactNativeJS: '[ZH_LAYOUT_QA]', '{"scene":"SCENE_ACT2_THIRD_FLOOR","width":411.42857142857144,"height":914.2857142857143,"fontScale":1,"insets":{"left":0,"bottom":0,"right":0,"top":50.28571319580078},"dialogueHeight":411.42857142857144,"sideDialogue":false,"time":72}'
09-12 12:41:31.804 18720 18761 I ReactNativeJS: '[ZH_LAYOUT_QA]', '{"scene":"SCENE_ACT2_NURSE_AT_302","width":411.42857142857144,"height":914.2857142857143,"fontScale":1,"insets":{"left":0,"bottom":0,"right":0,"top":50.28571319580078},"dialogueHeight":411.42857142857144,"sideDialogue":false,"time":76}'
09-12 12:41:50.918 18720 18761 I ReactNativeJS: '[ZH_LAYOUT_QA]', '{"scene":"SCENE_ACT2_ROOM_CONTRADICTION","width":411.42857142857144,"height":914.2857142857143,"fontScale":1,"insets":{"left":0,"bottom":0,"right":0,"top":50.28571319580078},"dialogueHeight":411.42857142857144,"sideDialogue":false,"time":81}'
09-12 12:42:08.383 18720 18761 I ReactNativeJS: '[ZH_LAYOUT_QA]', '{"scene":"SCENE_ACT2_ROOM_CONTRADICTION","width":411.42857142857144,"height":914.2857142857143,"fontScale":1,"insets":{"left":0,"bottom":0,"right":0,"top":50.28571319580078},"dialogueHeight":411.42857142857144,"sideDialogue":false,"time":83}'
09-12 12:42:14.601 18720 18761 I ReactNativeJS: '[ZH_LAYOUT_QA]', '{"scene":"SCENE_ACT2_ROOM_CONTRADICTION","width":411.42857142857144,"height":914.2857142857143,"fontScale":1,"insets":{"left":0,"bottom":0,"right":0,"top":50.28571319580078},"dialogueHeight":411.42857142857144,"sideDialogue":false,"time":85}'
09-12 12:42:23.546 18720 18761 I ReactNativeJS: '[ZH_LAYOUT_QA]', '{"scene":"SCENE_ACT2_ROOM_CONTRADICTION","width":411.42857142857144,"height":914.2857142857143,"fontScale":1,"insets":{"left":0,"bottom":0,"right":0,"top":50.28571319580078},"dialogueHeight":411.42857142857144,"sideDialogue":false,"time":87}'
09-12 12:42:33.888 18720 18761 I ReactNativeJS: '[ZH_LAYOUT_QA]', '{"scene":"SCENE_ACT2_WRISTBAND","width":411.42857142857144,"height":914.2857142857143,"fontScale":1,"insets":{"left":0,"bottom":0,"right":0,"top":50.28571319580078},"dialogueHeight":411.42857142857144,"sideDialogue":false,"time":90}'
09-12 12:42:55.722 18720 18761 I ReactNativeJS: '[ZH_LAYOUT_QA]', '{"scene":"SCENE_ACT2_REMOTE_KNOWLEDGE","width":411.42857142857144,"height":914.2857142857143,"fontScale":1,"insets":{"left":0,"bottom":0,"right":0,"top":50.28571319580078},"dialogueHeight":411.42857142857144,"sideDialogue":false,"time":94}'
09-12 12:43:14.710 18720 18761 I ReactNativeJS: '[ZH_LAYOUT_QA]', '{"scene":"SCENE_ACT3_MAP_AND_TAEJUN","width":411.42857142857144,"height":914.2857142857143,"fontScale":1,"insets":{"left":0,"bottom":0,"right":0,"top":50.28571319580078},"dialogueHeight":411.42857142857144,"sideDialogue":false,"time":102}'
09-12 12:43:32.568 18720 18761 I ReactNativeJS: '[ZH_LAYOUT_QA]', '{"scene":"SCENE_ACT3_BLACKOUT","width":411.42857142857144,"height":914.2857142857143,"fontScale":1,"insets":{"left":0,"bottom":0,"right":0,"top":50.28571319580078},"dialogueHeight":411.42857142857144,"sideDialogue":false,"time":157}'
09-12 12:43:48.747 18720 18761 I ReactNativeJS: '[ZH_LAYOUT_QA]', '{"scene":"SCENE_FIRST_DEATH","width":411.42857142857144,"height":914.2857142857143,"fontScale":1,"insets":{"left":0,"bottom":0,"right":0,"top":50.28571319580078},"dialogueHeight":502.85714285714295,"sideDialogue":false,"time":157}'
09-12 12:44:32.751 18720 18761 I ReactNativeJS: '[ZH_LAYOUT_QA]', '{"scene":"SCENE_LOOP2_RESET_AWAKENING","width":411.42857142857144,"height":914.2857142857143,"fontScale":1,"insets":{"left":0,"bottom":0,"right":0,"top":50.28571319580078},"dialogueHeight":411.42857142857144,"sideDialogue":false,"time":0}'
09-12 12:44:50.395 18720 18761 I ReactNativeJS: '[ZH_LAYOUT_QA]', '{"scene":"SCENE_VERTICAL_SLICE_TITLE","width":411.42857142857144,"height":914.2857142857143,"fontScale":1,"insets":{"left":0,"bottom":0,"right":0,"top":50.28571319580078},"dialogueHeight":411.42857142857144,"sideDialogue":false,"time":1}'
09-12 12:45:13.682 18720 18761 I ReactNativeJS: '[ZH_LAYOUT_QA]', '{"scene":"SCENE_LOOP2_FIRST_CALL_TEST","width":411.42857142857144,"height":914.2857142857143,"fontScale":1,"insets":{"left":0,"bottom":0,"right":0,"top":50.28571319580078},"dialogueHeight":411.42857142857144,"sideDialogue":false,"time":2}'
09-12 12:45:39.292 18720 18761 I ReactNativeJS: '[ZH_LAYOUT_QA]', '{"scene":"SCENE_LOOP2_MESSAGE_TEST","width":411.42857142857144,"height":914.2857142857143,"fontScale":1,"insets":{"left":0,"bottom":0,"right":0,"top":50.28571319580078},"dialogueHeight":411.42857142857144,"sideDialogue":false,"time":36}'
09-12 12:46:01.177 18720 18761 I ReactNativeJS: '[ZH_LAYOUT_QA]', '{"scene":"SCENE_LOOP2_EARLY_ARRIVAL","width":411.42857142857144,"height":914.2857142857143,"fontScale":1,"insets":{"left":0,"bottom":0,"right":0,"top":50.28571319580078},"dialogueHeight":411.42857142857144,"sideDialogue":false,"time":45}'
09-12 12:46:45.688 18720 18761 I ReactNativeJS: '[ZH_LAYOUT_QA]', '{"scene":"SCENE_LOOP2_FIRST_PHONE","width":411.42857142857144,"height":914.2857142857143,"fontScale":1,"insets":{"left":0,"bottom":0,"right":0,"top":50.28571319580078},"dialogueHeight":411.42857142857144,"sideDialogue":false,"time":49}'
09-12 12:47:06.761 18720 18761 I ReactNativeJS: '[ZH_LAYOUT_QA]', '{"scene":"SCENE_LOOP2_PHONE_PARADOX","width":411.42857142857144,"height":914.2857142857143,"fontScale":1,"insets":{"left":0,"bottom":0,"right":0,"top":50.28571319580078},"dialogueHeight":411.42857142857144,"sideDialogue":false,"time":53}'
09-12 12:48:45.204 18720 18761 I ReactNativeJS: '[ZH_LAYOUT_QA]', '{"scene":"SCENE_LOOP2_YUJIN_FOREKNOWLEDGE","width":411.42857142857144,"height":914.2857142857143,"fontScale":1,"insets":{"left":0,"bottom":0,"right":0,"top":50.28571319580078},"dialogueHeight":411.42857142857144,"sideDialogue":false,"time":57}'
09-12 12:49:12.687 18720 18761 I ReactNativeJS: '[ZH_LAYOUT_QA]', '{"scene":"SCENE_LOOP2_STAFF_DOOR","width":411.42857142857144,"height":914.2857142857143,"fontScale":1,"insets":{"left":0,"bottom":0,"right":0,"top":50.28571319580078},"dialogueHeight":411.42857142857144,"sideDialogue":false,"time":65}'
09-12 12:49:31.835 18720 18761 I ReactNativeJS: '[ZH_LAYOUT_QA]', '{"scene":"SCENE_LOOP2_BLACKOUT_INTERVENTION","width":411.42857142857144,"height":914.2857142857143,"fontScale":1,"insets":{"left":0,"bottom":0,"right":0,"top":50.28571319580078},"dialogueHeight":411.42857142857144,"sideDialogue":false,"time":157}'
09-12 12:49:57.866 18720 18761 I ReactNativeJS: '[ZH_LAYOUT_QA]', '{"scene":"SCENE_LOOP2_OPERATIONS_CORRIDOR","width":411.42857142857144,"height":914.2857142857143,"fontScale":1,"insets":{"left":0,"bottom":0,"right":0,"top":50.28571319580078},"dialogueHeight":411.42857142857144,"sideDialogue":false,"time":158}'
09-12 12:50:18.193 18720 18761 I ReactNativeJS: '[ZH_LAYOUT_QA]', '{"scene":"SCENE_LOOP2_OPERATIONS_CORRIDOR","width":411.42857142857144,"height":914.2857142857143,"fontScale":1,"insets":{"left":0,"bottom":0,"right":0,"top":50.28571319580078},"dialogueHeight":411.42857142857144,"sideDialogue":false,"time":160}'
09-12 12:50:24.816 18720 18761 I ReactNativeJS: '[ZH_LAYOUT_QA]', '{"scene":"SCENE_LOOP2_OPERATIONS_CORRIDOR","width":411.42857142857144,"height":914.2857142857143,"fontScale":1,"insets":{"left":0,"bottom":0,"right":0,"top":50.28571319580078},"dialogueHeight":411.42857142857144,"sideDialogue":false,"time":162}'
09-12 12:50:33.058 18720 18761 I ReactNativeJS: '[ZH_LAYOUT_QA]', '{"scene":"SCENE_LOOP2_SEA_FIRST_MEETING","width":411.42857142857144,"height":914.2857142857143,"fontScale":1,"insets":{"left":0,"bottom":0,"right":0,"top":50.28571319580078},"dialogueHeight":411.42857142857144,"sideDialogue":false,"time":163}'
09-12 12:50:49.676 18720 18761 I ReactNativeJS: '[ZH_LAYOUT_QA]', '{"scene":"SCENE_LOOP2_TAEJUN_REJECTION","width":411.42857142857144,"height":914.2857142857143,"fontScale":1,"insets":{"left":0,"bottom":0,"right":0,"top":50.28571319580078},"dialogueHeight":411.42857142857144,"sideDialogue":false,"time":164}'
09-12 12:51:11.703 18720 18761 I ReactNativeJS: '[ZH_LAYOUT_QA]', '{"scene":"SCENE_LOOP2_SEOYUN_RECHECK","width":411.42857142857144,"height":914.2857142857143,"fontScale":1,"insets":{"left":0,"bottom":0,"right":0,"top":50.28571319580078},"dialogueHeight":411.42857142857144,"sideDialogue":false,"time":165}'
09-12 12:51:32.624 18720 18761 I ReactNativeJS: '[ZH_LAYOUT_QA]', '{"scene":"SCENE_LOOP2_RETURN_302","width":411.42857142857144,"height":914.2857142857143,"fontScale":1,"insets":{"left":0,"bottom":0,"right":0,"top":50.28571319580078},"dialogueHeight":411.42857142857144,"sideDialogue":false,"time":167}'
09-12 12:52:49.017 18720 18761 I ReactNativeJS: '[ZH_LAYOUT_QA]', '{"scene":"SCENE_LOOP2_SECOND_PHONE","width":411.42857142857144,"height":914.2857142857143,"fontScale":1,"insets":{"left":0,"bottom":0,"right":0,"top":50.28571319580078},"dialogueHeight":411.42857142857144,"sideDialogue":false,"time":168}'
09-12 12:53:12.319 18720 18761 I ReactNativeJS: '[ZH_LAYOUT_QA]', '{"scene":"SCENE_VERTICAL_SLICE_END","width":411.42857142857144,"height":914.2857142857143,"fontScale":1,"insets":{"left":0,"bottom":0,"right":0,"top":50.28571319580078},"dialogueHeight":411.42857142857144,"sideDialogue":false,"time":169}'
09-12 12:53:32.452 18720 18761 I ReactNativeJS: '[ZH_LAYOUT_QA]', '{"scene":"SCENE_LOOP2_CCTV_GAP","width":411.42857142857144,"height":914.2857142857143,"fontScale":1,"insets":{"left":0,"bottom":0,"right":0,"top":50.28571319580078},"dialogueHeight":411.42857142857144,"sideDialogue":false,"time":170}'
09-12 12:53:53.870 18720 18761 I ReactNativeJS: '[ZH_LAYOUT_QA]', '{"scene":"SCENE_LOOP2_06_CARD","width":411.42857142857144,"height":914.2857142857143,"fontScale":1,"insets":{"left":0,"bottom":0,"right":0,"top":50.28571319580078},"dialogueHeight":411.42857142857144,"sideDialogue":false,"time":172}'
09-12 12:54:26.928 18720 18761 I ReactNativeJS: '[ZH_LAYOUT_QA]', '{"scene":"SCENE_LOOP2_SEOYUN_UNCERTAIN","width":411.42857142857144,"height":914.2857142857143,"fontScale":1,"insets":{"left":0,"bottom":0,"right":0,"top":50.28571319580078},"dialogueHeight":411.42857142857144,"sideDialogue":false,"time":174}'
09-12 12:54:52.648 18720 18761 I ReactNativeJS: '[ZH_LAYOUT_QA]', '{"scene":"SCENE_LOOP2_OLD_MAP_SEARCH","width":411.42857142857144,"height":914.2857142857143,"fontScale":1,"insets":{"left":0,"bottom":0,"right":0,"top":50.28571319580078},"dialogueHeight":411.42857142857144,"sideDialogue":false,"time":177}'
09-12 12:55:08.038 18720 18761 I ReactNativeJS: '[ZH_LAYOUT_QA]', '{"scene":"SCENE_LOOP2_OLD_MAP_SEARCH","width":411.42857142857144,"height":914.2857142857143,"fontScale":1,"insets":{"left":0,"bottom":0,"right":0,"top":50.28571319580078},"dialogueHeight":411.42857142857144,"sideDialogue":false,"time":178}'
09-12 12:55:14.998 18720 18761 I ReactNativeJS: '[ZH_LAYOUT_QA]', '{"scene":"SCENE_LOOP2_OLD_MAP_SEARCH","width":411.42857142857144,"height":914.2857142857143,"fontScale":1,"insets":{"left":0,"bottom":0,"right":0,"top":50.28571319580078},"dialogueHeight":411.42857142857144,"sideDialogue":false,"time":180}'
09-12 12:55:26.514 18720 18761 I ReactNativeJS: '[ZH_LAYOUT_QA]', '{"scene":"SCENE_LOOP2_OLD_MAP_SEARCH","width":411.42857142857144,"height":914.2857142857143,"fontScale":1,"insets":{"left":0,"bottom":0,"right":0,"top":50.28571319580078},"dialogueHeight":411.42857142857144,"sideDialogue":false,"time":181}'
09-12 12:56:37.908 18720 18761 I ReactNativeJS: '[ZH_LAYOUT_QA]', '{"scene":"SCENE_LOOP2_TAEJUN_MAP","width":411.42857142857144,"height":914.2857142857143,"fontScale":1,"insets":{"left":0,"bottom":0,"right":0,"top":50.28571319580078},"dialogueHeight":411.42857142857144,"sideDialogue":false,"time":182}'
09-12 12:57:02.088 18720 18761 I ReactNativeJS: '[ZH_LAYOUT_QA]', '{"scene":"SCENE_LOOP2_SEOYUN_NEW_RULE","width":411.42857142857144,"height":914.2857142857143,"fontScale":1,"insets":{"left":0,"bottom":0,"right":0,"top":50.28571319580078},"dialogueHeight":411.42857142857144,"sideDialogue":false,"time":183}'
09-12 12:57:31.623 18720 18761 I ReactNativeJS: '[ZH_LAYOUT_QA]', '{"scene":"SCENE_CHAPTER02_END","width":411.42857142857144,"height":914.2857142857143,"fontScale":1,"insets":{"left":0,"bottom":0,"right":0,"top":50.28571319580078},"dialogueHeight":411.42857142857144,"sideDialogue":false,"time":184}'
09-12 12:58:17.266 18720 18761 I ReactNativeJS: '[ZH_LAYOUT_QA]', '{"scene":"SCENE_CH3_BAND_REQUEST","width":411.42857142857144,"height":914.2857142857143,"fontScale":1,"insets":{"left":0,"bottom":0,"right":0,"top":50.28571319580078},"dialogueHeight":411.42857142857144,"sideDialogue":false,"time":184}'
09-12 12:59:00.690 18720 18761 I ReactNativeJS: '[ZH_LAYOUT_QA]', '{"scene":"SCENE_CH3_BAND_YUJIN","width":411.42857142857144,"height":914.2857142857143,"fontScale":1,"insets":{"left":0,"bottom":0,"right":0,"top":50.28571319580078},"dialogueHeight":411.42857142857144,"sideDialogue":false,"time":187}'
09-12 13:00:01.887 18720 18761 I ReactNativeJS: '[ZH_LAYOUT_QA]', '{"scene":"SCENE_CH3_THREE_TESTIMONIES","width":411.42857142857144,"height":914.2857142857143,"fontScale":1,"insets":{"left":0,"bottom":0,"right":0,"top":50.28571319580078},"dialogueHeight":411.42857142857144,"sideDialogue":false,"time":187}'
09-12 13:02:15.386 18720 18761 I ReactNativeJS: '[ZH_LAYOUT_QA]', '{"scene":"SCENE_CH3_MINSEO_QUESTION","width":411.42857142857144,"height":914.2857142857143,"fontScale":1,"insets":{"left":0,"bottom":0,"right":0,"top":50.28571319580078},"dialogueHeight":411.42857142857144,"sideDialogue":false,"time":188}'
09-12 13:04:35.634 18720 18761 I ReactNativeJS: '[ZH_LAYOUT_QA]', '{"scene":"SCENE_CH3_MINSEO_WATCH","width":411.42857142857144,"height":914.2857142857143,"fontScale":1,"insets":{"left":0,"bottom":0,"right":0,"top":50.28571319580078},"dialogueHeight":411.42857142857144,"sideDialogue":false,"time":191}'
09-12 13:04:55.403 18720 18761 I ReactNativeJS: '[ZH_LAYOUT_QA]', '{"scene":"SCENE_CH3_MISSING_CARD","width":411.42857142857144,"height":914.2857142857143,"fontScale":1,"insets":{"left":0,"bottom":0,"right":0,"top":50.28571319580078},"dialogueHeight":411.42857142857144,"sideDialogue":false,"time":193}'
09-12 13:05:16.253 18720 18761 I ReactNativeJS: '[ZH_LAYOUT_QA]', '{"scene":"SCENE_CH3_MISSING_WORKER","width":411.42857142857144,"height":914.2857142857143,"fontScale":1,"insets":{"left":0,"bottom":0,"right":0,"top":50.28571319580078},"dialogueHeight":411.42857142857144,"sideDialogue":false,"time":196}'
09-12 13:05:37.100 18720 18761 I ReactNativeJS: '[ZH_LAYOUT_QA]', '{"scene":"SCENE_CH3_APPROACH_YUJIN","width":411.42857142857144,"height":914.2857142857143,"fontScale":1,"insets":{"left":0,"bottom":0,"right":0,"top":50.28571319580078},"dialogueHeight":411.42857142857144,"sideDialogue":false,"time":206}'
09-12 13:05:58.014 18720 18761 I ReactNativeJS: '[ZH_LAYOUT_QA]', '{"scene":"SCENE_CH3_TRANSFER_YUJIN","width":411.42857142857144,"height":914.2857142857143,"fontScale":1,"insets":{"left":0,"bottom":0,"right":0,"top":50.28571319580078},"dialogueHeight":411.42857142857144,"sideDialogue":false,"time":206}'
09-12 13:06:20.075 18720 18761 I ReactNativeJS: '[ZH_LAYOUT_QA]', '{"scene":"SCENE_CH3_TRANSFER_YUJIN","width":411.42857142857144,"height":914.2857142857143,"fontScale":1,"insets":{"left":0,"bottom":0,"right":0,"top":50.28571319580078},"dialogueHeight":411.42857142857144,"sideDialogue":false,"time":208}'
09-12 13:06:28.287 18720 18761 I ReactNativeJS: '[ZH_LAYOUT_QA]', '{"scene":"SCENE_CH3_TRANSFER_YUJIN","width":411.42857142857144,"height":914.2857142857143,"fontScale":1,"insets":{"left":0,"bottom":0,"right":0,"top":50.28571319580078},"dialogueHeight":411.42857142857144,"sideDialogue":false,"time":210}'
09-12 13:06:39.016 18720 18761 I ReactNativeJS: '[ZH_LAYOUT_QA]', '{"scene":"SCENE_CH3_TRANSFER_YUJIN","width":411.42857142857144,"height":914.2857142857143,"fontScale":1,"insets":{"left":0,"bottom":0,"right":0,"top":50.28571319580078},"dialogueHeight":411.42857142857144,"sideDialogue":false,"time":212}'
09-12 13:06:46.380 18720 18761 I ReactNativeJS: '[ZH_LAYOUT_QA]', '{"scene":"SCENE_CH3_TRANSFER_YUJIN","width":411.42857142857144,"height":914.2857142857143,"fontScale":1,"insets":{"left":0,"bottom":0,"right":0,"top":50.28571319580078},"dialogueHeight":411.42857142857144,"sideDialogue":false,"time":214}'
09-12 13:06:54.991 18720 18761 I ReactNativeJS: '[ZH_LAYOUT_QA]', '{"scene":"SCENE_CH3_TRANSFER_YUJIN","width":411.42857142857144,"height":914.2857142857143,"fontScale":1,"insets":{"left":0,"bottom":0,"right":0,"top":50.28571319580078},"dialogueHeight":411.42857142857144,"sideDialogue":false,"time":216}'
09-12 13:07:05.094 18720 18761 I ReactNativeJS: '[ZH_LAYOUT_QA]', '{"scene":"SCENE_CH3_0106_YUJIN","width":411.42857142857144,"height":914.2857142857143,"fontScale":1,"insets":{"left":0,"bottom":0,"right":0,"top":50.28571319580078},"dialogueHeight":411.42857142857144,"sideDialogue":false,"time":223}'
09-12 13:07:32.889 18720 18761 I ReactNativeJS: '[ZH_LAYOUT_QA]', '{"scene":"SCENE_CH3_LAST_RADIO","width":411.42857142857144,"height":914.2857142857143,"fontScale":1,"insets":{"left":0,"bottom":0,"right":0,"top":50.28571319580078},"dialogueHeight":411.42857142857144,"sideDialogue":false,"time":223}'
09-12 13:07:53.461 18720 18761 I ReactNativeJS: '[ZH_LAYOUT_QA]', '{"scene":"SCENE_CH3_DEATH_YUJIN","width":411.42857142857144,"height":914.2857142857143,"fontScale":1,"insets":{"left":0,"bottom":0,"right":0,"top":50.28571319580078},"dialogueHeight":502.85714285714295,"sideDialogue":false,"time":223}'
09-12 13:08:42.283 18720 18761 I ReactNativeJS: '[ZH_LAYOUT_QA]', '{"scene":"SCENE_CH3_RESET_2123","width":411.42857142857144,"height":914.2857142857143,"fontScale":1,"insets":{"left":0,"bottom":0,"right":0,"top":50.28571319580078},"dialogueHeight":411.42857142857144,"sideDialogue":false,"time":0}'
09-12 13:09:11.178 18720 18761 I ReactNativeJS: '[ZH_LAYOUT_QA]', '{"scene":"SCENE_CH4_OPENING","width":411.42857142857144,"height":914.2857142857143,"fontScale":1,"insets":{"left":0,"bottom":0,"right":0,"top":50.28571319580078},"dialogueHeight":411.42857142857144,"sideDialogue":false,"time":0}'
09-12 13:09:51.318 18720 18761 I ReactNativeJS: '[ZH_LAYOUT_QA]', '{"scene":"SCENE_CH4_MILESTONE_A_END","width":411.42857142857144,"height":914.2857142857143,"fontScale":1,"insets":{"left":0,"bottom":0,"right":0,"top":50.28571319580078},"dialogueHeight":411.42857142857144,"sideDialogue":false,"time":0}'
09-12 13:10:12.651 18720 18761 I ReactNativeJS: '[ZH_LAYOUT_QA]', '{"scene":"SCENE_CH4_T_01","width":411.42857142857144,"height":914.2857142857143,"fontScale":1,"insets":{"left":0,"bottom":0,"right":0,"top":50.28571319580078},"dialogueHeight":411.42857142857144,"sideDialogue":false,"time":50}'
09-12 13:10:47.152 18720 18761 I ReactNativeJS: '[ZH_LAYOUT_QA]', '{"scene":"SCENE_CH4_T_02","width":411.42857142857144,"height":914.2857142857143,"fontScale":1,"insets":{"left":0,"bottom":0,"right":0,"top":50.28571319580078},"dialogueHeight":411.42857142857144,"sideDialogue":false,"time":51}'
09-12 13:11:07.079 18720 18761 I ReactNativeJS: '[ZH_LAYOUT_QA]', '{"scene":"SCENE_CH4_T_03","width":411.42857142857144,"height":914.2857142857143,"fontScale":1,"insets":{"left":0,"bottom":0,"right":0,"top":50.28571319580078},"dialogueHeight":411.42857142857144,"sideDialogue":false,"time":53}'
09-12 13:11:20.048 18720 18761 I ReactNativeJS: '[ZH_LAYOUT_QA]', '{"scene":"SCENE_CH4_T_03","width":411.42857142857144,"height":914.2857142857143,"fontScale":1,"insets":{"left":0,"bottom":0,"right":0,"top":50.28571319580078},"dialogueHeight":512.0000000000001,"sideDialogue":false,"time":53}'
09-12 13:11:54.167 20476 20515 I ReactNativeJS: Running "main" with {"rootTag":1,"initialProps":{},"fabric":true}
09-12 13:11:54.518 20476 20515 I ReactNativeJS: '[ZH_LAYOUT_QA]', '{"scene":"SCENE_CH4_T_03","width":411.42857142857144,"height":914.2857142857143,"fontScale":1,"insets":{"left":0,"bottom":0,"right":0,"top":50.28571319580078},"dialogueHeight":411.42857142857144,"sideDialogue":false,"time":53}'
09-12 13:11:55.396 20476 20515 I ReactNativeJS: '[ZH_LAYOUT_QA]', '{"scene":"SCENE_CH4_T_03","width":411.42857142857144,"height":914.2857142857143,"fontScale":1,"insets":{"left":0,"bottom":0,"right":0,"top":50.28571319580078},"dialogueHeight":512.0000000000001,"sideDialogue":false,"time":53}'
09-12 13:12:29.815 20476 20515 I ReactNativeJS: '[ZH_LAYOUT_QA]', '{"scene":"SCENE_CH4_T_03","width":411.42857142857144,"height":731.4285714285714,"fontScale":1,"insets":{"left":0,"bottom":0,"right":0,"top":50.28571319580078},"dialogueHeight":420,"sideDialogue":false,"time":53}'
09-12 13:12:29.887 20476 20515 I ReactNativeJS: '[ZH_LAYOUT_QA]', '{"scene":"SCENE_CH4_T_03","width":411.42857142857144,"height":731.4285714285714,"fontScale":1,"insets":{"left":0,"bottom":0,"right":0,"top":40.380950927734375},"dialogueHeight":420,"sideDialogue":false,"time":53}'
09-12 13:12:49.501 20623 20663 I ReactNativeJS: Running "main" with {"rootTag":1,"initialProps":{},"fabric":true}
09-12 13:12:49.815 20623 20663 I ReactNativeJS: '[ZH_LAYOUT_QA]', '{"scene":"SCENE_CH3_MINSEO_QUESTION","width":411.42857142857144,"height":731.4285714285714,"fontScale":1,"insets":{"left":0,"bottom":0,"right":0,"top":40.380950927734375},"dialogueHeight":329.14285714285717,"sideDialogue":false,"time":188}'
09-12 13:13:18.239 20623 20663 I ReactNativeJS: Running "main" with {"rootTag":11,"initialProps":{},"fabric":true}
09-12 13:13:18.348 20623 20663 I ReactNativeJS: '[ZH_LAYOUT_QA]', '{"scene":"SCENE_CH3_MINSEO_QUESTION","width":411.42857142857144,"height":731.4285714285714,"fontScale":1.5,"insets":{"left":0,"bottom":0,"right":0,"top":40.380950927734375},"dialogueHeight":329.14285714285717,"sideDialogue":false,"time":188}'
09-12 13:13:18.435 20623 20663 I ReactNativeJS: '[ZH_LAYOUT_QA]', '{"scene":"SCENE_CH3_MINSEO_QUESTION","width":411.42857142857144,"height":731.4285714285714,"fontScale":1.5,"insets":{"left":0,"bottom":24,"right":0,"top":40.380950927734375},"dialogueHeight":329.14285714285717,"sideDialogue":false,"time":188}'
09-12 13:13:18.483 20623 20663 I ReactNativeJS: '[ZH_LAYOUT_QA]', '{"scene":"SCENE_CH3_MINSEO_QUESTION","width":411.42857142857144,"height":731.4285714285714,"fontScale":1.5,"insets":{"left":0,"bottom":0,"right":0,"top":40.380950927734375},"dialogueHeight":329.14285714285717,"sideDialogue":false,"time":188}'
09-12 13:13:35.329 20738 20780 I ReactNativeJS: Running "main" with {"rootTag":1,"initialProps":{},"fabric":true}
09-12 13:13:35.639 20738 20780 I ReactNativeJS: '[ZH_LAYOUT_QA]', '{"scene":"SCENE_CH3_MINSEO_QUESTION","width":411.42857142857144,"height":731.4285714285714,"fontScale":1.5,"insets":{"left":0,"bottom":0,"right":0,"top":40.380950927734375},"dialogueHeight":329.14285714285717,"sideDialogue":false,"time":188}'
09-12 13:14:44.719 20879 20921 I ReactNativeJS: Running "main" with {"rootTag":1,"initialProps":{},"fabric":true}
09-12 13:14:45.017 20879 20921 I ReactNativeJS: '[ZH_LAYOUT_QA]', '{"scene":"SCENE_LOOP2_06_CARD","width":411.42857142857144,"height":731.4285714285714,"fontScale":1.5,"insets":{"left":0,"bottom":0,"right":0,"top":40.380950927734375},"dialogueHeight":329.14285714285717,"sideDialogue":false,"time":172}'
09-12 13:15:45.301 20988 21030 I ReactNativeJS: Running "main" with {"rootTag":1,"initialProps":{},"fabric":true}
09-12 13:15:45.608 20988 21030 I ReactNativeJS: '[ZH_LAYOUT_QA]', '{"scene":"SCENE_LOOP2_OPERATIONS_CORRIDOR","width":411.42857142857144,"height":731.4285714285714,"fontScale":1.5,"insets":{"left":0,"bottom":0,"right":0,"top":40.380950927734375},"dialogueHeight":329.14285714285717,"sideDialogue":false,"time":158}'
09-12 13:16:09.276 20988 21030 I ReactNativeJS: '[ZH_LAYOUT_QA]', '{"scene":"SCENE_LOOP2_OPERATIONS_CORRIDOR","width":411.42857142857144,"height":731.4285714285714,"fontScale":1.5,"insets":{"left":0,"bottom":0,"right":0,"top":40.380950927734375},"dialogueHeight":329.14285714285717,"sideDialogue":false,"time":160}'
09-12 13:16:23.154 20988 21030 I ReactNativeJS: '[ZH_LAYOUT_QA]', '{"scene":"SCENE_LOOP2_OPERATIONS_CORRIDOR","width":411.42857142857144,"height":731.4285714285714,"fontScale":1.5,"insets":{"left":0,"bottom":0,"right":0,"top":40.380950927734375},"dialogueHeight":329.14285714285717,"sideDialogue":false,"time":162}'
09-12 13:21:23.675 20988 21030 I ReactNativeJS: '[ZH_LAYOUT_QA]', '{"scene":"SCENE_LOOP2_SEA_FIRST_MEETING","width":411.42857142857144,"height":731.4285714285714,"fontScale":1.5,"insets":{"left":0,"bottom":0,"right":0,"top":40.380950927734375},"dialogueHeight":329.14285714285717,"sideDialogue":false,"time":163}'
09-12 13:21:40.596 20988 21030 I ReactNativeJS: '[ZH_LAYOUT_QA]', '{"scene":"SCENE_LOOP2_SEOYUN_RECHECK","width":411.42857142857144,"height":731.4285714285714,"fontScale":1.5,"insets":{"left":0,"bottom":0,"right":0,"top":40.380950927734375},"dialogueHeight":329.14285714285717,"sideDialogue":false,"time":164}'
09-12 13:22:20.025 20988 21030 I ReactNativeJS: '[ZH_LAYOUT_QA]', '{"scene":"SCENE_LOOP2_RETURN_302","width":411.42857142857144,"height":731.4285714285714,"fontScale":1.5,"insets":{"left":0,"bottom":0,"right":0,"top":40.380950927734375},"dialogueHeight":329.14285714285717,"sideDialogue":false,"time":166}'
09-12 13:22:39.212 20988 21030 I ReactNativeJS: '[ZH_LAYOUT_QA]', '{"scene":"SCENE_LOOP2_RETURN_302","width":411.42857142857144,"height":914.2857142857143,"fontScale":1.5,"insets":{"left":0,"bottom":0,"right":0,"top":40.380950927734375},"dialogueHeight":411.42857142857144,"sideDialogue":false,"time":166}'
09-12 13:22:39.246 20988 21030 I ReactNativeJS: '[ZH_LAYOUT_QA]', '{"scene":"SCENE_LOOP2_RETURN_302","width":411.42857142857144,"height":914.2857142857143,"fontScale":1.5,"insets":{"left":0,"bottom":0,"right":0,"top":50.28571319580078},"dialogueHeight":411.42857142857144,"sideDialogue":false,"time":166}'
09-12 13:22:39.274 20988 21030 I ReactNativeJS: Running "main" with {"rootTag":11,"initialProps":{},"fabric":true}
09-12 13:22:39.320 20988 21030 I ReactNativeJS: '[ZH_LAYOUT_QA]', '{"scene":"SCENE_LOOP2_RETURN_302","width":411.42857142857144,"height":914.2857142857143,"fontScale":1,"insets":{"left":0,"bottom":0,"right":0,"top":50.28571319580078},"dialogueHeight":411.42857142857144,"sideDialogue":false,"time":166}'
09-12 13:22:39.471 20988 21030 I ReactNativeJS: '[ZH_LAYOUT_QA]', '{"scene":"SCENE_LOOP2_RETURN_302","width":411.42857142857144,"height":914.2857142857143,"fontScale":1,"insets":{"left":0,"bottom":24,"right":0,"top":50.28571319580078},"dialogueHeight":411.42857142857144,"sideDialogue":false,"time":166}'
09-12 13:22:39.523 20988 21030 I ReactNativeJS: '[ZH_LAYOUT_QA]', '{"scene":"SCENE_LOOP2_RETURN_302","width":411.42857142857144,"height":914.2857142857143,"fontScale":1,"insets":{"left":0,"bottom":0,"right":0,"top":50.28571319580078},"dialogueHeight":411.42857142857144,"sideDialogue":false,"time":166}'
09-12 13:22:53.725 21402 21441 I ReactNativeJS: Running "main" with {"rootTag":1,"initialProps":{},"fabric":true}
09-12 13:22:54.026 21402 21441 I ReactNativeJS: '[ZH_LAYOUT_QA]', '{"scene":"SCENE_CH4_T_03","width":411.42857142857144,"height":914.2857142857143,"fontScale":1,"insets":{"left":0,"bottom":0,"right":0,"top":50.28571319580078},"dialogueHeight":411.42857142857144,"sideDialogue":false,"time":53}'
09-12 13:22:54.910 21402 21441 I ReactNativeJS: '[ZH_LAYOUT_QA]', '{"scene":"SCENE_CH4_T_03","width":411.42857142857144,"height":914.2857142857143,"fontScale":1,"insets":{"left":0,"bottom":0,"right":0,"top":50.28571319580078},"dialogueHeight":512.0000000000001,"sideDialogue":false,"time":53}'
