Starting project at C:\Dev\zero-hour-game
Metro is running in CI mode, reloads are disabled. Remove CI=true to enable watch mode.
Starting Metro Bundler
Waiting on http://localhost:8081
Logs for your project will appear below.
Android node_modules\expo\AppEntry.js ░░░░░░░░░░░░░░░░  0.0% (0/1)
| (node:30804) Warning: The 'NO_COLOR' env is ignored due to the 'FORCE_COLOR' env being set.
| (Use `node --trace-warnings ...` to show where the warning was created)
| (node:24984) Warning: The 'NO_COLOR' env is ignored due to the 'FORCE_COLOR' env being set.
| (Use `node --trace-warnings ...` to show where the warning was created)
Android Bundled 1648ms node_modules\expo\AppEntry.js (2675 modules)
Android node_modules\expo\AppEntry.js ░░░░░░░░░░░░░░░░  0.0% (0/1)
Android Bundled 578ms node_modules\expo\AppEntry.js (2649 modules)
 INFO  [ZH_LAYOUT_QA] {"scene":"SCENE_CH4_MILESTONE_A_END","width":411.42857142857144,"height":914.2857142857143,"fontScale":1,"insets":{"left":0,"bottom":0,"right":0,"top":50.28571319580078},"dialogueHeight":411.42857142857144,"sideDialogue":false,"time":0}
 INFO  [ZH_LAYOUT_QA] {"scene":"SCENE_CH4_T_01","width":411.42857142857144,"height":914.2857142857143,"fontScale":1,"insets":{"left":0,"bottom":0,"right":0,"top":50.28571319580078},"dialogueHeight":411.42857142857144,"sideDialogue":false,"time":50}
 INFO  [ZH_LAYOUT_QA] {"scene":"SCENE_CH4_T_02","width":411.42857142857144,"height":914.2857142857143,"fontScale":1,"insets":{"left":0,"bottom":0,"right":0,"top":50.28571319580078},"dialogueHeight":411.42857142857144,"sideDialogue":false,"time":51}
 INFO  [ZH_LAYOUT_QA] {"scene":"SCENE_CH4_T_03","width":411.42857142857144,"height":914.2857142857143,"fontScale":1,"insets":{"left":0,"bottom":0,"right":0,"top":50.28571319580078},"dialogueHeight":411.42857142857144,"sideDialogue":false,"time":53}
 INFO  [ZH_LAYOUT_QA] {"scene":"SCENE_CH4_T_03","width":411.42857142857144,"height":914.2857142857143,"fontScale":1,"insets":{"left":0,"bottom":0,"right":0,"top":50.28571319580078},"dialogueHeight":512.0000000000001,"sideDialogue":false,"time":53}
Android node_modules\expo\AppEntry.js ░░░░░░░░░░░░░░░░  0.0% (0/1)
Android Bundled 34ms node_modules\expo\AppEntry.js (1 module)
 INFO  [ZH_LAYOUT_QA] {"scene":"SCENE_CH4_MILESTONE_A_END","width":411.42857142857144,"height":914.2857142857143,"fontScale":1,"insets":{"left":0,"bottom":0,"right":0,"top":50.28571319580078},"dialogueHeight":411.42857142857144,"sideDialogue":false,"time":0}
 INFO  [ZH_LAYOUT_QA] {"scene":"SCENE_CH4_S_01","width":411.42857142857144,"height":914.2857142857143,"fontScale":1,"insets":{"left":0,"bottom":0,"right":0,"top":50.28571319580078},"dialogueHeight":411.42857142857144,"sideDialogue":false,"time":157}
 INFO  [ZH_LAYOUT_QA] {"scene":"SCENE_CH4_S_01","width":411.42857142857144,"height":914.2857142857143,"fontScale":1,"insets":{"left":0,"bottom":0,"right":0,"top":50.28571319580078},"dialogueHeight":512.0000000000001,"sideDialogue":false,"time":157}
 INFO  [ZH_LAYOUT_QA] {"scene":"SCENE_ACT0_DRIVE","width":411.42857142857144,"height":914.2857142857143,"fontScale":1,"insets":{"left":0,"bottom":0,"right":0,"top":50.28571319580078},"dialogueHeight":411.42857142857144,"sideDialogue":false,"time":0}
 INFO  [ZH_LAYOUT_QA] {"scene":"SCENE_ACT0_WATCH_CALL","width":411.42857142857144,"height":914.2857142857143,"fontScale":1,"insets":{"left":0,"bottom":0,"right":0,"top":50.28571319580078},"dialogueHeight":411.42857142857144,"sideDialogue":false,"time":4}
 INFO  [ZH_LAYOUT_QA] {"scene":"SCENE_ACT0_MESSAGES","width":411.42857142857144,"height":914.2857142857143,"fontScale":1,"insets":{"left":0,"bottom":0,"right":0,"top":50.28571319580078},"dialogueHeight":411.42857142857144,"sideDialogue":false,"time":36}
 INFO  [ZH_LAYOUT_QA] {"scene":"SCENE_ACT0_LAST_CALL","width":411.42857142857144,"height":914.2857142857143,"fontScale":1,"insets":{"left":0,"bottom":0,"right":0,"top":50.28571319580078},"dialogueHeight":411.42857142857144,"sideDialogue":false,"time":44}
 INFO  [ZH_LAYOUT_QA] {"scene":"SCENE_ACT0_ARRIVAL","width":411.42857142857144,"height":914.2857142857143,"fontScale":1,"insets":{"left":0,"bottom":0,"right":0,"top":50.28571319580078},"dialogueHeight":411.42857142857144,"sideDialogue":false,"time":52}
 INFO  [ZH_LAYOUT_QA] {"scene":"SCENE_ACT1_YUJIN_FIRST","width":411.42857142857144,"height":914.2857142857143,"fontScale":1,"insets":{"left":0,"bottom":0,"right":0,"top":50.28571319580078},"dialogueHeight":411.42857142857144,"sideDialogue":false,"time":55}
 INFO  [ZH_LAYOUT_QA] {"scene":"SCENE_ACT1_YUJIN_SEARCH","width":411.42857142857144,"height":914.2857142857143,"fontScale":1,"insets":{"left":0,"bottom":0,"right":0,"top":50.28571319580078},"dialogueHeight":411.42857142857144,"sideDialogue":false,"time":59}
 INFO  [ZH_LAYOUT_QA] {"scene":"SCENE_ACT1_YUJIN_DENIAL","width":411.42857142857144,"height":914.2857142857143,"fontScale":1,"insets":{"left":0,"bottom":0,"right":0,"top":50.28571319580078},"dialogueHeight":411.42857142857144,"sideDialogue":false,"time":63}
 INFO  [ZH_LAYOUT_QA] {"scene":"SCENE_ACT1_YUJIN_WARNING","width":411.42857142857144,"height":914.2857142857143,"fontScale":1,"insets":{"left":0,"bottom":0,"right":0,"top":50.28571319580078},"dialogueHeight":411.42857142857144,"sideDialogue":false,"time":66}
 INFO  [ZH_LAYOUT_QA] {"scene":"SCENE_ACT2_THIRD_FLOOR","width":411.42857142857144,"height":914.2857142857143,"fontScale":1,"insets":{"left":0,"bottom":0,"right":0,"top":50.28571319580078},"dialogueHeight":411.42857142857144,"sideDialogue":false,"time":72}
 INFO  [ZH_LAYOUT_QA] {"scene":"SCENE_ACT2_NURSE_AT_302","width":411.42857142857144,"height":914.2857142857143,"fontScale":1,"insets":{"left":0,"bottom":0,"right":0,"top":50.28571319580078},"dialogueHeight":411.42857142857144,"sideDialogue":false,"time":76}
 INFO  [ZH_LAYOUT_QA] {"scene":"SCENE_ACT2_ROOM_CONTRADICTION","width":411.42857142857144,"height":914.2857142857143,"fontScale":1,"insets":{"left":0,"bottom":0,"right":0,"top":50.28571319580078},"dialogueHeight":411.42857142857144,"sideDialogue":false,"time":81}
 INFO  [ZH_LAYOUT_QA] {"scene":"SCENE_ACT2_ROOM_CONTRADICTION","width":411.42857142857144,"height":914.2857142857143,"fontScale":1,"insets":{"left":0,"bottom":0,"right":0,"top":50.28571319580078},"dialogueHeight":411.42857142857144,"sideDialogue":false,"time":83}
 INFO  [ZH_LAYOUT_QA] {"scene":"SCENE_ACT2_ROOM_CONTRADICTION","width":411.42857142857144,"height":914.2857142857143,"fontScale":1,"insets":{"left":0,"bottom":0,"right":0,"top":50.28571319580078},"dialogueHeight":411.42857142857144,"sideDialogue":false,"time":85}
 INFO  [ZH_LAYOUT_QA] {"scene":"SCENE_ACT2_ROOM_CONTRADICTION","width":411.42857142857144,"height":914.2857142857143,"fontScale":1,"insets":{"left":0,"bottom":0,"right":0,"top":50.28571319580078},"dialogueHeight":411.42857142857144,"sideDialogue":false,"time":87}
 INFO  [ZH_LAYOUT_QA] {"scene":"SCENE_ACT2_WRISTBAND","width":411.42857142857144,"height":914.2857142857143,"fontScale":1,"insets":{"left":0,"bottom":0,"right":0,"top":50.28571319580078},"dialogueHeight":411.42857142857144,"sideDialogue":false,"time":90}
 INFO  [ZH_LAYOUT_QA] {"scene":"SCENE_ACT2_REMOTE_KNOWLEDGE","width":411.42857142857144,"height":914.2857142857143,"fontScale":1,"insets":{"left":0,"bottom":0,"right":0,"top":50.28571319580078},"dialogueHeight":411.42857142857144,"sideDialogue":false,"time":94}
 INFO  [ZH_LAYOUT_QA] {"scene":"SCENE_ACT3_MAP_AND_TAEJUN","width":411.42857142857144,"height":914.2857142857143,"fontScale":1,"insets":{"left":0,"bottom":0,"right":0,"top":50.28571319580078},"dialogueHeight":411.42857142857144,"sideDialogue":false,"time":102}
 INFO  [ZH_LAYOUT_QA] {"scene":"SCENE_ACT3_BLACKOUT","width":411.42857142857144,"height":914.2857142857143,"fontScale":1,"insets":{"left":0,"bottom":0,"right":0,"top":50.28571319580078},"dialogueHeight":411.42857142857144,"sideDialogue":false,"time":157}
 INFO  [ZH_LAYOUT_QA] {"scene":"SCENE_FIRST_DEATH","width":411.42857142857144,"height":914.2857142857143,"fontScale":1,"insets":{"left":0,"bottom":0,"right":0,"top":50.28571319580078},"dialogueHeight":502.85714285714295,"sideDialogue":false,"time":157}
 INFO  [ZH_LAYOUT_QA] {"scene":"SCENE_LOOP2_RESET_AWAKENING","width":411.42857142857144,"height":914.2857142857143,"fontScale":1,"insets":{"left":0,"bottom":0,"right":0,"top":50.28571319580078},"dialogueHeight":411.42857142857144,"sideDialogue":false,"time":0}
 INFO  [ZH_LAYOUT_QA] {"scene":"SCENE_VERTICAL_SLICE_TITLE","width":411.42857142857144,"height":914.2857142857143,"fontScale":1,"insets":{"left":0,"bottom":0,"right":0,"top":50.28571319580078},"dialogueHeight":411.42857142857144,"sideDialogue":false,"time":1}
 INFO  [ZH_LAYOUT_QA] {"scene":"SCENE_LOOP2_FIRST_CALL_TEST","width":411.42857142857144,"height":914.2857142857143,"fontScale":1,"insets":{"left":0,"bottom":0,"right":0,"top":50.28571319580078},"dialogueHeight":411.42857142857144,"sideDialogue":false,"time":2}
 INFO  [ZH_LAYOUT_QA] {"scene":"SCENE_LOOP2_MESSAGE_TEST","width":411.42857142857144,"height":914.2857142857143,"fontScale":1,"insets":{"left":0,"bottom":0,"right":0,"top":50.28571319580078},"dialogueHeight":411.42857142857144,"sideDialogue":false,"time":36}
 INFO  [ZH_LAYOUT_QA] {"scene":"SCENE_LOOP2_EARLY_ARRIVAL","width":411.42857142857144,"height":914.2857142857143,"fontScale":1,"insets":{"left":0,"bottom":0,"right":0,"top":50.28571319580078},"dialogueHeight":411.42857142857144,"sideDialogue":false,"time":45}
 INFO  [ZH_LAYOUT_QA] {"scene":"SCENE_LOOP2_FIRST_PHONE","width":411.42857142857144,"height":914.2857142857143,"fontScale":1,"insets":{"left":0,"bottom":0,"right":0,"top":50.28571319580078},"dialogueHeight":411.42857142857144,"sideDialogue":false,"time":49}
 INFO  [ZH_LAYOUT_QA] {"scene":"SCENE_LOOP2_PHONE_PARADOX","width":411.42857142857144,"height":914.2857142857143,"fontScale":1,"insets":{"left":0,"bottom":0,"right":0,"top":50.28571319580078},"dialogueHeight":411.42857142857144,"sideDialogue":false,"time":53}
 INFO  [ZH_LAYOUT_QA] {"scene":"SCENE_LOOP2_YUJIN_FOREKNOWLEDGE","width":411.42857142857144,"height":914.2857142857143,"fontScale":1,"insets":{"left":0,"bottom":0,"right":0,"top":50.28571319580078},"dialogueHeight":411.42857142857144,"sideDialogue":false,"time":57}
 INFO  [ZH_LAYOUT_QA] {"scene":"SCENE_LOOP2_STAFF_DOOR","width":411.42857142857144,"height":914.2857142857143,"fontScale":1,"insets":{"left":0,"bottom":0,"right":0,"top":50.28571319580078},"dialogueHeight":411.42857142857144,"sideDialogue":false,"time":65}
 INFO  [ZH_LAYOUT_QA] {"scene":"SCENE_LOOP2_BLACKOUT_INTERVENTION","width":411.42857142857144,"height":914.2857142857143,"fontScale":1,"insets":{"left":0,"bottom":0,"right":0,"top":50.28571319580078},"dialogueHeight":411.42857142857144,"sideDialogue":false,"time":157}
 INFO  [ZH_LAYOUT_QA] {"scene":"SCENE_LOOP2_OPERATIONS_CORRIDOR","width":411.42857142857144,"height":914.2857142857143,"fontScale":1,"insets":{"left":0,"bottom":0,"right":0,"top":50.28571319580078},"dialogueHeight":411.42857142857144,"sideDialogue":false,"time":158}
 INFO  [ZH_LAYOUT_QA] {"scene":"SCENE_LOOP2_OPERATIONS_CORRIDOR","width":411.42857142857144,"height":914.2857142857143,"fontScale":1,"insets":{"left":0,"bottom":0,"right":0,"top":50.28571319580078},"dialogueHeight":411.42857142857144,"sideDialogue":false,"time":160}
 INFO  [ZH_LAYOUT_QA] {"scene":"SCENE_LOOP2_OPERATIONS_CORRIDOR","width":411.42857142857144,"height":914.2857142857143,"fontScale":1,"insets":{"left":0,"bottom":0,"right":0,"top":50.28571319580078},"dialogueHeight":411.42857142857144,"sideDialogue":false,"time":162}
 INFO  [ZH_LAYOUT_QA] {"scene":"SCENE_LOOP2_SEA_FIRST_MEETING","width":411.42857142857144,"height":914.2857142857143,"fontScale":1,"insets":{"left":0,"bottom":0,"right":0,"top":50.28571319580078},"dialogueHeight":411.42857142857144,"sideDialogue":false,"time":163}
 INFO  [ZH_LAYOUT_QA] {"scene":"SCENE_LOOP2_TAEJUN_REJECTION","width":411.42857142857144,"height":914.2857142857143,"fontScale":1,"insets":{"left":0,"bottom":0,"right":0,"top":50.28571319580078},"dialogueHeight":411.42857142857144,"sideDialogue":false,"time":164}
 INFO  [ZH_LAYOUT_QA] {"scene":"SCENE_LOOP2_SEOYUN_RECHECK","width":411.42857142857144,"height":914.2857142857143,"fontScale":1,"insets":{"left":0,"bottom":0,"right":0,"top":50.28571319580078},"dialogueHeight":411.42857142857144,"sideDialogue":false,"time":165}
 INFO  [ZH_LAYOUT_QA] {"scene":"SCENE_LOOP2_RETURN_302","width":411.42857142857144,"height":914.2857142857143,"fontScale":1,"insets":{"left":0,"bottom":0,"right":0,"top":50.28571319580078},"dialogueHeight":411.42857142857144,"sideDialogue":false,"time":167}
 INFO  [ZH_LAYOUT_QA] {"scene":"SCENE_LOOP2_SECOND_PHONE","width":411.42857142857144,"height":914.2857142857143,"fontScale":1,"insets":{"left":0,"bottom":0,"right":0,"top":50.28571319580078},"dialogueHeight":411.42857142857144,"sideDialogue":false,"time":168}
 INFO  [ZH_LAYOUT_QA] {"scene":"SCENE_VERTICAL_SLICE_END","width":411.42857142857144,"height":914.2857142857143,"fontScale":1,"insets":{"left":0,"bottom":0,"right":0,"top":50.28571319580078},"dialogueHeight":411.42857142857144,"sideDialogue":false,"time":169}
 INFO  [ZH_LAYOUT_QA] {"scene":"SCENE_LOOP2_CCTV_GAP","width":411.42857142857144,"height":914.2857142857143,"fontScale":1,"insets":{"left":0,"bottom":0,"right":0,"top":50.28571319580078},"dialogueHeight":411.42857142857144,"sideDialogue":false,"time":170}
 INFO  [ZH_LAYOUT_QA] {"scene":"SCENE_LOOP2_06_CARD","width":411.42857142857144,"height":914.2857142857143,"fontScale":1,"insets":{"left":0,"bottom":0,"right":0,"top":50.28571319580078},"dialogueHeight":411.42857142857144,"sideDialogue":false,"time":172}
 INFO  [ZH_LAYOUT_QA] {"scene":"SCENE_LOOP2_SEOYUN_UNCERTAIN","width":411.42857142857144,"height":914.2857142857143,"fontScale":1,"insets":{"left":0,"bottom":0,"right":0,"top":50.28571319580078},"dialogueHeight":411.42857142857144,"sideDialogue":false,"time":174}
 INFO  [ZH_LAYOUT_QA] {"scene":"SCENE_LOOP2_OLD_MAP_SEARCH","width":411.42857142857144,"height":914.2857142857143,"fontScale":1,"insets":{"left":0,"bottom":0,"right":0,"top":50.28571319580078},"dialogueHeight":411.42857142857144,"sideDialogue":false,"time":177}
 INFO  [ZH_LAYOUT_QA] {"scene":"SCENE_LOOP2_OLD_MAP_SEARCH","width":411.42857142857144,"height":914.2857142857143,"fontScale":1,"insets":{"left":0,"bottom":0,"right":0,"top":50.28571319580078},"dialogueHeight":411.42857142857144,"sideDialogue":false,"time":178}
 INFO  [ZH_LAYOUT_QA] {"scene":"SCENE_LOOP2_OLD_MAP_SEARCH","width":411.42857142857144,"height":914.2857142857143,"fontScale":1,"insets":{"left":0,"bottom":0,"right":0,"top":50.28571319580078},"dialogueHeight":411.42857142857144,"sideDialogue":false,"time":180}
 INFO  [ZH_LAYOUT_QA] {"scene":"SCENE_LOOP2_OLD_MAP_SEARCH","width":411.42857142857144,"height":914.2857142857143,"fontScale":1,"insets":{"left":0,"bottom":0,"right":0,"top":50.28571319580078},"dialogueHeight":411.42857142857144,"sideDialogue":false,"time":181}
 INFO  [ZH_LAYOUT_QA] {"scene":"SCENE_LOOP2_TAEJUN_MAP","width":411.42857142857144,"height":914.2857142857143,"fontScale":1,"insets":{"left":0,"bottom":0,"right":0,"top":50.28571319580078},"dialogueHeight":411.42857142857144,"sideDialogue":false,"time":182}
 INFO  [ZH_LAYOUT_QA] {"scene":"SCENE_LOOP2_SEOYUN_NEW_RULE","width":411.42857142857144,"height":914.2857142857143,"fontScale":1,"insets":{"left":0,"bottom":0,"right":0,"top":50.28571319580078},"dialogueHeight":411.42857142857144,"sideDialogue":false,"time":183}
 INFO  [ZH_LAYOUT_QA] {"scene":"SCENE_CHAPTER02_END","width":411.42857142857144,"height":914.2857142857143,"fontScale":1,"insets":{"left":0,"bottom":0,"right":0,"top":50.28571319580078},"dialogueHeight":411.42857142857144,"sideDialogue":false,"time":184}
 INFO  [ZH_LAYOUT_QA] {"scene":"SCENE_CH3_BAND_REQUEST","width":411.42857142857144,"height":914.2857142857143,"fontScale":1,"insets":{"left":0,"bottom":0,"right":0,"top":50.28571319580078},"dialogueHeight":411.42857142857144,"sideDialogue":false,"time":184}
 INFO  [ZH_LAYOUT_QA] {"scene":"SCENE_CH3_BAND_YUJIN","width":411.42857142857144,"height":914.2857142857143,"fontScale":1,"insets":{"left":0,"bottom":0,"right":0,"top":50.28571319580078},"dialogueHeight":411.42857142857144,"sideDialogue":false,"time":187}
 INFO  [ZH_LAYOUT_QA] {"scene":"SCENE_CH3_THREE_TESTIMONIES","width":411.42857142857144,"height":914.2857142857143,"fontScale":1,"insets":{"left":0,"bottom":0,"right":0,"top":50.28571319580078},"dialogueHeight":411.42857142857144,"sideDialogue":false,"time":187}
 INFO  [ZH_LAYOUT_QA] {"scene":"SCENE_CH3_MINSEO_QUESTION","width":411.42857142857144,"height":914.2857142857143,"fontScale":1,"insets":{"left":0,"bottom":0,"right":0,"top":50.28571319580078},"dialogueHeight":411.42857142857144,"sideDialogue":false,"time":188}
 INFO  [ZH_LAYOUT_QA] {"scene":"SCENE_CH3_MINSEO_WATCH","width":411.42857142857144,"height":914.2857142857143,"fontScale":1,"insets":{"left":0,"bottom":0,"right":0,"top":50.28571319580078},"dialogueHeight":411.42857142857144,"sideDialogue":false,"time":191}
 INFO  [ZH_LAYOUT_QA] {"scene":"SCENE_CH3_MISSING_CARD","width":411.42857142857144,"height":914.2857142857143,"fontScale":1,"insets":{"left":0,"bottom":0,"right":0,"top":50.28571319580078},"dialogueHeight":411.42857142857144,"sideDialogue":false,"time":193}
 INFO  [ZH_LAYOUT_QA] {"scene":"SCENE_CH3_MISSING_WORKER","width":411.42857142857144,"height":914.2857142857143,"fontScale":1,"insets":{"left":0,"bottom":0,"right":0,"top":50.28571319580078},"dialogueHeight":411.42857142857144,"sideDialogue":false,"time":196}
 INFO  [ZH_LAYOUT_QA] {"scene":"SCENE_CH3_APPROACH_YUJIN","width":411.42857142857144,"height":914.2857142857143,"fontScale":1,"insets":{"left":0,"bottom":0,"right":0,"top":50.28571319580078},"dialogueHeight":411.42857142857144,"sideDialogue":false,"time":206}
 INFO  [ZH_LAYOUT_QA] {"scene":"SCENE_CH3_TRANSFER_YUJIN","width":411.42857142857144,"height":914.2857142857143,"fontScale":1,"insets":{"left":0,"bottom":0,"right":0,"top":50.28571319580078},"dialogueHeight":411.42857142857144,"sideDialogue":false,"time":206}
 INFO  [ZH_LAYOUT_QA] {"scene":"SCENE_CH3_TRANSFER_YUJIN","width":411.42857142857144,"height":914.2857142857143,"fontScale":1,"insets":{"left":0,"bottom":0,"right":0,"top":50.28571319580078},"dialogueHeight":411.42857142857144,"sideDialogue":false,"time":208}
 INFO  [ZH_LAYOUT_QA] {"scene":"SCENE_CH3_TRANSFER_YUJIN","width":411.42857142857144,"height":914.2857142857143,"fontScale":1,"insets":{"left":0,"bottom":0,"right":0,"top":50.28571319580078},"dialogueHeight":411.42857142857144,"sideDialogue":false,"time":210}
 INFO  [ZH_LAYOUT_QA] {"scene":"SCENE_CH3_TRANSFER_YUJIN","width":411.42857142857144,"height":914.2857142857143,"fontScale":1,"insets":{"left":0,"bottom":0,"right":0,"top":50.28571319580078},"dialogueHeight":411.42857142857144,"sideDialogue":false,"time":212}
 INFO  [ZH_LAYOUT_QA] {"scene":"SCENE_CH3_TRANSFER_YUJIN","width":411.42857142857144,"height":914.2857142857143,"fontScale":1,"insets":{"left":0,"bottom":0,"right":0,"top":50.28571319580078},"dialogueHeight":411.42857142857144,"sideDialogue":false,"time":214}
 INFO  [ZH_LAYOUT_QA] {"scene":"SCENE_CH3_TRANSFER_YUJIN","width":411.42857142857144,"height":914.2857142857143,"fontScale":1,"insets":{"left":0,"bottom":0,"right":0,"top":50.28571319580078},"dialogueHeight":411.42857142857144,"sideDialogue":false,"time":216}
 INFO  [ZH_LAYOUT_QA] {"scene":"SCENE_CH3_0106_YUJIN","width":411.42857142857144,"height":914.2857142857143,"fontScale":1,"insets":{"left":0,"bottom":0,"right":0,"top":50.28571319580078},"dialogueHeight":411.42857142857144,"sideDialogue":false,"time":223}
 INFO  [ZH_LAYOUT_QA] {"scene":"SCENE_CH3_LAST_RADIO","width":411.42857142857144,"height":914.2857142857143,"fontScale":1,"insets":{"left":0,"bottom":0,"right":0,"top":50.28571319580078},"dialogueHeight":411.42857142857144,"sideDialogue":false,"time":223}
 INFO  [ZH_LAYOUT_QA] {"scene":"SCENE_CH3_DEATH_YUJIN","width":411.42857142857144,"height":914.2857142857143,"fontScale":1,"insets":{"left":0,"bottom":0,"right":0,"top":50.28571319580078},"dialogueHeight":502.85714285714295,"sideDialogue":false,"time":223}
 INFO  [ZH_LAYOUT_QA] {"scene":"SCENE_CH3_RESET_2123","width":411.42857142857144,"height":914.2857142857143,"fontScale":1,"insets":{"left":0,"bottom":0,"right":0,"top":50.28571319580078},"dialogueHeight":411.42857142857144,"sideDialogue":false,"time":0}
 INFO  [ZH_LAYOUT_QA] {"scene":"SCENE_CH4_OPENING","width":411.42857142857144,"height":914.2857142857143,"fontScale":1,"insets":{"left":0,"bottom":0,"right":0,"top":50.28571319580078},"dialogueHeight":411.42857142857144,"sideDialogue":false,"time":0}
 INFO  [ZH_LAYOUT_QA] {"scene":"SCENE_CH4_MILESTONE_A_END","width":411.42857142857144,"height":914.2857142857143,"fontScale":1,"insets":{"left":0,"bottom":0,"right":0,"top":50.28571319580078},"dialogueHeight":411.42857142857144,"sideDialogue":false,"time":0}
 INFO  [ZH_LAYOUT_QA] {"scene":"SCENE_CH4_T_01","width":411.42857142857144,"height":914.2857142857143,"fontScale":1,"insets":{"left":0,"bottom":0,"right":0,"top":50.28571319580078},"dialogueHeight":411.42857142857144,"sideDialogue":false,"time":50}
 INFO  [ZH_LAYOUT_QA] {"scene":"SCENE_CH4_T_02","width":411.42857142857144,"height":914.2857142857143,"fontScale":1,"insets":{"left":0,"bottom":0,"right":0,"top":50.28571319580078},"dialogueHeight":411.42857142857144,"sideDialogue":false,"time":51}
 INFO  [ZH_LAYOUT_QA] {"scene":"SCENE_CH4_T_03","width":411.42857142857144,"height":914.2857142857143,"fontScale":1,"insets":{"left":0,"bottom":0,"right":0,"top":50.28571319580078},"dialogueHeight":411.42857142857144,"sideDialogue":false,"time":53}
 INFO  [ZH_LAYOUT_QA] {"scene":"SCENE_CH4_T_03","width":411.42857142857144,"height":914.2857142857143,"fontScale":1,"insets":{"left":0,"bottom":0,"right":0,"top":50.28571319580078},"dialogueHeight":512.0000000000001,"sideDialogue":false,"time":53}
Android node_modules\expo\AppEntry.js ░░░░░░░░░░░░░░░░  0.0% (0/1)
Android Bundled 40ms node_modules\expo\AppEntry.js (1 module)
 INFO  [ZH_LAYOUT_QA] {"scene":"SCENE_CH4_T_03","width":411.42857142857144,"height":914.2857142857143,"fontScale":1,"insets":{"left":0,"bottom":0,"right":0,"top":50.28571319580078},"dialogueHeight":411.42857142857144,"sideDialogue":false,"time":53}
 INFO  [ZH_LAYOUT_QA] {"scene":"SCENE_CH4_T_03","width":411.42857142857144,"height":914.2857142857143,"fontScale":1,"insets":{"left":0,"bottom":0,"right":0,"top":50.28571319580078},"dialogueHeight":512.0000000000001,"sideDialogue":false,"time":53}
 INFO  [ZH_LAYOUT_QA] {"scene":"SCENE_CH4_T_03","width":411.42857142857144,"height":731.4285714285714,"fontScale":1,"insets":{"left":0,"bottom":0,"right":0,"top":50.28571319580078},"dialogueHeight":420,"sideDialogue":false,"time":53}
 INFO  [ZH_LAYOUT_QA] {"scene":"SCENE_CH4_T_03","width":411.42857142857144,"height":731.4285714285714,"fontScale":1,"insets":{"left":0,"bottom":0,"right":0,"top":40.380950927734375},"dialogueHeight":420,"sideDialogue":false,"time":53}
Android node_modules\expo\AppEntry.js ░░░░░░░░░░░░░░░░  0.0% (0/1)
Android Bundled 47ms node_modules\expo\AppEntry.js (1 module)
 INFO  [ZH_LAYOUT_QA] {"scene":"SCENE_CH3_MINSEO_QUESTION","width":411.42857142857144,"height":731.4285714285714,"fontScale":1,"insets":{"left":0,"bottom":0,"right":0,"top":40.380950927734375},"dialogueHeight":329.14285714285717,"sideDialogue":false,"time":188}
 INFO  [ZH_LAYOUT_QA] {"scene":"SCENE_CH3_MINSEO_QUESTION","width":411.42857142857144,"height":731.4285714285714,"fontScale":1.5,"insets":{"left":0,"bottom":0,"right":0,"top":40.380950927734375},"dialogueHeight":329.14285714285717,"sideDialogue":false,"time":188}
 INFO  [ZH_LAYOUT_QA] {"scene":"SCENE_CH3_MINSEO_QUESTION","width":411.42857142857144,"height":731.4285714285714,"fontScale":1.5,"insets":{"left":0,"bottom":24,"right":0,"top":40.380950927734375},"dialogueHeight":329.14285714285717,"sideDialogue":false,"time":188}
 INFO  [ZH_LAYOUT_QA] {"scene":"SCENE_CH3_MINSEO_QUESTION","width":411.42857142857144,"height":731.4285714285714,"fontScale":1.5,"insets":{"left":0,"bottom":0,"right":0,"top":40.380950927734375},"dialogueHeight":329.14285714285717,"sideDialogue":false,"time":188}
Android node_modules\expo\AppEntry.js ░░░░░░░░░░░░░░░░  0.0% (0/1)
Android Bundled 30ms node_modules\expo\AppEntry.js (1 module)
 INFO  [ZH_LAYOUT_QA] {"scene":"SCENE_CH3_MINSEO_QUESTION","width":411.42857142857144,"height":731.4285714285714,"fontScale":1.5,"insets":{"left":0,"bottom":0,"right":0,"top":40.380950927734375},"dialogueHeight":329.14285714285717,"sideDialogue":false,"time":188}
Android node_modules\expo\AppEntry.js ░░░░░░░░░░░░░░░░  0.0% (0/1)
Android Bundled 29ms node_modules\expo\AppEntry.js (1 module)
 INFO  [ZH_LAYOUT_QA] {"scene":"SCENE_LOOP2_06_CARD","width":411.42857142857144,"height":731.4285714285714,"fontScale":1.5,"insets":{"left":0,"bottom":0,"right":0,"top":40.380950927734375},"dialogueHeight":329.14285714285717,"sideDialogue":false,"time":172}
Android node_modules\expo\AppEntry.js ░░░░░░░░░░░░░░░░  0.0% (0/1)
Android Bundled 44ms node_modules\expo\AppEntry.js (1 module)
 INFO  [ZH_LAYOUT_QA] {"scene":"SCENE_LOOP2_OPERATIONS_CORRIDOR","width":411.42857142857144,"height":731.4285714285714,"fontScale":1.5,"insets":{"left":0,"bottom":0,"right":0,"top":40.380950927734375},"dialogueHeight":329.14285714285717,"sideDialogue":false,"time":158}
 INFO  [ZH_LAYOUT_QA] {"scene":"SCENE_LOOP2_OPERATIONS_CORRIDOR","width":411.42857142857144,"height":731.4285714285714,"fontScale":1.5,"insets":{"left":0,"bottom":0,"right":0,"top":40.380950927734375},"dialogueHeight":329.14285714285717,"sideDialogue":false,"time":160}
 INFO  [ZH_LAYOUT_QA] {"scene":"SCENE_LOOP2_OPERATIONS_CORRIDOR","width":411.42857142857144,"height":731.4285714285714,"fontScale":1.5,"insets":{"left":0,"bottom":0,"right":0,"top":40.380950927734375},"dialogueHeight":329.14285714285717,"sideDialogue":false,"time":162}
 INFO  [ZH_LAYOUT_QA] {"scene":"SCENE_LOOP2_SEA_FIRST_MEETING","width":411.42857142857144,"height":731.4285714285714,"fontScale":1.5,"insets":{"left":0,"bottom":0,"right":0,"top":40.380950927734375},"dialogueHeight":329.14285714285717,"sideDialogue":false,"time":163}
 INFO  [ZH_LAYOUT_QA] {"scene":"SCENE_LOOP2_SEOYUN_RECHECK","width":411.42857142857144,"height":731.4285714285714,"fontScale":1.5,"insets":{"left":0,"bottom":0,"right":0,"top":40.380950927734375},"dialogueHeight":329.14285714285717,"sideDialogue":false,"time":164}
 INFO  [ZH_LAYOUT_QA] {"scene":"SCENE_LOOP2_RETURN_302","width":411.42857142857144,"height":731.4285714285714,"fontScale":1.5,"insets":{"left":0,"bottom":0,"right":0,"top":40.380950927734375},"dialogueHeight":329.14285714285717,"sideDialogue":false,"time":166}
 INFO  [ZH_LAYOUT_QA] {"scene":"SCENE_LOOP2_RETURN_302","width":411.42857142857144,"height":914.2857142857143,"fontScale":1.5,"insets":{"left":0,"bottom":0,"right":0,"top":40.380950927734375},"dialogueHeight":411.42857142857144,"sideDialogue":false,"time":166}
 INFO  [ZH_LAYOUT_QA] {"scene":"SCENE_LOOP2_RETURN_302","width":411.42857142857144,"height":914.2857142857143,"fontScale":1.5,"insets":{"left":0,"bottom":0,"right":0,"top":50.28571319580078},"dialogueHeight":411.42857142857144,"sideDialogue":false,"time":166}
 INFO  [ZH_LAYOUT_QA] {"scene":"SCENE_LOOP2_RETURN_302","width":411.42857142857144,"height":914.2857142857143,"fontScale":1,"insets":{"left":0,"bottom":0,"right":0,"top":50.28571319580078},"dialogueHeight":411.42857142857144,"sideDialogue":false,"time":166}
 INFO  [ZH_LAYOUT_QA] {"scene":"SCENE_LOOP2_RETURN_302","width":411.42857142857144,"height":914.2857142857143,"fontScale":1,"insets":{"left":0,"bottom":24,"right":0,"top":50.28571319580078},"dialogueHeight":411.42857142857144,"sideDialogue":false,"time":166}
 INFO  [ZH_LAYOUT_QA] {"scene":"SCENE_LOOP2_RETURN_302","width":411.42857142857144,"height":914.2857142857143,"fontScale":1,"insets":{"left":0,"bottom":0,"right":0,"top":50.28571319580078},"dialogueHeight":411.42857142857144,"sideDialogue":false,"time":166}
Android node_modules\expo\AppEntry.js ░░░░░░░░░░░░░░░░  0.0% (0/1)
Android Bundled 34ms node_modules\expo\AppEntry.js (1 module)
 INFO  [ZH_LAYOUT_QA] {"scene":"SCENE_CH4_T_03","width":411.42857142857144,"height":914.2857142857143,"fontScale":1,"insets":{"left":0,"bottom":0,"right":0,"top":50.28571319580078},"dialogueHeight":411.42857142857144,"sideDialogue":false,"time":53}
 INFO  [ZH_LAYOUT_QA] {"scene":"SCENE_CH4_T_03","width":411.42857142857144,"height":914.2857142857143,"fontScale":1,"insets":{"left":0,"bottom":0,"right":0,"top":50.28571319580078},"dialogueHeight":512.0000000000001,"sideDialogue":false,"time":53}
