--------- beginning of main
09-11 14:22:33.780 11970 11970 I 82.zerohourgame: Late-enabling -Xcheck:jni
09-11 14:22:33.789 11970 11970 I 82.zerohourgame: Using CollectorTypeCMC GC.
09-11 14:22:33.789 11970 11970 W 82.zerohourgame: Unexpected CPU variant for x86: x86_64.
09-11 14:22:33.789 11970 11970 W 82.zerohourgame: Known variants: atom, sandybridge, silvermont, goldmont, goldmont-plus, goldmont-without-sha-xsaves, tremont, kabylake, default
09-11 14:22:33.802 11970 11970 D nativeloader: Load libframework-connectivity-tiramisu-jni.so using APEX ns com_android_tethering for caller /apex/com.android.tethering/javalib/framework-connectivity-t.jar: ok
09-11 14:22:33.850 11970 11970 W ziparchive: Unable to open '/data/app/~~BSe143CKmhC8xlpbqyzsfA==/com.jungih4982.zerohourgame-U1P9TSj4mYdAeHQ4QNtbIw==/base.dm': No such file or directory
09-11 14:22:33.850 11970 11970 W ziparchive: Unable to open '/data/app/~~BSe143CKmhC8xlpbqyzsfA==/com.jungih4982.zerohourgame-U1P9TSj4mYdAeHQ4QNtbIw==/base.dm': No such file or directory
09-11 14:22:34.028 11970 11970 D nativeloader: Configuring clns-7 for other apk /data/app/~~BSe143CKmhC8xlpbqyzsfA==/com.jungih4982.zerohourgame-U1P9TSj4mYdAeHQ4QNtbIw==/base.apk. target_sdk_version=36, uses_libraries=, library_path=/data/app/~~BSe143CKmhC8xlpbqyzsfA==/com.jungih4982.zerohourgame-U1P9TSj4mYdAeHQ4QNtbIw==/lib/x86_64:/data/app/~~BSe143CKmhC8xlpbqyzsfA==/com.jungih4982.zerohourgame-U1P9TSj4mYdAeHQ4QNtbIw==/base.apk!/lib/x86_64, permitted_path=/data:/mnt/expand:/data/user/0/com.jungih4982.zerohourgame
09-11 14:22:34.039 11970 11970 V GraphicsEnvironment: Currently set values for:
09-11 14:22:34.039 11970 11970 V GraphicsEnvironment:   angle_gl_driver_selection_pkgs=[]
09-11 14:22:34.039 11970 11970 V GraphicsEnvironment:   angle_gl_driver_selection_values=[]
09-11 14:22:34.039 11970 11970 V GraphicsEnvironment: Global.Settings values are invalid: number of packages: 0, number of values: 0
09-11 14:22:34.039 11970 11970 V GraphicsEnvironment: Neither updatable production driver nor prerelease driver is supported.
09-11 14:22:34.207 11970 11970 W SoLoader: Initializing SoLoader: 0
09-11 14:22:34.208 11970 11970 W SoLoader: Recording new base apk path: /data/app/~~BSe143CKmhC8xlpbqyzsfA==/com.jungih4982.zerohourgame-U1P9TSj4mYdAeHQ4QNtbIw==/base.apk
09-11 14:22:34.208 11970 11970 W SoLoader: Previously recorded 0 base apk paths.
09-11 14:22:34.211 11970 11970 I SoLoader: Preparing SO source: DirectorySoSource[root = /vendor/lib64 flags = 2]
09-11 14:22:34.211 11970 11970 I SoLoader: Preparing SO source: DirectorySoSource[root = /system/lib64 flags = 2]
09-11 14:22:34.211 11970 11970 I SoLoader: Preparing SO source: DirectApkSoSource[root = [/data/app/~~BSe143CKmhC8xlpbqyzsfA==/com.jungih4982.zerohourgame-U1P9TSj4mYdAeHQ4QNtbIw==/base.apk!/lib/x86_64]]
09-11 14:22:34.234 11970 11970 I SoLoader: Preparing SO source: ApplicationSoSource[DirectorySoSource[root = /data/app/~~BSe143CKmhC8xlpbqyzsfA==/com.jungih4982.zerohourgame-U1P9TSj4mYdAeHQ4QNtbIw==/lib/x86_64 flags = 0]]
09-11 14:22:34.234 11970 11970 I SoLoader: init finish: 4 SO sources prepared
09-11 14:22:34.234 11970 11970 W SoLoader: SoLoader initialized: 8
09-11 14:22:34.288 11970 11970 D nativeloader: Load /data/app/~~BSe143CKmhC8xlpbqyzsfA==/com.jungih4982.zerohourgame-U1P9TSj4mYdAeHQ4QNtbIw==/base.apk!/lib/x86_64/libc++_shared.so using ns clns-7 from class loader (caller=/data/app/~~BSe143CKmhC8xlpbqyzsfA==/com.jungih4982.zerohourgame-U1P9TSj4mYdAeHQ4QNtbIw==/base.apk): ok
09-11 14:22:34.290 11970 11970 D nativeloader: Load /data/app/~~BSe143CKmhC8xlpbqyzsfA==/com.jungih4982.zerohourgame-U1P9TSj4mYdAeHQ4QNtbIw==/base.apk!/lib/x86_64/libjsi.so using ns clns-7 from class loader (caller=/data/app/~~BSe143CKmhC8xlpbqyzsfA==/com.jungih4982.zerohourgame-U1P9TSj4mYdAeHQ4QNtbIw==/base.apk): ok
09-11 14:22:34.293 11970 11970 D nativeloader: Load /data/app/~~BSe143CKmhC8xlpbqyzsfA==/com.jungih4982.zerohourgame-U1P9TSj4mYdAeHQ4QNtbIw==/base.apk!/lib/x86_64/libfbjni.so using ns clns-7 from class loader (caller=/data/app/~~BSe143CKmhC8xlpbqyzsfA==/com.jungih4982.zerohourgame-U1P9TSj4mYdAeHQ4QNtbIw==/base.apk): ok
09-11 14:22:34.297 11970 11970 D nativeloader: Load /data/app/~~BSe143CKmhC8xlpbqyzsfA==/com.jungih4982.zerohourgame-U1P9TSj4mYdAeHQ4QNtbIw==/base.apk!/lib/x86_64/libreactnative.so using ns clns-7 from class loader (caller=/data/app/~~BSe143CKmhC8xlpbqyzsfA==/com.jungih4982.zerohourgame-U1P9TSj4mYdAeHQ4QNtbIw==/base.apk): ok
09-11 14:22:34.297 11970 11970 D jni_lib_merge: Entering merged library JNI_OnLoad.
09-11 14:22:34.297 11970 11970 D jni_lib_merge: Preparing 12 pre-merged libs (including stub)
09-11 14:22:34.297 11970 11970 D jni_lib_merge: Preparing to register libfabricjni_so.  onload_func: 0x7d01eba72550
09-11 14:22:34.297 11970 11970 D jni_lib_merge: Preparing to register libreact_devsupportjni_so.  onload_func: 0x7d01ebc5fc30
09-11 14:22:34.297 11970 11970 D jni_lib_merge: Preparing to register libreact_featureflagsjni_so.  onload_func: 0x7d01ebc6d780
09-11 14:22:34.297 11970 11970 D jni_lib_merge: Preparing to register libreact_newarchdefaults_so.  onload_func: 0x7d01ebcd21f0
09-11 14:22:34.297 11970 11970 D jni_lib_merge: Preparing to register libreactnativeblob_so.  onload_func: 0x7d01ebeba400
09-11 14:22:34.297 11970 11970 D jni_lib_merge: Preparing to register libreactnativejni_so.  onload_func: 0x7d01ebf04cb0
09-11 14:22:34.297 11970 11970 D jni_lib_merge: Preparing to register libreactnativejni_common_so.  onload_func: 0x7d01ebf14ab0
09-11 14:22:34.297 11970 11970 D jni_lib_merge: Preparing to register librninstance_so.  onload_func: 0x7d01ebf5a920
09-11 14:22:34.297 11970 11970 D jni_lib_merge: Preparing to register libturbomodulejsijni_so.  onload_func: 0x7d01ec0796a0
09-11 14:22:34.297 11970 11970 D jni_lib_merge: Preparing to register libuimanagerjni_so.  onload_func: 0x7d01ec091920
09-11 14:22:34.297 11970 11970 D jni_lib_merge: Preparing to register libyoga_so.  onload_func: 0x7d01ec0a08b0
09-11 14:22:34.297 11970 11970 D jni_lib_merge: About to register 11 actual methods.
09-11 14:22:34.303 11970 11970 D nativeloader: Load /data/app/~~BSe143CKmhC8xlpbqyzsfA==/com.jungih4982.zerohourgame-U1P9TSj4mYdAeHQ4QNtbIw==/base.apk!/lib/x86_64/libreact_codegen_rnsvg.so using ns clns-7 from class loader (caller=/data/app/~~BSe143CKmhC8xlpbqyzsfA==/com.jungih4982.zerohourgame-U1P9TSj4mYdAeHQ4QNtbIw==/base.apk): ok
09-11 14:22:34.303 11970 11970 D jni_lib_merge: Entering merged library JNI_OnLoad.
09-11 14:22:34.303 11970 11970 D jni_lib_merge: Preparing 12 pre-merged libs (including stub)
09-11 14:22:34.303 11970 11970 D jni_lib_merge: Preparing to register libfabricjni_so.  onload_func: 0x7d01eba72550
09-11 14:22:34.303 11970 11970 D jni_lib_merge: Preparing to register libreact_devsupportjni_so.  onload_func: 0x7d01ebc5fc30
09-11 14:22:34.303 11970 11970 D jni_lib_merge: Preparing to register libreact_featureflagsjni_so.  onload_func: 0x7d01ebc6d780
09-11 14:22:34.303 11970 11970 D jni_lib_merge: Preparing to register libreact_newarchdefaults_so.  onload_func: 0x7d01ebcd21f0
09-11 14:22:34.303 11970 11970 D jni_lib_merge: Preparing to register libreactnativeblob_so.  onload_func: 0x7d01ebeba400
09-11 14:22:34.303 11970 11970 D jni_lib_merge: Preparing to register libreactnativejni_so.  onload_func: 0x7d01ebf04cb0
09-11 14:22:34.303 11970 11970 D jni_lib_merge: Preparing to register libreactnativejni_common_so.  onload_func: 0x7d01ebf14ab0
09-11 14:22:34.304 11970 11970 D jni_lib_merge: Preparing to register librninstance_so.  onload_func: 0x7d01ebf5a920
09-11 14:22:34.304 11970 11970 D jni_lib_merge: Preparing to register libturbomodulejsijni_so.  onload_func: 0x7d01ec0796a0
09-11 14:22:34.304 11970 11970 D jni_lib_merge: Preparing to register libuimanagerjni_so.  onload_func: 0x7d01ec091920
09-11 14:22:34.304 11970 11970 D jni_lib_merge: Preparing to register libyoga_so.  onload_func: 0x7d01ec0a08b0
09-11 14:22:34.304 11970 11970 D jni_lib_merge: About to register 11 actual methods.
09-11 14:22:34.310 11970 11970 D nativeloader: Load /data/app/~~BSe143CKmhC8xlpbqyzsfA==/com.jungih4982.zerohourgame-U1P9TSj4mYdAeHQ4QNtbIw==/base.apk!/lib/x86_64/libreact_codegen_safeareacontext.so using ns clns-7 from class loader (caller=/data/app/~~BSe143CKmhC8xlpbqyzsfA==/com.jungih4982.zerohourgame-U1P9TSj4mYdAeHQ4QNtbIw==/base.apk): ok
09-11 14:22:34.311 11970 11970 D nativeloader: Load /data/app/~~BSe143CKmhC8xlpbqyzsfA==/com.jungih4982.zerohourgame-U1P9TSj4mYdAeHQ4QNtbIw==/base.apk!/lib/x86_64/libappmodules.so using ns clns-7 from class loader (caller=/data/app/~~BSe143CKmhC8xlpbqyzsfA==/com.jungih4982.zerohourgame-U1P9TSj4mYdAeHQ4QNtbIw==/base.apk): ok
09-11 14:22:34.382 11970 11970 D AppCompatDelegate: Checking for metadata for AppLocalesMetadataHolderService : Service not found
09-11 14:22:34.537 11970 11970 W unknown:BridgelessReact: ReactHost{0}.startSurface(surfaceId = 0): Schedule
09-11 14:22:34.537 11970 11970 W unknown:BridgelessReact: ReactHost{0}.attachSurface(surfaceId = 0)
09-11 14:22:34.538 11970 11996 W unknown:BridgelessReact: ReactHost{0}.getOrCreateReactInstanceTask()
09-11 14:22:34.539 11970 11996 W unknown:BridgelessReact: ReactHost{0}.getOrCreateReactInstanceTask(): Start
09-11 14:22:34.539 11970 11996 W unknown:BridgelessReact: ReactHost{0}.getJSBundleLoader()
09-11 14:22:34.539 11970 11996 W unknown:BridgelessReact: ReactHost{0}.isMetroRunning()
09-11 14:22:34.556 11970 11997 D TrafficStats: tagSocket(96) with statsTag=0xffffffff, statsUid=-1
09-11 14:22:34.556 11970 11998 D TrafficStats: tagSocket(98) with statsTag=0xffffffff, statsUid=-1
09-11 14:22:34.565 11970 11970 W 82.zerohourgame: Accessing hidden method Landroid/view/ViewGroup;->makeOptionalFitsSystemWindows()V (unsupported, reflection, allowed)
09-11 14:22:34.572 11970 11970 W unknown:BridgelessReact: ReactHost{0}.onHostResume(activity)
09-11 14:22:34.572 11970 11970 W unknown:ReactNative: Packager connection already open, nooping.
09-11 14:22:34.576 11970 11970 W HWUI    : Unknown dataspace 0
09-11 14:22:34.602 11970 11988 I EGL_emulation: Opening libGLESv1_CM_emulation.so
09-11 14:22:34.605 11970 11988 I EGL_emulation: Opening libGLESv2_emulation.so
09-11 14:22:34.631 11970 11988 W HWUI    : Failed to choose config with EGL_SWAP_BEHAVIOR_PRESERVED, retrying without...
09-11 14:22:34.631 11970 11988 W HWUI    : Failed to initialize 101010-2 format, error = EGL_SUCCESS
09-11 14:22:34.680 11970 11988 I Gralloc4: mapper 4.x is not supported
09-11 14:22:34.740 11970 11970 W unknown:BridgelessReact: ReactHost{0}.raiseSoftException(onWindowFocusChange(hasFocus = "true")): Tried to access onWindowFocusChange while context is not ready
09-11 14:22:34.743 11970 11970 E unknown:ReactHost: Unhandled SoftException
09-11 14:22:34.743 11970 11970 E unknown:ReactHost: com.facebook.react.bridge.ReactNoCrashSoftException: raiseSoftException(onWindowFocusChange(hasFocus = "true")): Tried to access onWindowFocusChange while context is not ready
09-11 14:22:34.743 11970 11970 E unknown:ReactHost: 	at com.facebook.react.runtime.ReactHostImpl.raiseSoftException(ReactHostImpl.kt:787)
09-11 14:22:34.743 11970 11970 E unknown:ReactHost: 	at com.facebook.react.runtime.ReactHostImpl.raiseSoftException$default(ReactHostImpl.kt:779)
09-11 14:22:34.743 11970 11970 E unknown:ReactHost: 	at com.facebook.react.runtime.ReactHostImpl.onWindowFocusChange(ReactHostImpl.kt:589)
09-11 14:22:34.743 11970 11970 E unknown:ReactHost: 	at com.facebook.react.ReactDelegate.onWindowFocusChanged(ReactDelegate.kt:217)
09-11 14:22:34.743 11970 11970 E unknown:ReactHost: 	at com.facebook.react.ReactActivityDelegate.onWindowFocusChanged(ReactActivityDelegate.java:236)
09-11 14:22:34.743 11970 11970 E unknown:ReactHost: 	at expo.modules.ReactActivityDelegateWrapper$onWindowFocusChanged$1.invokeSuspend(ReactActivityDelegateWrapper.kt:353)
09-11 14:22:34.743 11970 11970 E unknown:ReactHost: 	at expo.modules.ReactActivityDelegateWrapper$onWindowFocusChanged$1.invoke(Unknown Source:8)
09-11 14:22:34.743 11970 11970 E unknown:ReactHost: 	at expo.modules.ReactActivityDelegateWrapper$onWindowFocusChanged$1.invoke(Unknown Source:4)
09-11 14:22:34.743 11970 11970 E unknown:ReactHost: 	at expo.modules.ReactActivityDelegateWrapper$launchLifecycleScopeWithLock$1.invokeSuspend(ReactActivityDelegateWrapper.kt:485)
09-11 14:22:34.743 11970 11970 E unknown:ReactHost: 	at kotlin.coroutines.jvm.internal.BaseContinuationImpl.resumeWith(ContinuationImpl.kt:33)
09-11 14:22:34.743 11970 11970 E unknown:ReactHost: 	at kotlinx.coroutines.internal.DispatchedContinuationKt.resumeCancellableWith(DispatchedContinuation.kt:367)
09-11 14:22:34.743 11970 11970 E unknown:ReactHost: 	at kotlinx.coroutines.intrinsics.CancellableKt.startCoroutineCancellable(Cancellable.kt:30)
09-11 14:22:34.743 11970 11970 E unknown:ReactHost: 	at kotlinx.coroutines.intrinsics.CancellableKt.startCoroutineCancellable$default(Cancellable.kt:25)
09-11 14:22:34.743 11970 11970 E unknown:ReactHost: 	at kotlinx.coroutines.CoroutineStart.invoke(CoroutineStart.kt:110)
09-11 14:22:34.743 11970 11970 E unknown:ReactHost: 	at kotlinx.coroutines.AbstractCoroutine.start(AbstractCoroutine.kt:126)
09-11 14:22:34.743 11970 11970 E unknown:ReactHost: 	at kotlinx.coroutines.BuildersKt__Builders_commonKt.launch(Builders.common.kt:56)
09-11 14:22:34.743 11970 11970 E unknown:ReactHost: 	at kotlinx.coroutines.BuildersKt.launch(Unknown Source:1)
09-11 14:22:34.743 11970 11970 E unknown:ReactHost: 	at kotlinx.coroutines.BuildersKt__Builders_commonKt.launch$default(Builders.common.kt:47)
09-11 14:22:34.743 11970 11970 E unknown:ReactHost: 	at kotlinx.coroutines.BuildersKt.launch$default(Unknown Source:1)
09-11 14:22:34.743 11970 11970 E unknown:ReactHost: 	at expo.modules.ReactActivityDelegateWrapper.launchLifecycleScopeWithLock(ReactActivityDelegateWrapper.kt:483)
09-11 14:22:34.743 11970 11970 E unknown:ReactHost: 	at expo.modules.ReactActivityDelegateWrapper.launchLifecycleScopeWithLock$default(ReactActivityDelegateWrapper.kt:479)
09-11 14:22:34.743 11970 11970 E unknown:ReactHost: 	at expo.modules.ReactActivityDelegateWrapper.onWindowFocusChanged(ReactActivityDelegateWrapper.kt:351)
09-11 14:22:34.743 11970 11970 E unknown:ReactHost: 	at com.facebook.react.ReactActivity.onWindowFocusChanged(ReactActivity.java:158)
09-11 14:22:34.743 11970 11970 E unknown:ReactHost: 	at com.jungih4982.zerohourgame.MainActivity.onWindowFocusChanged(MainActivity.kt:26)
09-11 14:22:34.743 11970 11970 E unknown:ReactHost: 	at androidx.appcompat.view.WindowCallbackWrapper.onWindowFocusChanged(WindowCallbackWrapper.java:124)
09-11 14:22:34.743 11970 11970 E unknown:ReactHost: 	at com.android.internal.policy.DecorView.onWindowFocusChanged(DecorView.java:1772)
09-11 14:22:34.743 11970 11970 E unknown:ReactHost: 	at android.view.View.dispatchWindowFocusChanged(View.java:16743)
09-11 14:22:34.743 11970 11970 E unknown:ReactHost: 	at android.view.ViewGroup.dispatchWindowFocusChanged(ViewGroup.java:1505)
09-11 14:22:34.743 11970 11970 E unknown:ReactHost: 	at android.view.ViewRootImpl.dispatchFocusEvent(ViewRootImpl.java:4697)
09-11 14:22:34.743 11970 11970 E unknown:ReactHost: 	at android.view.ViewRootImpl.handleWindowFocusChanged(ViewRootImpl.java:4601)
09-11 14:22:34.743 11970 11970 E unknown:ReactHost: 	at android.view.ViewRootImpl.-$$Nest$mhandleWindowFocusChanged(Unknown Source:0)
09-11 14:22:34.743 11970 11970 E unknown:ReactHost: 	at android.view.ViewRootImpl$ViewRootHandler.handleMessageImpl(ViewRootImpl.java:6773)
09-11 14:22:34.743 11970 11970 E unknown:ReactHost: 	at android.view.ViewRootImpl$ViewRootHandler.handleMessage(ViewRootImpl.java:6683)
09-11 14:22:34.743 11970 11970 E unknown:ReactHost: 	at android.os.Handler.dispatchMessage(Handler.java:107)
09-11 14:22:34.743 11970 11970 E unknown:ReactHost: 	at android.os.Looper.loopOnce(Looper.java:232)
09-11 14:22:34.743 11970 11970 E unknown:ReactHost: 	at android.os.Looper.loop(Looper.java:317)
09-11 14:22:34.743 11970 11970 E unknown:ReactHost: 	at android.app.ActivityThread.main(ActivityThread.java:8705)
09-11 14:22:34.743 11970 11970 E unknown:ReactHost: 	at java.lang.reflect.Method.invoke(Native Method)
09-11 14:22:34.743 11970 11970 E unknown:ReactHost: 	at com.android.internal.os.RuntimeInit$MethodAndArgsCaller.run(RuntimeInit.java:580)
09-11 14:22:34.743 11970 11970 E unknown:ReactHost: 	at com.android.internal.os.ZygoteInit.main(ZygoteInit.java:886)
09-11 14:22:34.808 11970 11974 I 82.zerohourgame: Compiler allocated 5174KB to compile void android.view.ViewRootImpl.performTraversals()
09-11 14:22:35.150 11970 11998 W unknown:BridgelessReact: ReactHost{0}.isMetroRunning(): Async result = true
09-11 14:22:35.150 11970 11996 W unknown:BridgelessReact: ReactHost{0}.loadJSBundleFromMetro()
09-11 14:22:35.169 11970 11974 I 82.zerohourgame: Compiler allocated 4219KB to compile void android.widget.TextView.<init>(android.content.Context, android.util.AttributeSet, int, int)
09-11 14:22:36.258 11970 12007 W InteractionJankMonitor: Initializing without READ_DEVICE_CONFIG permission. enabled=false, interval=1, missedFrameThreshold=3, frameTimeThreshold=64, package=com.jungih4982.zerohourgame
09-11 14:22:36.303 11970 11988 D EGL_emulation: app_time_stats: avg=59.37ms min=5.37ms max=730.45ms count=18
09-11 14:22:38.082 11970 11970 W WindowOnBackDispatcher: sendCancelIfRunning: isInProgress=false callback=android.view.ViewRootImpl$$ExternalSyntheticLambda11@8f5382
09-11 14:22:38.083 11970 11998 W unknown:BridgelessReact: ReactHost{0}.loadJSBundleFromMetro(): Creating BundleLoader
09-11 14:22:38.086 11970 11996 W unknown:BridgelessReact: ReactHost{0}.getOrCreateReactContext(): Creating BridgelessReactContext
09-11 14:22:38.092 11970 11996 W unknown:BridgelessReact: ReactHost{0}.getOrCreateReactInstanceTask(): Creating ReactInstance
09-11 14:22:38.114 11970 12016 D TrafficStats: tagSocket(127) with statsTag=0xffffffff, statsUid=-1
09-11 14:22:38.122 11970 11996 D nativeloader: Load /data/app/~~BSe143CKmhC8xlpbqyzsfA==/com.jungih4982.zerohourgame-U1P9TSj4mYdAeHQ4QNtbIw==/base.apk!/lib/x86_64/libhermes.so using ns clns-7 from class loader (caller=/data/app/~~BSe143CKmhC8xlpbqyzsfA==/com.jungih4982.zerohourgame-U1P9TSj4mYdAeHQ4QNtbIw==/base.apk): ok
09-11 14:22:38.123 11970 11996 D nativeloader: Load /data/app/~~BSe143CKmhC8xlpbqyzsfA==/com.jungih4982.zerohourgame-U1P9TSj4mYdAeHQ4QNtbIw==/base.apk!/lib/x86_64/libhermestooling.so using ns clns-7 from class loader (caller=/data/app/~~BSe143CKmhC8xlpbqyzsfA==/com.jungih4982.zerohourgame-U1P9TSj4mYdAeHQ4QNtbIw==/base.apk): ok
09-11 14:22:38.123 11970 11996 D jni_lib_merge: Entering merged library JNI_OnLoad.
09-11 14:22:38.123 11970 11996 D jni_lib_merge: Preparing 4 pre-merged libs (including stub)
09-11 14:22:38.123 11970 11996 D jni_lib_merge: Preparing to register libhermes_executor_so.  onload_func: 0x7d01e177ece0
09-11 14:22:38.123 11970 11996 D jni_lib_merge: Preparing to register libhermesinstancejni_so.  onload_func: 0x7d01e17b1700
09-11 14:22:38.123 11970 11996 D jni_lib_merge: Preparing to register libjsijniprofiler_so.  onload_func: 0x7d01e17b3470
09-11 14:22:38.123 11970 11996 D jni_lib_merge: About to register 3 actual methods.
09-11 14:22:38.155 11970 11996 D nativeloader: Load /data/app/~~BSe143CKmhC8xlpbqyzsfA==/com.jungih4982.zerohourgame-U1P9TSj4mYdAeHQ4QNtbIw==/base.apk!/lib/x86_64/libexpo-av.so using ns clns-7 from class loader (caller=/data/app/~~BSe143CKmhC8xlpbqyzsfA==/com.jungih4982.zerohourgame-U1P9TSj4mYdAeHQ4QNtbIw==/base.apk!classes20.dex): ok
09-11 14:22:38.274 11970 11996 I ExpoModulesCore: ✅ AppContext was initialized
09-11 14:22:38.309 11970 11996 W unknown:BridgelessReact: ReactHost{0}.getOrCreateReactInstanceTask(): Loading JS Bundle
09-11 14:22:38.309 11970 11996 W unknown:BridgelessReact: ReactHost{0}.getOrCreateReactInstanceTask(): Calling DevSupportManagerBase.onNewReactContextCreated(reactContext)
09-11 14:22:38.313 11970 11970 W unknown:ReactNative: Packager connection already open, nooping.
09-11 14:22:38.318 11970 11996 W unknown:BridgelessReact: ReactHost{0}.startSurface(surfaceId = 0): Execute
09-11 14:22:38.318 11970 11970 W unknown:BridgelessReact: ReactContext.onHostResume()
09-11 14:22:38.323 11970 11970 W unknown:BridgelessReact: ReactHost{0}.getOrCreateReactInstanceTask(): Executing ReactInstanceEventListeners
09-11 14:22:38.463 11970 12015 I WebViewFactory: Loading com.google.android.webview version 124.0.6367.219 (code 636771938)
--------- beginning of system
09-11 14:22:38.465 11970 12015 V ResourcesManager: The following library key has been added: ResourcesKey{ mHash=23f6c1ad mResDir=null mSplitDirs=[] mOverlayDirs=[/product/overlay/EmulationPixel8/EmulationPixel8Overlay.apk,/product/overlay/NavigationBarModeGestural/NavigationBarModeGesturalOverlay.apk] mLibDirs=[/data/app/~~cY33gpKVCa3s2MXgnlEdLQ==/com.google.android.webview--Hm9NgyRpITiAg6Kzg1sDA==/WebViewGoogle.apk,/data/app/~~Ow0e2wp7koJaAxfYoaskEw==/com.google.android.trichromelibrary_636771938-SHOStHlafh-Jywz-yw6A1A==/TrichromeLibrary.apk,/system_ext/framework/androidx.window.extensions.jar] mDisplayId=0 mOverrideConfig=v35 mCompatInfo={420dpi always-compat} mLoaders=[]}
09-11 14:22:38.467 11970 12015 W ziparchive: Unable to open '/data/app/~~Ow0e2wp7koJaAxfYoaskEw==/com.google.android.trichromelibrary_636771938-SHOStHlafh-Jywz-yw6A1A==/TrichromeLibrary.dm': No such file or directory
09-11 14:22:38.467 11970 12015 W ziparchive: Unable to open '/data/app/~~Ow0e2wp7koJaAxfYoaskEw==/com.google.android.trichromelibrary_636771938-SHOStHlafh-Jywz-yw6A1A==/TrichromeLibrary.dm': No such file or directory
09-11 14:22:38.467 11970 12015 W 82.zerohourgame: Entry not found
09-11 14:22:38.468 11970 12015 D nativeloader: Configuring clns-8 for other apk /data/app/~~Ow0e2wp7koJaAxfYoaskEw==/com.google.android.trichromelibrary_636771938-SHOStHlafh-Jywz-yw6A1A==/TrichromeLibrary.apk. target_sdk_version=34, uses_libraries=ALL, library_path=/data/app/~~cY33gpKVCa3s2MXgnlEdLQ==/com.google.android.webview--Hm9NgyRpITiAg6Kzg1sDA==/lib/x86_64:/data/app/~~cY33gpKVCa3s2MXgnlEdLQ==/com.google.android.webview--Hm9NgyRpITiAg6Kzg1sDA==/WebViewGoogle.apk!/lib/x86_64:/data/app/~~Ow0e2wp7koJaAxfYoaskEw==/com.google.android.trichromelibrary_636771938-SHOStHlafh-Jywz-yw6A1A==/TrichromeLibrary.apk!/lib/x86_64, permitted_path=/data:/mnt/expand
09-11 14:22:38.471 11970 12015 D ApplicationLoaders: Returning zygote-cached class loader: /system_ext/framework/androidx.window.extensions.jar
09-11 14:22:38.477 11970 12015 D nativeloader: Configuring clns-9 for other apk /data/app/~~cY33gpKVCa3s2MXgnlEdLQ==/com.google.android.webview--Hm9NgyRpITiAg6Kzg1sDA==/WebViewGoogle.apk. target_sdk_version=34, uses_libraries=, library_path=/data/app/~~cY33gpKVCa3s2MXgnlEdLQ==/com.google.android.webview--Hm9NgyRpITiAg6Kzg1sDA==/lib/x86_64:/data/app/~~cY33gpKVCa3s2MXgnlEdLQ==/com.google.android.webview--Hm9NgyRpITiAg6Kzg1sDA==/WebViewGoogle.apk!/lib/x86_64:/data/app/~~Ow0e2wp7koJaAxfYoaskEw==/com.google.android.trichromelibrary_636771938-SHOStHlafh-Jywz-yw6A1A==/TrichromeLibrary.apk!/lib/x86_64, permitted_path=/data:/mnt/expand
09-11 14:22:38.493 11970 12015 I cr_WVCFactoryProvider: Loaded version=124.0.6367.219 minSdkVersion=29 isBundle=false multiprocess=true packageId=2
09-11 14:22:38.499 11970 12015 D nativeloader: Load /data/app/~~Ow0e2wp7koJaAxfYoaskEw==/com.google.android.trichromelibrary_636771938-SHOStHlafh-Jywz-yw6A1A==/TrichromeLibrary.apk!/lib/x86_64/libmonochrome_64.so using ns clns-9 from class loader (caller=/data/app/~~cY33gpKVCa3s2MXgnlEdLQ==/com.google.android.webview--Hm9NgyRpITiAg6Kzg1sDA==/WebViewGoogle.apk): ok
09-11 14:22:38.500 11970 12015 D nativeloader: Load /system/lib64/libwebviewchromium_plat_support.so using ns clns-9 from class loader (caller=/data/app/~~cY33gpKVCa3s2MXgnlEdLQ==/com.google.android.webview--Hm9NgyRpITiAg6Kzg1sDA==/WebViewGoogle.apk): ok
09-11 14:22:38.503 11970 12014 D nativeloader: Load /data/app/~~BSe143CKmhC8xlpbqyzsfA==/com.jungih4982.zerohourgame-U1P9TSj4mYdAeHQ4QNtbIw==/base.apk!/lib/x86_64/libexpo-modules-core.so using ns clns-7 from class loader (caller=/data/app/~~BSe143CKmhC8xlpbqyzsfA==/com.jungih4982.zerohourgame-U1P9TSj4mYdAeHQ4QNtbIw==/base.apk): ok
09-11 14:22:38.504 11970 12025 E chromium: [0911/142238.504245:ERROR:variations_seed_loader.cc(37)] Seed missing signature.
09-11 14:22:38.504 11970 12025 I chromium: [0911/142238.504412:INFO:variations_seed_loader.cc(66)] Failed to open file for reading.: No such file or directory (2)
09-11 14:22:38.511 11970 12015 I cr_LibraryLoader: Successfully loaded native library
09-11 14:22:38.512 11970 12015 I cr_CachingUmaRecorder: Flushed 6 samples from 6 histograms, 0 samples were dropped.
09-11 14:22:38.516 11970 12014 W unknown:ViewManagerPropertyUpdater: Could not find generated setter for class com.th3rdwave.safeareacontext.SafeAreaProviderManager
09-11 14:22:38.519 11970 12029 D TrafficStats: tagSocket(143) with statsTag=0xffffffff, statsUid=-1
09-11 14:22:38.520 11970 12014 W unknown:ViewManagerPropertyUpdater: Could not find generated setter for class com.facebook.react.uimanager.LayoutShadowNode
09-11 14:22:38.522 11970 12014 W unknown:ViewManagerPropertyUpdater: Could not find generated setter for class com.th3rdwave.safeareacontext.SafeAreaViewManager
09-11 14:22:38.522 11970 12014 W unknown:ViewManagerPropertyUpdater: Could not find generated setter for class com.th3rdwave.safeareacontext.SafeAreaViewShadowNode
09-11 14:22:38.524 11970 12014 W unknown:ViewManagerPropertyUpdater: Could not find generated setter for class expo.modules.kotlin.views.GroupViewManagerWrapper
09-11 14:22:38.540 11970 12014 W unknown:ViewManagerPropertyUpdater: Could not find generated setter for class com.horcrux.svg.RenderableViewManager$DefsViewManager
09-11 14:22:38.541 11970 12014 W unknown:ViewManagerPropertyUpdater: Could not find generated setter for class com.horcrux.svg.VirtualViewManager$RenderableShadowNode
09-11 14:22:38.543 11970 12014 W unknown:ViewManagerPropertyUpdater: Could not find generated setter for class com.facebook.react.views.debuggingoverlay.DebuggingOverlayManager
09-11 14:22:38.545 11970 12014 W unknown:ViewManagerPropertyUpdater: Could not find generated setter for class com.horcrux.svg.RenderableViewManager$FeMergeManager
09-11 14:22:38.546 11970 12014 W unknown:ViewManagerPropertyUpdater: Could not find generated setter for class com.facebook.react.views.safeareaview.ReactSafeAreaViewManager
09-11 14:22:38.547 11970 12014 W unknown:ViewManagerPropertyUpdater: Could not find generated setter for class com.facebook.react.views.safeareaview.ReactSafeAreaViewShadowNode
09-11 14:22:38.549 11970 12014 W unknown:ViewManagerPropertyUpdater: Could not find generated setter for class com.horcrux.svg.RenderableViewManager$LinearGradientManager
09-11 14:22:38.550 11970 12014 W unknown:ViewManagerPropertyUpdater: Could not find generated setter for class com.horcrux.svg.RenderableViewManager$FeGaussianBlurManager
09-11 14:22:38.553 11970 12014 W unknown:ViewManagerPropertyUpdater: Could not find generated setter for class com.facebook.react.views.progressbar.ReactProgressBarViewManager
09-11 14:22:38.553 11970 12014 W unknown:ViewManagerPropertyUpdater: Could not find generated setter for class com.facebook.react.views.progressbar.ProgressBarShadowNode
09-11 14:22:38.556 11970 12014 W unknown:ViewManagerPropertyUpdater: Could not find generated setter for class com.facebook.react.views.scroll.ReactHorizontalScrollViewManager
09-11 14:22:38.560 11970 12014 W unknown:ViewManagerPropertyUpdater: Could not find generated setter for class com.facebook.react.views.text.ReactTextViewManager
09-11 14:22:38.560 11970 12014 W unknown:ViewManagerPropertyUpdater: Could not find generated setter for class com.facebook.react.views.text.ReactTextShadowNode
09-11 14:22:38.562 11970 12014 W unknown:ViewManagerPropertyUpdater: Could not find generated setter for class com.horcrux.svg.RenderableViewManager$FeColorMatrixManager
09-11 14:22:38.564 11970 12014 W unknown:ViewManagerPropertyUpdater: Could not find generated setter for class com.facebook.react.views.scroll.ReactHorizontalScrollContainerViewManager
09-11 14:22:38.566 11970 12014 W unknown:ViewManagerPropertyUpdater: Could not find generated setter for class com.horcrux.svg.RenderableViewManager$ClipPathViewManager
09-11 14:22:38.568 11970 12014 W unknown:ViewManagerPropertyUpdater: Could not find generated setter for class com.horcrux.svg.RenderableViewManager$SymbolManager
09-11 14:22:38.572 11970 12014 W unknown:ViewManagerPropertyUpdater: Could not find generated setter for class com.horcrux.svg.RenderableViewManager$PatternManager
09-11 14:22:38.574 11970 12014 W unknown:ViewManagerPropertyUpdater: Could not find generated setter for class com.horcrux.svg.RenderableViewManager$FeBlendManager
09-11 14:22:38.575 11970 12014 W unknown:ViewManagerPropertyUpdater: Could not find generated setter for class com.facebook.react.views.view.ReactViewManager
09-11 14:22:38.578 11970 12014 W unknown:ViewManagerPropertyUpdater: Could not find generated setter for class com.horcrux.svg.SvgViewManager
09-11 14:22:38.581 11970 12014 W unknown:ViewManagerPropertyUpdater: Could not find generated setter for class com.facebook.react.views.switchview.ReactSwitchManager
09-11 14:22:38.581 11970 12014 W unknown:ViewManagerPropertyUpdater: Could not find generated setter for class com.facebook.react.views.switchview.ReactSwitchShadowNode
09-11 14:22:38.583 11970 12014 W unknown:ViewManagerPropertyUpdater: Could not find generated setter for class com.horcrux.svg.RenderableViewManager$UseViewManager
09-11 14:22:38.585 11970 12014 W unknown:ViewManagerPropertyUpdater: Could not find generated setter for class com.horcrux.svg.RenderableViewManager$CircleViewManager
09-11 14:22:38.588 11970 12014 W unknown:ViewManagerPropertyUpdater: Could not find generated setter for class com.horcrux.svg.RenderableViewManager$TSpanViewManager
09-11 14:22:38.590 11970 12014 W unknown:ViewManagerPropertyUpdater: Could not find generated setter for class com.horcrux.svg.RenderableViewManager$FilterManager
09-11 14:22:38.592 11970 12014 W unknown:ViewManagerPropertyUpdater: Could not find generated setter for class com.horcrux.svg.RenderableViewManager$MarkerManager
09-11 14:22:38.595 11970 12014 W unknown:ViewManagerPropertyUpdater: Could not find generated setter for class com.facebook.react.views.modal.ReactModalHostManager
09-11 14:22:38.597 11970 12014 W unknown:ViewManagerPropertyUpdater: Could not find generated setter for class com.horcrux.svg.RenderableViewManager$ForeignObjectManager
09-11 14:22:38.599 11970 12014 W unknown:ViewManagerPropertyUpdater: Could not find generated setter for class com.horcrux.svg.RenderableViewManager$EllipseViewManager
09-11 14:22:38.601 11970 12014 W unknown:ViewManagerPropertyUpdater: Could not find generated setter for class com.horcrux.svg.RenderableViewManager$LineViewManager
09-11 14:22:38.603 11970 12014 W unknown:ViewManagerPropertyUpdater: Could not find generated setter for class com.facebook.react.views.text.frescosupport.FrescoBasedReactTextInlineImageViewManager
09-11 14:22:38.604 11970 12014 W unknown:ViewManagerPropertyUpdater: Could not find generated setter for class com.facebook.react.views.text.frescosupport.FrescoBasedReactTextInlineImageShadowNode
09-11 14:22:38.605 11970 12014 W unknown:ViewManagerPropertyUpdater: Could not find generated setter for class com.horcrux.svg.RenderableViewManager$FeFloodManager
09-11 14:22:38.607 11970 12014 W unknown:ViewManagerPropertyUpdater: Could not find generated setter for class com.horcrux.svg.RenderableViewManager$GroupViewManager
09-11 14:22:38.609 11970 12014 W unknown:ViewManagerPropertyUpdater: Could not find generated setter for class com.horcrux.svg.RenderableViewManager$TextViewManager
09-11 14:22:38.611 11970 12014 W unknown:ViewManagerPropertyUpdater: Could not find generated setter for class com.horcrux.svg.RenderableViewManager$ImageViewManager
09-11 14:22:38.613 11970 12014 W unknown:ViewManagerPropertyUpdater: Could not find generated setter for class com.horcrux.svg.RenderableViewManager$FeCompositeManager
09-11 14:22:38.616 11970 12014 W unknown:ViewManagerPropertyUpdater: Could not find generated setter for class com.facebook.react.views.image.ReactImageManager
09-11 14:22:38.620 11970 12014 W unknown:ViewManagerPropertyUpdater: Could not find generated setter for class com.horcrux.svg.RenderableViewManager$RadialGradientManager
09-11 14:22:38.622 11970 12014 W unknown:ViewManagerPropertyUpdater: Could not find generated setter for class com.horcrux.svg.RenderableViewManager$MaskManager
09-11 14:22:38.624 11970 12014 W unknown:ViewManagerPropertyUpdater: Could not find generated setter for class com.facebook.react.views.unimplementedview.ReactUnimplementedViewManager
09-11 14:22:38.626 11970 12014 W unknown:ViewManagerPropertyUpdater: Could not find generated setter for class com.horcrux.svg.RenderableViewManager$RectViewManager
09-11 14:22:38.629 11970 12014 W unknown:ViewManagerPropertyUpdater: Could not find generated setter for class com.horcrux.svg.RenderableViewManager$TextPathViewManager
09-11 14:22:38.632 11970 12014 W unknown:ViewManagerPropertyUpdater: Could not find generated setter for class com.facebook.react.views.scroll.ReactScrollViewManager
09-11 14:22:38.634 11970 12014 W unknown:ViewManagerPropertyUpdater: Could not find generated setter for class com.horcrux.svg.RenderableViewManager$FeOffsetManager
09-11 14:22:38.636 11970 12014 W unknown:ViewManagerPropertyUpdater: Could not find generated setter for class com.horcrux.svg.RenderableViewManager$PathViewManager
09-11 14:22:38.639 11970 12014 W unknown:ViewManagerPropertyUpdater: Could not find generated setter for class com.facebook.react.views.drawer.ReactDrawerLayoutManager
09-11 14:22:38.640 11970 12014 W unknown:ViewManagerPropertyUpdater: Could not find generated setter for class com.facebook.react.views.text.ReactVirtualTextViewManager
09-11 14:22:38.640 11970 12014 W unknown:ViewManagerPropertyUpdater: Could not find generated setter for class com.facebook.react.views.text.ReactVirtualTextShadowNode
09-11 14:22:38.643 11970 12014 W unknown:ViewManagerPropertyUpdater: Could not find generated setter for class com.facebook.react.views.swiperefresh.SwipeRefreshLayoutManager
09-11 14:22:38.644 11970 12014 W unknown:ViewManagerPropertyUpdater: Could not find generated setter for class com.facebook.react.views.text.ReactRawTextManager
09-11 14:22:38.644 11970 12014 W unknown:ViewManagerPropertyUpdater: Could not find generated setter for class com.facebook.react.views.text.ReactRawTextShadowNode
09-11 14:22:38.647 11970 12014 W unknown:ViewManagerPropertyUpdater: Could not find generated setter for class com.facebook.react.views.textinput.ReactTextInputManager
09-11 14:22:38.648 11970 12014 W unknown:ViewManagerPropertyUpdater: Could not find generated setter for class com.facebook.react.views.textinput.ReactTextInputShadowNode
09-11 14:22:38.673 11970 12014 E AVManager: Cannot install JSI bindings for AV module because JS context is not available
09-11 14:22:38.674 11970 12014 W BridgelessReactContext: [WARNING] Bridgeless doesn't support CatalystInstance. Accessing an API that's not part of the new architecture is not encouraged usage.
09-11 14:22:38.685 11970 12014 I ExpoModulesCore: ✅ JSI interop was installed
09-11 14:22:38.687 11970 12014 I ExpoModulesCore: ✅ Constants were exported
09-11 14:22:38.711 11970 12030 D TrafficStats: tagSocket(144) with statsTag=0xffffffff, statsUid=-1
09-11 14:22:39.146 11970 12014 I ReactNativeJS: Running "main" with {"rootTag":1,"initialProps":{},"fabric":true}
09-11 14:22:39.184 11970 12032 D TrafficStats: tagSocket(131) with statsTag=0xffffffff, statsUid=-1
09-11 14:22:39.254 11970 11970 W unknown:ViewManagerPropertyUpdater: Could not find generated setter for class com.facebook.react.uimanager.RootViewManager
09-11 14:22:39.407 11970 12015 W unknown:ReactNative: StatusBarModule: Ignored status bar change, current activity is edge-to-edge.
09-11 14:22:39.407 11970 12015 W unknown:ReactNative: StatusBarModule: Ignored status bar change, current activity is edge-to-edge.
09-11 14:22:39.429 11970 11978 W 82.zerohourgame: ApkAssets: Deleting an ApkAssets object '<empty> and /data/app/~~cY33gpKVCa3s2MXgnlEdLQ==/com.google.android.webview--Hm9NgyRpITiAg6Kzg1sDA==/WebViewGoogle.apk' with 2 weak references
09-11 14:22:39.453 11970 11970 W 82.zerohourgame: Accessing hidden field Landroid/widget/ScrollView;->mScroller:Landroid/widget/OverScroller; (unsupported, reflection, allowed)
09-11 14:22:39.505 11970 12015 W unknown:ReactNative: StatusBarModule: Ignored status bar change, current activity is edge-to-edge.
09-11 14:22:39.535 11970 12015 W unknown:ReactNative: StatusBarModule: Ignored status bar change, current activity is edge-to-edge.
09-11 14:22:39.554 11970 12034 D nativeloader: Load /data/app/~~BSe143CKmhC8xlpbqyzsfA==/com.jungih4982.zerohourgame-U1P9TSj4mYdAeHQ4QNtbIw==/base.apk!/lib/x86_64/libimagepipeline.so using ns clns-7 from class loader (caller=/data/app/~~BSe143CKmhC8xlpbqyzsfA==/com.jungih4982.zerohourgame-U1P9TSj4mYdAeHQ4QNtbIw==/base.apk): ok
09-11 14:22:39.637 11970 12040 D nativeloader: Load /data/app/~~BSe143CKmhC8xlpbqyzsfA==/com.jungih4982.zerohourgame-U1P9TSj4mYdAeHQ4QNtbIw==/base.apk!/lib/x86_64/libnative-filters.so using ns clns-7 from class loader (caller=/data/app/~~BSe143CKmhC8xlpbqyzsfA==/com.jungih4982.zerohourgame-U1P9TSj4mYdAeHQ4QNtbIw==/base.apk): ok
09-11 14:22:40.278 11970 11988 D EGL_emulation: app_time_stats: avg=129.26ms min=1.01ms max=4559.20ms count=39
09-11 14:22:40.279 11970 12043 D ProfileInstaller: Installing profile for com.jungih4982.zerohourgame
09-11 14:22:40.298 11970 12015 W unknown:ReactNative: StatusBarModule: Ignored status bar change, current activity is edge-to-edge.
09-11 14:22:41.290 11970 11988 D EGL_emulation: app_time_stats: avg=1.46ms min=1.02ms max=9.18ms count=61
09-11 14:22:42.306 11970 11988 D EGL_emulation: app_time_stats: avg=1.26ms min=0.97ms max=1.57ms count=61
09-11 14:22:43.307 11970 11988 D EGL_emulation: app_time_stats: avg=1.30ms min=1.07ms max=1.74ms count=60
09-11 14:22:44.323 11970 11988 D EGL_emulation: app_time_stats: avg=1.42ms min=1.05ms max=3.89ms count=61
09-11 14:22:45.326 11970 11988 D EGL_emulation: app_time_stats: avg=1.87ms min=1.10ms max=8.62ms count=59
09-11 14:22:46.339 11970 11988 D EGL_emulation: app_time_stats: avg=1.26ms min=1.02ms max=1.99ms count=62
09-11 14:22:47.340 11970 11988 D EGL_emulation: app_time_stats: avg=1.24ms min=1.03ms max=1.75ms count=60
09-11 14:22:48.340 11970 11988 D EGL_emulation: app_time_stats: avg=1.26ms min=1.00ms max=1.82ms count=60
09-11 14:22:49.356 11970 11988 D EGL_emulation: app_time_stats: avg=15.10ms min=1.16ms max=19.34ms count=60
09-11 14:22:50.378 11970 11988 D EGL_emulation: app_time_stats: avg=16.30ms min=14.00ms max=22.55ms count=61
09-11 14:22:51.389 11970 11988 D EGL_emulation: app_time_stats: avg=4.77ms min=1.03ms max=26.53ms count=61
09-11 14:22:52.389 11970 11988 D EGL_emulation: app_time_stats: avg=1.24ms min=1.00ms max=1.89ms count=60
09-11 14:22:53.390 11970 11988 D EGL_emulation: app_time_stats: avg=1.27ms min=1.02ms max=1.81ms count=60
09-11 14:22:54.406 11970 11988 D EGL_emulation: app_time_stats: avg=1.32ms min=1.00ms max=3.12ms count=61
09-11 14:22:55.423 11970 11988 D EGL_emulation: app_time_stats: avg=1.20ms min=1.00ms max=2.10ms count=61
09-11 14:22:56.440 11970 11988 D EGL_emulation: app_time_stats: avg=1.29ms min=1.05ms max=1.85ms count=61
09-11 14:22:57.442 11970 11988 D EGL_emulation: app_time_stats: avg=1.26ms min=1.02ms max=1.94ms count=60
09-11 14:22:58.456 11970 11988 D EGL_emulation: app_time_stats: avg=16.29ms min=13.29ms max=18.28ms count=60
09-11 14:22:59.471 11970 11988 D EGL_emulation: app_time_stats: avg=16.06ms min=12.51ms max=20.18ms count=61
09-11 14:23:00.471 11970 11988 D EGL_emulation: app_time_stats: avg=16.12ms min=12.70ms max=19.55ms count=60
09-11 14:23:01.472 11970 11988 D EGL_emulation: app_time_stats: avg=16.16ms min=13.17ms max=17.94ms count=60
09-11 14:23:02.472 11970 11988 D EGL_emulation: app_time_stats: avg=16.15ms min=12.86ms max=18.40ms count=60
09-11 14:23:03.489 11970 11988 D EGL_emulation: app_time_stats: avg=16.22ms min=13.32ms max=18.10ms count=61
09-11 14:23:04.505 11970 11988 D EGL_emulation: app_time_stats: avg=16.26ms min=13.10ms max=21.41ms count=61
09-11 14:23:05.522 11970 11988 D EGL_emulation: app_time_stats: avg=16.13ms min=13.92ms max=17.76ms count=61
09-11 14:23:06.538 11970 11988 D EGL_emulation: app_time_stats: avg=16.58ms min=14.40ms max=31.52ms count=60
09-11 14:23:07.539 11970 11988 D EGL_emulation: app_time_stats: avg=16.23ms min=12.31ms max=19.20ms count=60
09-11 14:23:08.555 11970 11988 D EGL_emulation: app_time_stats: avg=16.12ms min=12.42ms max=18.45ms count=61
09-11 14:23:09.556 11970 11988 D EGL_emulation: app_time_stats: avg=16.26ms min=12.69ms max=18.06ms count=60
09-11 14:23:10.572 11970 11988 D EGL_emulation: app_time_stats: avg=16.15ms min=12.84ms max=18.81ms count=61
09-11 14:23:11.587 11970 11988 D EGL_emulation: app_time_stats: avg=16.09ms min=13.93ms max=18.44ms count=61
09-11 14:23:12.588 11970 11988 D EGL_emulation: app_time_stats: avg=16.24ms min=14.75ms max=19.85ms count=60
09-11 14:23:13.589 11970 11988 D EGL_emulation: app_time_stats: avg=16.12ms min=14.03ms max=18.03ms count=60
09-11 14:23:14.590 11970 11988 D EGL_emulation: app_time_stats: avg=16.26ms min=12.06ms max=22.56ms count=60
09-11 14:23:15.606 11970 11988 D EGL_emulation: app_time_stats: avg=16.45ms min=13.36ms max=33.46ms count=60
09-11 14:23:16.608 11970 11988 D EGL_emulation: app_time_stats: avg=16.29ms min=14.23ms max=18.18ms count=60
09-11 14:23:17.621 11970 11988 D EGL_emulation: app_time_stats: avg=16.26ms min=13.80ms max=18.74ms count=61
09-11 14:23:18.623 11970 11988 D EGL_emulation: app_time_stats: avg=16.29ms min=13.63ms max=19.06ms count=60
09-11 14:23:19.640 11970 11988 D EGL_emulation: app_time_stats: avg=16.10ms min=12.58ms max=21.07ms count=61
09-11 14:23:20.656 11970 11988 D EGL_emulation: app_time_stats: avg=16.21ms min=13.91ms max=18.71ms count=61
09-11 14:23:21.671 11970 11988 D EGL_emulation: app_time_stats: avg=16.13ms min=13.52ms max=18.84ms count=61
09-11 14:23:22.688 11970 11988 D EGL_emulation: app_time_stats: avg=16.06ms min=14.17ms max=17.80ms count=61
09-11 14:23:23.690 11970 11988 D EGL_emulation: app_time_stats: avg=16.17ms min=13.35ms max=18.89ms count=60
09-11 14:23:24.706 11970 11988 D EGL_emulation: app_time_stats: avg=16.55ms min=13.74ms max=32.47ms count=60
09-11 14:23:25.723 11970 11988 D EGL_emulation: app_time_stats: avg=16.25ms min=14.48ms max=18.38ms count=61
09-11 14:23:26.739 11970 11988 D EGL_emulation: app_time_stats: avg=16.23ms min=13.67ms max=17.97ms count=61
09-11 14:23:27.755 11970 11988 D EGL_emulation: app_time_stats: avg=16.16ms min=13.24ms max=18.29ms count=61
09-11 14:23:28.771 11970 11988 D EGL_emulation: app_time_stats: avg=16.15ms min=13.87ms max=19.20ms count=61
09-11 14:23:29.771 11970 11988 D EGL_emulation: app_time_stats: avg=16.24ms min=13.49ms max=18.85ms count=60
09-11 14:23:30.772 11970 11988 D EGL_emulation: app_time_stats: avg=16.19ms min=12.81ms max=18.88ms count=60
09-11 14:23:31.772 11970 11988 D EGL_emulation: app_time_stats: avg=16.18ms min=13.57ms max=18.89ms count=60
09-11 14:23:32.788 11970 11988 D EGL_emulation: app_time_stats: avg=16.28ms min=13.28ms max=19.78ms count=61
09-11 14:23:33.789 11970 11988 D EGL_emulation: app_time_stats: avg=16.40ms min=14.19ms max=34.28ms count=59
09-11 14:23:34.805 11970 11988 D EGL_emulation: app_time_stats: avg=16.20ms min=12.68ms max=20.23ms count=61
09-11 14:23:35.806 11970 11988 D EGL_emulation: app_time_stats: avg=16.15ms min=14.38ms max=18.51ms count=60
09-11 14:23:36.822 11970 11988 D EGL_emulation: app_time_stats: avg=16.05ms min=13.64ms max=18.10ms count=61
09-11 14:23:37.839 11970 11988 D EGL_emulation: app_time_stats: avg=16.17ms min=14.06ms max=18.33ms count=61
09-11 14:23:38.839 11970 11988 D EGL_emulation: app_time_stats: avg=16.13ms min=13.97ms max=18.26ms count=60
09-11 14:23:39.840 11970 11988 D EGL_emulation: app_time_stats: avg=16.10ms min=13.04ms max=18.81ms count=60
09-11 14:23:40.840 11970 11988 D EGL_emulation: app_time_stats: avg=16.14ms min=12.82ms max=18.05ms count=60
09-11 14:23:41.856 11970 11988 D EGL_emulation: app_time_stats: avg=16.12ms min=13.96ms max=18.41ms count=61
09-11 14:23:42.856 11970 11988 D EGL_emulation: app_time_stats: avg=16.55ms min=14.11ms max=33.62ms count=59
09-11 14:23:43.859 11970 11988 D EGL_emulation: app_time_stats: avg=16.39ms min=11.41ms max=19.98ms count=60
09-11 14:23:44.872 11970 11988 D EGL_emulation: app_time_stats: avg=16.13ms min=11.61ms max=19.59ms count=61
09-11 14:23:45.872 11970 11988 D EGL_emulation: app_time_stats: avg=16.34ms min=12.95ms max=20.39ms count=60
09-11 14:23:46.888 11970 11988 D EGL_emulation: app_time_stats: avg=16.21ms min=13.58ms max=18.84ms count=61
09-11 14:23:47.889 11970 11988 D EGL_emulation: app_time_stats: avg=16.26ms min=12.37ms max=18.74ms count=60
09-11 14:23:48.906 11970 11988 D EGL_emulation: app_time_stats: avg=16.24ms min=14.17ms max=18.32ms count=61
09-11 14:23:49.922 11970 11988 D EGL_emulation: app_time_stats: avg=16.16ms min=13.03ms max=18.81ms count=61
09-11 14:23:50.939 11970 11988 D EGL_emulation: app_time_stats: avg=16.20ms min=11.77ms max=18.92ms count=61
09-11 14:23:51.959 11970 11988 D EGL_emulation: app_time_stats: avg=16.53ms min=14.10ms max=30.82ms count=60
09-11 14:23:52.973 11970 11988 D EGL_emulation: app_time_stats: avg=16.09ms min=13.27ms max=19.38ms count=61
09-11 14:23:53.988 11970 11988 D EGL_emulation: app_time_stats: avg=16.18ms min=13.28ms max=18.91ms count=61
09-11 14:23:54.992 11970 11988 D EGL_emulation: app_time_stats: avg=14.96ms min=1.05ms max=237.53ms count=47
09-11 14:23:56.006 11970 11988 D EGL_emulation: app_time_stats: avg=1.56ms min=0.95ms max=15.24ms count=60
09-11 14:23:57.008 11970 11988 D EGL_emulation: app_time_stats: avg=1.22ms min=0.99ms max=1.65ms count=60
09-11 14:23:58.023 11970 11988 D EGL_emulation: app_time_stats: avg=1.22ms min=0.97ms max=1.63ms count=61
09-11 14:23:59.023 11970 11988 D EGL_emulation: app_time_stats: avg=1.21ms min=0.98ms max=1.77ms count=60
09-11 14:24:00.023 11970 11988 D EGL_emulation: app_time_stats: avg=1.20ms min=0.84ms max=2.02ms count=60
09-11 14:24:01.039 11970 11988 D EGL_emulation: app_time_stats: avg=0.97ms min=0.84ms max=1.38ms count=61
09-11 14:24:02.040 11970 11988 D EGL_emulation: app_time_stats: avg=0.99ms min=0.83ms max=1.41ms count=60
09-11 14:24:03.056 11970 11988 D EGL_emulation: app_time_stats: avg=0.99ms min=0.82ms max=1.59ms count=61
09-11 14:24:04.056 11970 11988 D EGL_emulation: app_time_stats: avg=1.10ms min=0.83ms max=2.85ms count=60
09-11 14:24:05.072 11970 11988 D EGL_emulation: app_time_stats: avg=1.00ms min=0.85ms max=1.67ms count=61
09-11 14:24:06.073 11970 11988 D EGL_emulation: app_time_stats: avg=1.01ms min=0.84ms max=2.38ms count=60
09-11 14:24:07.090 11970 11988 D EGL_emulation: app_time_stats: avg=0.97ms min=0.83ms max=1.70ms count=61
09-11 14:24:08.105 11970 11988 D EGL_emulation: app_time_stats: avg=1.11ms min=0.87ms max=1.73ms count=61
09-11 14:24:09.106 11970 11988 D EGL_emulation: app_time_stats: avg=0.98ms min=0.83ms max=1.48ms count=60
09-11 14:24:10.122 11970 11988 D EGL_emulation: app_time_stats: avg=9.15ms min=0.85ms max=17.97ms count=60
09-11 14:24:11.137 11970 11988 D EGL_emulation: app_time_stats: avg=16.10ms min=14.58ms max=18.21ms count=61
09-11 14:24:12.138 11970 11988 D EGL_emulation: app_time_stats: avg=16.31ms min=14.25ms max=19.04ms count=60
09-11 14:24:13.141 11970 11988 D EGL_emulation: app_time_stats: avg=16.53ms min=14.42ms max=19.59ms count=60
09-11 14:24:14.155 11970 11988 D EGL_emulation: app_time_stats: avg=16.36ms min=14.40ms max=18.61ms count=61
09-11 14:24:15.157 11970 11988 D EGL_emulation: app_time_stats: avg=16.40ms min=13.27ms max=19.01ms count=60
09-11 14:24:16.174 11970 11988 D EGL_emulation: app_time_stats: avg=16.58ms min=15.17ms max=18.60ms count=61
09-11 14:24:17.190 11970 11988 D EGL_emulation: app_time_stats: avg=16.62ms min=14.29ms max=18.39ms count=61
09-11 14:24:18.206 11970 11988 D EGL_emulation: app_time_stats: avg=16.47ms min=14.32ms max=20.19ms count=61
09-11 14:24:19.206 11970 11988 D EGL_emulation: app_time_stats: avg=16.92ms min=14.85ms max=30.14ms count=59
09-11 14:24:20.206 11970 11988 D EGL_emulation: app_time_stats: avg=16.62ms min=14.72ms max=18.44ms count=60
09-11 14:24:21.221 11970 11988 D EGL_emulation: app_time_stats: avg=16.24ms min=14.39ms max=17.95ms count=61
09-11 14:24:22.222 11970 11988 D EGL_emulation: app_time_stats: avg=16.37ms min=14.54ms max=18.24ms count=60
09-11 14:24:23.224 11970 11988 D EGL_emulation: app_time_stats: avg=16.24ms min=13.90ms max=18.23ms count=60
09-11 14:24:24.238 11970 11988 D EGL_emulation: app_time_stats: avg=16.27ms min=13.08ms max=18.47ms count=61
09-11 14:24:25.238 11970 11988 D EGL_emulation: app_time_stats: avg=16.24ms min=14.01ms max=18.27ms count=60
09-11 14:24:26.239 11970 11988 D EGL_emulation: app_time_stats: avg=16.38ms min=14.46ms max=18.32ms count=60
09-11 14:24:27.255 11970 11988 D EGL_emulation: app_time_stats: avg=16.26ms min=13.67ms max=19.06ms count=61
09-11 14:24:28.272 11970 11988 D EGL_emulation: app_time_stats: avg=16.51ms min=14.20ms max=31.98ms count=60
09-11 14:24:29.288 11970 11988 D EGL_emulation: app_time_stats: avg=16.22ms min=14.56ms max=18.16ms count=61
09-11 14:24:30.288 11970 11988 D EGL_emulation: app_time_stats: avg=16.20ms min=14.53ms max=18.00ms count=60
09-11 14:24:31.289 11970 11988 D EGL_emulation: app_time_stats: avg=16.21ms min=14.59ms max=17.68ms count=60
09-11 14:24:32.289 11970 11988 D EGL_emulation: app_time_stats: avg=16.52ms min=15.11ms max=18.45ms count=60
09-11 14:24:33.305 11970 11988 D EGL_emulation: app_time_stats: avg=16.25ms min=14.20ms max=17.63ms count=61
09-11 14:24:34.321 11970 11988 D EGL_emulation: app_time_stats: avg=16.25ms min=12.01ms max=19.61ms count=61
09-11 14:24:35.323 11970 11988 D EGL_emulation: app_time_stats: avg=16.45ms min=14.61ms max=18.13ms count=60
09-11 14:24:36.324 11970 11988 D EGL_emulation: app_time_stats: avg=16.65ms min=14.65ms max=18.95ms count=60
09-11 14:24:37.339 11970 11988 D EGL_emulation: app_time_stats: avg=16.49ms min=13.83ms max=32.19ms count=60
09-11 14:24:38.339 11970 11988 D EGL_emulation: app_time_stats: avg=16.27ms min=14.53ms max=18.67ms count=60
09-11 14:24:39.355 11970 11988 D EGL_emulation: app_time_stats: avg=16.23ms min=13.43ms max=18.90ms count=61
09-11 14:24:40.371 11970 11988 D EGL_emulation: app_time_stats: avg=16.20ms min=10.04ms max=19.20ms count=61
09-11 14:24:41.388 11970 11988 D EGL_emulation: app_time_stats: avg=16.17ms min=14.33ms max=17.96ms count=61
09-11 14:24:42.389 11970 11988 D EGL_emulation: app_time_stats: avg=16.35ms min=15.12ms max=17.65ms count=60
09-11 14:24:43.406 11970 11988 D EGL_emulation: app_time_stats: avg=16.49ms min=14.45ms max=18.03ms count=61
09-11 14:24:44.421 11970 11988 D EGL_emulation: app_time_stats: avg=16.05ms min=14.63ms max=18.71ms count=61
09-11 14:24:45.421 11970 11988 D EGL_emulation: app_time_stats: avg=16.27ms min=12.17ms max=19.73ms count=60
09-11 14:24:46.439 11970 11988 D EGL_emulation: app_time_stats: avg=16.33ms min=14.43ms max=31.90ms count=60
09-11 14:24:47.454 11970 11988 D EGL_emulation: app_time_stats: avg=16.24ms min=14.04ms max=18.37ms count=61
09-11 14:24:48.455 11970 11988 D EGL_emulation: app_time_stats: avg=16.36ms min=13.75ms max=18.59ms count=60
09-11 14:24:49.470 11970 11988 D EGL_emulation: app_time_stats: avg=16.14ms min=14.33ms max=18.06ms count=61
09-11 14:24:50.473 11970 11988 D EGL_emulation: app_time_stats: avg=16.30ms min=13.74ms max=18.42ms count=60
09-11 14:24:51.489 11970 11988 D EGL_emulation: app_time_stats: avg=16.24ms min=14.57ms max=18.71ms count=61
09-11 14:24:52.505 11970 11988 D EGL_emulation: app_time_stats: avg=16.27ms min=14.08ms max=18.57ms count=61
09-11 14:24:53.506 11970 11988 D EGL_emulation: app_time_stats: avg=16.32ms min=14.08ms max=18.48ms count=60
09-11 14:24:54.522 11970 11988 D EGL_emulation: app_time_stats: avg=16.35ms min=13.28ms max=20.75ms count=61
09-11 14:24:55.523 11970 11988 D EGL_emulation: app_time_stats: avg=16.51ms min=14.05ms max=30.81ms count=59
09-11 14:24:56.524 11970 11988 D EGL_emulation: app_time_stats: avg=16.38ms min=13.20ms max=19.11ms count=60
09-11 14:24:57.537 11970 11988 D EGL_emulation: app_time_stats: avg=16.17ms min=14.06ms max=18.41ms count=61
09-11 14:24:58.539 11970 11988 D EGL_emulation: app_time_stats: avg=16.24ms min=14.11ms max=18.66ms count=60
09-11 14:24:59.556 11970 11988 D EGL_emulation: app_time_stats: avg=16.21ms min=12.42ms max=18.82ms count=61
09-11 14:25:00.572 11970 11988 D EGL_emulation: app_time_stats: avg=16.12ms min=13.96ms max=18.26ms count=61
09-11 14:25:01.572 11970 11988 D EGL_emulation: app_time_stats: avg=16.25ms min=13.91ms max=18.34ms count=60
09-11 14:25:02.572 11970 11988 D EGL_emulation: app_time_stats: avg=16.40ms min=14.15ms max=19.29ms count=60
09-11 14:25:03.589 11970 11988 D EGL_emulation: app_time_stats: avg=15.67ms min=12.16ms max=19.09ms count=61
09-11 14:25:04.605 11970 11988 D EGL_emulation: app_time_stats: avg=15.84ms min=11.44ms max=30.36ms count=60
09-11 14:25:05.622 11970 11988 D EGL_emulation: app_time_stats: avg=15.65ms min=12.40ms max=20.47ms count=61
09-11 14:25:06.623 11970 11988 D EGL_emulation: app_time_stats: avg=15.52ms min=12.46ms max=19.33ms count=60
09-11 14:25:07.638 11970 11988 D EGL_emulation: app_time_stats: avg=15.64ms min=13.13ms max=19.38ms count=61
09-11 14:25:08.640 11970 11988 D EGL_emulation: app_time_stats: avg=15.68ms min=12.79ms max=19.50ms count=60
09-11 14:25:09.655 11970 11988 D EGL_emulation: app_time_stats: avg=15.74ms min=13.20ms max=18.66ms count=61
09-11 14:25:10.671 11970 11988 D EGL_emulation: app_time_stats: avg=15.79ms min=13.05ms max=19.85ms count=61
09-11 14:25:11.674 11970 11988 D EGL_emulation: app_time_stats: avg=15.73ms min=12.61ms max=18.93ms count=60
09-11 14:25:12.688 11970 11988 D EGL_emulation: app_time_stats: avg=15.76ms min=12.85ms max=19.68ms count=61
09-11 14:25:13.704 11970 11988 D EGL_emulation: app_time_stats: avg=16.47ms min=14.62ms max=32.78ms count=60
09-11 14:25:14.705 11970 11988 D EGL_emulation: app_time_stats: avg=16.23ms min=12.53ms max=23.49ms count=60
09-11 14:25:15.845 11970 11988 D EGL_emulation: app_time_stats: avg=27.51ms min=14.58ms max=472.50ms count=41
09-11 14:25:16.566 11970 12015 W unknown:ReactNative: StatusBarModule: Ignored status bar change, current activity is edge-to-edge.
09-11 14:25:29.741 11970 11988 D EGL_emulation: app_time_stats: avg=701.86ms min=1.36ms max=13079.49ms count=19
09-11 14:25:29.789 11970 12015 W unknown:ReactNative: StatusBarModule: Ignored status bar change, current activity is edge-to-edge.
09-11 14:25:29.817 11970 12015 W unknown:ReactNative: StatusBarModule: Ignored status bar change, current activity is edge-to-edge.
09-11 14:25:30.197 11970 12015 W unknown:ReactNative: StatusBarModule: Ignored status bar change, current activity is edge-to-edge.
09-11 14:25:30.756 11970 11988 D EGL_emulation: app_time_stats: avg=12.15ms min=1.09ms max=85.34ms count=57
09-11 14:25:31.448 11970 12015 W unknown:ReactNative: StatusBarModule: Ignored status bar change, current activity is edge-to-edge.
09-11 14:25:31.524 11970 12015 W unknown:ReactNative: StatusBarModule: Ignored status bar change, current activity is edge-to-edge.
09-11 14:26:12.124 11970 11988 D EGL_emulation: app_time_stats: avg=961.96ms min=12.64ms max=40583.33ms count=43
09-11 14:26:12.141 11970 12015 W unknown:ReactNative: StatusBarModule: Ignored status bar change, current activity is edge-to-edge.
09-11 14:26:35.971 11970 11988 D EGL_emulation: app_time_stats: avg=11923.75ms min=31.94ms max=23815.57ms count=2
09-11 14:26:35.986 11970 12015 W unknown:ReactNative: StatusBarModule: Ignored status bar change, current activity is edge-to-edge.
09-11 14:26:36.005 11970 12015 W unknown:ReactNative: StatusBarModule: Ignored status bar change, current activity is edge-to-edge.
09-11 14:26:36.121 11970 12015 W unknown:ReactNative: StatusBarModule: Ignored status bar change, current activity is edge-to-edge.
09-11 14:26:36.135 11970 12015 W unknown:ReactNative: StatusBarModule: Ignored status bar change, current activity is edge-to-edge.
09-11 14:26:36.264 11970 12015 W unknown:ReactNative: StatusBarModule: Ignored status bar change, current activity is edge-to-edge.
09-11 14:26:36.291 11970 12015 W unknown:ReactNative: StatusBarModule: Ignored status bar change, current activity is edge-to-edge.
09-11 14:26:36.405 11970 12015 W unknown:ReactNative: StatusBarModule: Ignored status bar change, current activity is edge-to-edge.
09-11 14:26:36.426 11970 12015 W unknown:ReactNative: StatusBarModule: Ignored status bar change, current activity is edge-to-edge.
09-11 14:26:36.541 11970 12015 W unknown:ReactNative: StatusBarModule: Ignored status bar change, current activity is edge-to-edge.
09-11 14:26:36.564 11970 12015 W unknown:ReactNative: StatusBarModule: Ignored status bar change, current activity is edge-to-edge.
09-11 14:26:36.673 11970 12015 W unknown:ReactNative: StatusBarModule: Ignored status bar change, current activity is edge-to-edge.
09-11 14:26:36.696 11970 12015 W unknown:ReactNative: StatusBarModule: Ignored status bar change, current activity is edge-to-edge.
09-11 14:26:36.823 11970 12015 W unknown:ReactNative: StatusBarModule: Ignored status bar change, current activity is edge-to-edge.
09-11 14:26:36.845 11970 12015 W unknown:ReactNative: StatusBarModule: Ignored status bar change, current activity is edge-to-edge.
09-11 14:26:36.959 11970 12015 W unknown:ReactNative: StatusBarModule: Ignored status bar change, current activity is edge-to-edge.
09-11 14:26:36.972 11970 11988 D EGL_emulation: app_time_stats: avg=20.65ms min=11.59ms max=136.06ms count=48
09-11 14:26:36.980 11970 12015 W unknown:ReactNative: StatusBarModule: Ignored status bar change, current activity is edge-to-edge.
09-11 14:26:37.092 11970 12015 W unknown:ReactNative: StatusBarModule: Ignored status bar change, current activity is edge-to-edge.
09-11 14:26:37.117 11970 12015 W unknown:ReactNative: StatusBarModule: Ignored status bar change, current activity is edge-to-edge.
09-11 14:26:37.240 11970 12015 W unknown:ReactNative: StatusBarModule: Ignored status bar change, current activity is edge-to-edge.
09-11 14:26:37.264 11970 12015 W unknown:ReactNative: StatusBarModule: Ignored status bar change, current activity is edge-to-edge.
09-11 14:26:37.375 11970 12015 W unknown:ReactNative: StatusBarModule: Ignored status bar change, current activity is edge-to-edge.
09-11 14:26:37.399 11970 12015 W unknown:ReactNative: StatusBarModule: Ignored status bar change, current activity is edge-to-edge.
09-11 14:26:37.512 11970 12015 W unknown:ReactNative: StatusBarModule: Ignored status bar change, current activity is edge-to-edge.
09-11 14:26:37.531 11970 12015 W unknown:ReactNative: StatusBarModule: Ignored status bar change, current activity is edge-to-edge.
09-11 14:26:37.658 11970 12015 W unknown:ReactNative: StatusBarModule: Ignored status bar change, current activity is edge-to-edge.
09-11 14:26:37.677 11970 12015 W unknown:ReactNative: StatusBarModule: Ignored status bar change, current activity is edge-to-edge.
09-11 14:26:37.793 11970 12015 W unknown:ReactNative: StatusBarModule: Ignored status bar change, current activity is edge-to-edge.
09-11 14:26:37.812 11970 12015 W unknown:ReactNative: StatusBarModule: Ignored status bar change, current activity is edge-to-edge.
09-11 14:26:37.923 11970 12015 W unknown:ReactNative: StatusBarModule: Ignored status bar change, current activity is edge-to-edge.
09-11 14:26:37.943 11970 12015 W unknown:ReactNative: StatusBarModule: Ignored status bar change, current activity is edge-to-edge.
09-11 14:26:37.972 11970 11988 D EGL_emulation: app_time_stats: avg=18.00ms min=11.40ms max=65.53ms count=55
09-11 14:26:38.076 11970 12015 W unknown:ReactNative: StatusBarModule: Ignored status bar change, current activity is edge-to-edge.
09-11 14:26:38.099 11970 12015 W unknown:ReactNative: StatusBarModule: Ignored status bar change, current activity is edge-to-edge.
